10.10.0.25 - - [25/Jun/2021:05:38:16 +0000] "GET / HTTP/1.1" 302 5 "-" "ELB-HealthChecker/2.0"
2.31.143.53 - - [25/Jun/2021:05:38:18 +0000] "POST /crpts/assessments/cfa/cfaS4yyT6/ctvYJ7SzKzhD5/jryQnbWEsS HTTP/1.1" 302 5 "https://crpt.crucibleapp.com/crpts/assessments/cfa/cfaS4yyT6/ctvYJ7SzKzhD5/jryQnbWEsS" "Mozilla/5.0 (iPhone; CPU iPhone OS 14_6 like Mac OS X) AppleWebKit/605.1.15 (KHTML, like Gecko) Version/14.1.1 Mobile/15E148 Safari/604.1"
10.10.0.238 - - [25/Jun/2021:05:38:19 +0000] "GET / HTTP/1.1" 302 5 "-" "ELB-HealthChecker/2.0"
10.10.10.65 - - [25/Jun/2021:05:38:22 +0000] "GET / HTTP/1.1" 302 5 "-" "ELB-HealthChecker/2.0"
10.10.40.22 - - [25/Jun/2021:05:38:24 +0000] "GET / HTTP/1.1" 302 5 "-" "ELB-HealthChecker/2.0"
2.31.143.53 - - [25/Jun/2021:05:38:28 +0000] "POST /crpts/assessments/cfa/cfaS4yyT6/ctvYJ7SzKzhD5/jryQnbWEsS HTTP/1.1" 302 5 "https://crpt.crucibleapp.com/crpts/assessments/cfa/cfaS4yyT6/ctvYJ7SzKzhD5/jryQnbWEsS" "Mozilla/5.0 (iPhone; CPU iPhone OS 14_6 like Mac OS X) AppleWebKit/605.1.15 (KHTML, like Gecko) Version/14.1.1 Mobile/15E148 Safari/604.1"
88.98.48.161 - - [25/Jun/2021:05:38:29 +0000] "GET / HTTP/1.1" 302 5 "-" "Zabbix"
10.10.0.25 - - [25/Jun/2021:05:38:31 +0000] "GET / HTTP/1.1" 302 5 "-" "ELB-HealthChecker/2.0"
10.10.0.238 - - [25/Jun/2021:05:38:34 +0000] "GET / HTTP/1.1" 302 5 "-" "ELB-HealthChecker/2.0"
2.31.143.53 - - [25/Jun/2021:05:38:37 +0000] "GET /crpts/assessments/cfa/cfaS4yyT6/ctvYJ7SzKzhD5/jryQnbWEsS HTTP/1.1" 200 3715 "https://crpt.crucibleapp.com/crpts/assessments/cfa/cfaS4yyT6/ctvYJ7SzKzhD5/jryQnbWEsS" "Mozilla/5.0 (iPhone; CPU iPhone OS 14_6 like Mac OS X) AppleWebKit/605.1.15 (KHTML, like Gecko) Version/14.1.1 Mobile/15E148 Safari/604.1"
10.10.10.65 - - [25/Jun/2021:05:38:37 +0000] "GET / HTTP/1.1" 302 5 "-" "ELB-HealthChecker/2.0"
10.10.40.22 - - [25/Jun/2021:05:38:39 +0000] "GET / HTTP/1.1" 302 5 "-" "ELB-HealthChecker/2.0"
2.31.143.53 - - [25/Jun/2021:05:38:40 +0000] "POST /crpts/assessments/cfa/cfaS4yyT6/ctvYJ7SzKzhD5/jryQnbWEsS HTTP/1.1" 302 5 "https://crpt.crucibleapp.com/crpts/assessments/cfa/cfaS4yyT6/ctvYJ7SzKzhD5/jryQnbWEsS" "Mozilla/5.0 (iPhone; CPU iPhone OS 14_6 like Mac OS X) AppleWebKit/605.1.15 (KHTML, like Gecko) Version/14.1.1 Mobile/15E148 Safari/604.1"
176.251.165.45 - - [25/Jun/2021:05:38:40 +0000] "GET /crpts/assessments/cfa/cfaS4yyT6/tkactQKDt7xq3/jryQnbWEsS HTTP/1.1" 200 3763 "https://crpt.crucibleapp.com/crpts/assessments/cfa/cfaS4yyT6/tkactQKDt7xq3/jryQnbWEsS" "Mozilla/5.0 (Linux; Android 11; SAMSUNG SM-G996B) AppleWebKit/537.36 (KHTML, like Gecko) SamsungBrowser/14.0 Chrome/87.0.4280.141 Mobile Safari/537.36"
10.10.0.25 - - [25/Jun/2021:05:38:46 +0000] "GET / HTTP/1.1" 302 5 "-" "ELB-HealthChecker/2.0"
2.31.143.53 - - [25/Jun/2021:05:38:48 +0000] "POST /crpts/assessments/cfa/cfaS4yyT6/ctvYJ7SzKzhD5/jryQnbWEsS HTTP/1.1" 302 5 "https://crpt.crucibleapp.com/crpts/assessments/cfa/cfaS4yyT6/ctvYJ7SzKzhD5/jryQnbWEsS" "Mozilla/5.0 (iPhone; CPU iPhone OS 14_6 like Mac OS X) AppleWebKit/605.1.15 (KHTML, like Gecko) Version/14.1.1 Mobile/15E148 Safari/604.1"
10.10.0.238 - - [25/Jun/2021:05:38:49 +0000] "GET / HTTP/1.1" 302 5 "-" "ELB-HealthChecker/2.0"
2.31.143.53 - - [25/Jun/2021:05:38:51 +0000] "GET /crpts/assessments/cfa/cfaS4yyT6/ctvYJ7SzKzhD5/jryQnbWEsS HTTP/1.1" 200 3730 "https://crpt.crucibleapp.com/crpts/assessments/cfa/cfaS4yyT6/ctvYJ7SzKzhD5/jryQnbWEsS" "Mozilla/5.0 (iPhone; CPU iPhone OS 14_6 like Mac OS X) AppleWebKit/605.1.15 (KHTML, like Gecko) Version/14.1.1 Mobile/15E148 Safari/604.1"
10.10.10.65 - - [25/Jun/2021:05:38:52 +0000] "GET / HTTP/1.1" 302 5 "-" "ELB-HealthChecker/2.0"
10.10.40.22 - - [25/Jun/2021:05:38:54 +0000] "GET / HTTP/1.1" 302 5 "-" "ELB-HealthChecker/2.0"
3.250.6.52 - - [25/Jun/2021:05:38:54 +0000] "GET /ats/apis/assessmentRequestConsole HTTP/1.1" 401 112 "-" "Mozilla/5.0 (Windows NT 10.0; Win64; x64) AppleWebKit/537.36 (KHTML, like Gecko) Chrome/89.0.4389.82 Safari/537.36 - Virtuoso - spotqa.com/virtuoso - If this request is unexpected or unwelcome, please contact abuse@spotqa.com"
3.250.6.52 - - [25/Jun/2021:05:38:54 +0000] "GET /js/api-custom.js HTTP/1.1" 200 315 "https://crpt.crucibleapp.com/ats/apis/assessmentRequestConsole" "Mozilla/5.0 (Windows NT 10.0; Win64; x64) AppleWebKit/537.36 (KHTML, like Gecko) Chrome/89.0.4389.82 Safari/537.36 - Virtuoso - spotqa.com/virtuoso - If this request is unexpected or unwelcome, please contact abuse@spotqa.com"
54.194.137.243 - - [25/Jun/2021:05:38:55 +0000] "GET /css/api/custom.css HTTP/1.1" 200 861 "https://crpt.crucibleapp.com/ats/apis/assessmentRequestConsole" "Mozilla/5.0 (Windows NT 10.0; Win64; x64) AppleWebKit/537.36 (KHTML, like Gecko) Chrome/89.0.4389.82 Safari/537.36 - Virtuoso - spotqa.com/virtuoso - If this request is unexpected or unwelcome, please contact abuse@spotqa.com"
54.194.137.243 - - [25/Jun/2021:05:38:55 +0000] "GET /js/api-custom.js HTTP/1.1" 200 315 "https://crpt.crucibleapp.com/ats/apis/assessmentRequestConsole" "Mozilla/5.0 (Windows NT 10.0; Win64; x64) AppleWebKit/537.36 (KHTML, like Gecko) Chrome/89.0.4389.82 Safari/537.36 - Virtuoso - spotqa.com/virtuoso - If this request is unexpected or unwelcome, please contact abuse@spotqa.com"
68.227.124.104 - - [25/Jun/2021:05:38:56 +0000] "GET /crpts/assessments/cfa/cfalA3rL7/GJuuQSh7hEXe5/jr7pVpOqlH HTTP/1.1" 200 8580 "https://crpt.crucibleapp.com/crpts/assessments/cfa/cfalA3rL7/GJuuQSh7hEXe5/jr7pVpOqlH" "Mozilla/5.0 (Macintosh; Intel Mac OS X 10_13_6) AppleWebKit/605.1.15 (KHTML, like Gecko) Version/12.0.3 Safari/605.1.15"
18.203.252.200 - crucible [25/Jun/2021:05:38:56 +0000] "GET /ats/apis/assessmentRequestConsole HTTP/1.1" 200 1882 "-" "Mozilla/5.0 (Windows NT 10.0; Win64; x64) AppleWebKit/537.36 (KHTML, like Gecko) Chrome/89.0.4389.82 Safari/537.36 - Virtuoso - spotqa.com/virtuoso - If this request is unexpected or unwelcome, please contact abuse@spotqa.com"
18.203.252.200 - - [25/Jun/2021:05:38:56 +0000] "GET /js/jquery.qtip-1.0.0-rc3.min.js HTTP/1.1" 200 10935 "https://crpt.crucibleapp.com/ats/apis/assessmentRequestConsole" "Mozilla/5.0 (Windows NT 10.0; Win64; x64) AppleWebKit/537.36 (KHTML, like Gecko) Chrome/89.0.4389.82 Safari/537.36 - Virtuoso - spotqa.com/virtuoso - If this request is unexpected or unwelcome, please contact abuse@spotqa.com"
34.244.86.3 - - [25/Jun/2021:05:38:57 +0000] "GET /css/api/custom.css HTTP/1.1" 200 861 "https://crpt.crucibleapp.com/ats/apis/assessmentRequestConsole" "Mozilla/5.0 (Windows NT 10.0; Win64; x64) AppleWebKit/537.36 (KHTML, like Gecko) Chrome/89.0.4389.82 Safari/537.36 - Virtuoso - spotqa.com/virtuoso - If this request is unexpected or unwelcome, please contact abuse@spotqa.com"
34.244.86.3 - - [25/Jun/2021:05:38:57 +0000] "GET /js/api-custom.js HTTP/1.1" 200 315 "https://crpt.crucibleapp.com/ats/apis/assessmentRequestConsole" "Mozilla/5.0 (Windows NT 10.0; Win64; x64) AppleWebKit/537.36 (KHTML, like Gecko) Chrome/89.0.4389.82 Safari/537.36 - Virtuoso - spotqa.com/virtuoso - If this request is unexpected or unwelcome, please contact abuse@spotqa.com"
34.244.195.233 - - [25/Jun/2021:05:38:59 +0000] "GET /css/api/custom.css HTTP/1.1" 200 861 "https://crpt.crucibleapp.com/ats/apis/assessmentRequestConsole" "Mozilla/5.0 (Windows NT 10.0; Win64; x64) AppleWebKit/537.36 (KHTML, like Gecko) Chrome/89.0.4389.82 Safari/537.36 - Virtuoso - spotqa.com/virtuoso - If this request is unexpected or unwelcome, please contact abuse@spotqa.com"
34.244.195.233 - - [25/Jun/2021:05:38:59 +0000] "GET /js/api-custom.js HTTP/1.1" 200 315 "https://crpt.crucibleapp.com/ats/apis/assessmentRequestConsole" "Mozilla/5.0 (Windows NT 10.0; Win64; x64) AppleWebKit/537.36 (KHTML, like Gecko) Chrome/89.0.4389.82 Safari/537.36 - Virtuoso - spotqa.com/virtuoso - If this request is unexpected or unwelcome, please contact abuse@spotqa.com"
34.254.222.39 - - [25/Jun/2021:05:38:59 +0000] "GET /ats/apis/assessmentRequestConsole HTTP/1.1" 401 112 "-" "Mozilla/5.0 (Windows NT 10.0; Win64; x64) AppleWebKit/537.36 (KHTML, like Gecko) Chrome/89.0.4389.82 Safari/537.36 - Virtuoso - spotqa.com/virtuoso - If this request is unexpected or unwelcome, please contact abuse@spotqa.com"
34.254.222.39 - - [25/Jun/2021:05:38:59 +0000] "GET /js/jquery-1.8.3.js HTTP/1.1" 200 92150 "https://crpt.crucibleapp.com/ats/apis/assessmentRequestConsole" "Mozilla/5.0 (Windows NT 10.0; Win64; x64) AppleWebKit/537.36 (KHTML, like Gecko) Chrome/89.0.4389.82 Safari/537.36 - Virtuoso - spotqa.com/virtuoso - If this request is unexpected or unwelcome, please contact abuse@spotqa.com"
10.10.0.25 - - [25/Jun/2021:05:39:01 +0000] "GET / HTTP/1.1" 302 5 "-" "ELB-HealthChecker/2.0"
52.50.189.105 - - [25/Jun/2021:05:39:01 +0000] "GET /css/api/custom.css HTTP/1.1" 200 861 "https://crpt.crucibleapp.com/ats/apis/assessmentRequestConsole" "Mozilla/5.0 (Windows NT 10.0; Win64; x64) AppleWebKit/537.36 (KHTML, like Gecko) Chrome/89.0.4389.82 Safari/537.36 - Virtuoso - spotqa.com/virtuoso - If this request is unexpected or unwelcome, please contact abuse@spotqa.com"
52.50.189.105 - - [25/Jun/2021:05:39:01 +0000] "GET /js/api-custom.js HTTP/1.1" 200 315 "https://crpt.crucibleapp.com/ats/apis/assessmentRequestConsole" "Mozilla/5.0 (Windows NT 10.0; Win64; x64) AppleWebKit/537.36 (KHTML, like Gecko) Chrome/89.0.4389.82 Safari/537.36 - Virtuoso - spotqa.com/virtuoso - If this request is unexpected or unwelcome, please contact abuse@spotqa.com"
3.248.197.187 - crucible [25/Jun/2021:05:39:01 +0000] "GET /ats/apis/assessmentRequestConsole HTTP/1.1" 200 1876 "-" "Mozilla/5.0 (Windows NT 10.0; Win64; x64) AppleWebKit/537.36 (KHTML, like Gecko) Chrome/89.0.4389.82 Safari/537.36 - Virtuoso - spotqa.com/virtuoso - If this request is unexpected or unwelcome, please contact abuse@spotqa.com"
3.248.197.187 - - [25/Jun/2021:05:39:01 +0000] "GET /js/jquery.qtip-1.0.0-rc3.min.js HTTP/1.1" 200 10935 "https://crpt.crucibleapp.com/ats/apis/assessmentRequestConsole" "Mozilla/5.0 (Windows NT 10.0; Win64; x64) AppleWebKit/537.36 (KHTML, like Gecko) Chrome/89.0.4389.82 Safari/537.36 - Virtuoso - spotqa.com/virtuoso - If this request is unexpected or unwelcome, please contact abuse@spotqa.com"
54.75.39.220 - - [25/Jun/2021:05:39:03 +0000] "GET /ats/apis/assessmentRequestConsole HTTP/1.1" 401 112 "-" "Mozilla/5.0 (Windows NT 10.0; Win64; x64) AppleWebKit/537.36 (KHTML, like Gecko) Chrome/89.0.4389.82 Safari/537.36 - Virtuoso - spotqa.com/virtuoso - If this request is unexpected or unwelcome, please contact abuse@spotqa.com"
54.75.39.220 - - [25/Jun/2021:05:39:03 +0000] "GET /css/api/custom.css HTTP/1.1" 200 861 "https://crpt.crucibleapp.com/ats/apis/assessmentRequestConsole" "Mozilla/5.0 (Windows NT 10.0; Win64; x64) AppleWebKit/537.36 (KHTML, like Gecko) Chrome/89.0.4389.82 Safari/537.36 - Virtuoso - spotqa.com/virtuoso - If this request is unexpected or unwelcome, please contact abuse@spotqa.com"
34.254.248.223 - crucible [25/Jun/2021:05:39:03 +0000] "GET /ats/apis/assessmentRequestConsole HTTP/1.1" 200 1882 "-" "Mozilla/5.0 (Windows NT 10.0; Win64; x64) AppleWebKit/537.36 (KHTML, like Gecko) Chrome/89.0.4389.82 Safari/537.36 - Virtuoso - spotqa.com/virtuoso - If this request is unexpected or unwelcome, please contact abuse@spotqa.com"
34.254.248.223 - - [25/Jun/2021:05:39:03 +0000] "GET /js/jquery.qtip-1.0.0-rc3.min.js HTTP/1.1" 200 10935 "https://crpt.crucibleapp.com/ats/apis/assessmentRequestConsole" "Mozilla/5.0 (Windows NT 10.0; Win64; x64) AppleWebKit/537.36 (KHTML, like Gecko) Chrome/89.0.4389.82 Safari/537.36 - Virtuoso - spotqa.com/virtuoso - If this request is unexpected or unwelcome, please contact abuse@spotqa.com"
10.10.0.238 - - [25/Jun/2021:05:39:04 +0000] "GET / HTTP/1.1" 302 5 "-" "ELB-HealthChecker/2.0"
176.251.165.45 - - [25/Jun/2021:05:39:05 +0000] "POST /crpts/assessments/cfa/cfaS4yyT6/tkactQKDt7xq3/jryQnbWEsS HTTP/1.1" 302 5 "https://crpt.crucibleapp.com/crpts/assessments/cfa/cfaS4yyT6/tkactQKDt7xq3/jryQnbWEsS" "Mozilla/5.0 (Linux; Android 11; SAMSUNG SM-G996B) AppleWebKit/537.36 (KHTML, like Gecko) SamsungBrowser/14.0 Chrome/87.0.4280.141 Mobile Safari/537.36"
2.31.143.53 - - [25/Jun/2021:05:39:06 +0000] "GET /crpts/assessments/cfa/cfaS4yyT6/ctvYJ7SzKzhD5/jryQnbWEsS HTTP/1.1" 200 3746 "https://crpt.crucibleapp.com/crpts/assessments/cfa/cfaS4yyT6/ctvYJ7SzKzhD5/jryQnbWEsS" "Mozilla/5.0 (iPhone; CPU iPhone OS 14_6 like Mac OS X) AppleWebKit/605.1.15 (KHTML, like Gecko) Version/14.1.1 Mobile/15E148 Safari/604.1"
54.194.137.243 - - [25/Jun/2021:05:39:07 +0000] "POST /ats/apis/assessmentRequestConsole HTTP/1.1" 401 112 "https://crpt.crucibleapp.com/ats/apis/assessmentRequestConsole" "Mozilla/5.0 (Windows NT 10.0; Win64; x64) AppleWebKit/537.36 (KHTML, like Gecko) Chrome/89.0.4389.82 Safari/537.36 - Virtuoso - spotqa.com/virtuoso - If this request is unexpected or unwelcome, please contact abuse@spotqa.com"
10.10.10.65 - - [25/Jun/2021:05:39:07 +0000] "GET / HTTP/1.1" 302 5 "-" "ELB-HealthChecker/2.0"
18.203.252.200 - - [25/Jun/2021:05:39:08 +0000] "POST /ats/apis/assessmentRequestConsole HTTP/1.1" 401 112 "https://crpt.crucibleapp.com/ats/apis/assessmentRequestConsole" "Mozilla/5.0 (Windows NT 10.0; Win64; x64) AppleWebKit/537.36 (KHTML, like Gecko) Chrome/89.0.4389.82 Safari/537.36 - Virtuoso - spotqa.com/virtuoso - If this request is unexpected or unwelcome, please contact abuse@spotqa.com"
34.244.86.3 - - [25/Jun/2021:05:39:09 +0000] "POST /ats/apis/assessmentRequestConsole HTTP/1.1" 401 112 "https://crpt.crucibleapp.com/ats/apis/assessmentRequestConsole" "Mozilla/5.0 (Windows NT 10.0; Win64; x64) AppleWebKit/537.36 (KHTML, like Gecko) Chrome/89.0.4389.82 Safari/537.36 - Virtuoso - spotqa.com/virtuoso - If this request is unexpected or unwelcome, please contact abuse@spotqa.com"
10.10.40.22 - - [25/Jun/2021:05:39:09 +0000] "GET / HTTP/1.1" 302 5 "-" "ELB-HealthChecker/2.0"
2.31.143.53 - - [25/Jun/2021:05:39:10 +0000] "POST /crpts/assessments/cfa/cfaS4yyT6/ctvYJ7SzKzhD5/jryQnbWEsS HTTP/1.1" 302 5 "https://crpt.crucibleapp.com/crpts/assessments/cfa/cfaS4yyT6/ctvYJ7SzKzhD5/jryQnbWEsS" "Mozilla/5.0 (iPhone; CPU iPhone OS 14_6 like Mac OS X) AppleWebKit/605.1.15 (KHTML, like Gecko) Version/14.1.1 Mobile/15E148 Safari/604.1"
54.194.137.243 - - [25/Jun/2021:05:39:10 +0000] "GET /css/jquery.validate.css HTTP/1.1" 200 379 "https://crpt.crucibleapp.com/users/candidates/add/cfaU4PIOm/MMUrV9MNG9dYm/jrxvvKa8zB" "Mozilla/5.0 (Windows NT 10.0; Win64; x64) AppleWebKit/537.36 (KHTML, like Gecko) Chrome/89.0.4389.82 Safari/537.36 - Virtuoso - spotqa.com/virtuoso - If this request is unexpected or unwelcome, please contact abuse@spotqa.com"
54.194.137.243 - - [25/Jun/2021:05:39:10 +0000] "GET /css/bootstrap.css HTTP/1.1" 200 18620 "https://crpt.crucibleapp.com/users/candidates/add/cfaU4PIOm/MMUrV9MNG9dYm/jrxvvKa8zB" "Mozilla/5.0 (Windows NT 10.0; Win64; x64) AppleWebKit/537.36 (KHTML, like Gecko) Chrome/89.0.4389.82 Safari/537.36 - Virtuoso - spotqa.com/virtuoso - If this request is unexpected or unwelcome, please contact abuse@spotqa.com"
54.194.137.243 - - [25/Jun/2021:05:39:10 +0000] "GET /js/jQuery/bootstrap.js HTTP/1.1" 200 11178 "https://crpt.crucibleapp.com/users/candidates/add/cfaU4PIOm/MMUrV9MNG9dYm/jrxvvKa8zB" "Mozilla/5.0 (Windows NT 10.0; Win64; x64) AppleWebKit/537.36 (KHTML, like Gecko) Chrome/89.0.4389.82 Safari/537.36 - Virtuoso - spotqa.com/virtuoso - If this request is unexpected or unwelcome, please contact abuse@spotqa.com"
54.194.137.243 - - [25/Jun/2021:05:39:10 +0000] "GET /js/jQuery/jquery.validation.functions.js HTTP/1.1" 200 2199 "https://crpt.crucibleapp.com/users/candidates/add/cfaU4PIOm/MMUrV9MNG9dYm/jrxvvKa8zB" "Mozilla/5.0 (Windows NT 10.0; Win64; x64) AppleWebKit/537.36 (KHTML, like Gecko) Chrome/89.0.4389.82 Safari/537.36 - Virtuoso - spotqa.com/virtuoso - If this request is unexpected or unwelcome, please contact abuse@spotqa.com"
54.194.137.243 - - [25/Jun/2021:05:39:10 +0000] "GET /js/crucible-widget.js HTTP/1.1" 200 749 "https://crpt.crucibleapp.com/users/candidates/add/cfaU4PIOm/MMUrV9MNG9dYm/jrxvvKa8zB" "Mozilla/5.0 (Windows NT 10.0; Win64; x64) AppleWebKit/537.36 (KHTML, like Gecko) Chrome/89.0.4389.82 Safari/537.36 - Virtuoso - spotqa.com/virtuoso - If this request is unexpected or unwelcome, please contact abuse@spotqa.com"
54.194.137.243 - - [25/Jun/2021:05:39:10 +0000] "GET /js/appConstants.js HTTP/1.1" 200 480 "https://crpt.crucibleapp.com/users/candidates/add/cfaU4PIOm/MMUrV9MNG9dYm/jrxvvKa8zB" "Mozilla/5.0 (Windows NT 10.0; Win64; x64) AppleWebKit/537.36 (KHTML, like Gecko) Chrome/89.0.4389.82 Safari/537.36 - Virtuoso - spotqa.com/virtuoso - If this request is unexpected or unwelcome, please contact abuse@spotqa.com"
54.194.137.243 - - [25/Jun/2021:05:39:10 +0000] "GET /js/vanilla/custom.js HTTP/1.1" 200 2752 "https://crpt.crucibleapp.com/users/candidates/add/cfaU4PIOm/MMUrV9MNG9dYm/jrxvvKa8zB" "Mozilla/5.0 (Windows NT 10.0; Win64; x64) AppleWebKit/537.36 (KHTML, like Gecko) Chrome/89.0.4389.82 Safari/537.36 - Virtuoso - spotqa.com/virtuoso - If this request is unexpected or unwelcome, please contact abuse@spotqa.com"
54.194.137.243 - - [25/Jun/2021:05:39:10 +0000] "GET /js/validations/client-site-validation.js HTTP/1.1" 200 442 "https://crpt.crucibleapp.com/users/candidates/add/cfaU4PIOm/MMUrV9MNG9dYm/jrxvvKa8zB" "Mozilla/5.0 (Windows NT 10.0; Win64; x64) AppleWebKit/537.36 (KHTML, like Gecko) Chrome/89.0.4389.82 Safari/537.36 - Virtuoso - spotqa.com/virtuoso - If this request is unexpected or unwelcome, please contact abuse@spotqa.com"
54.194.137.243 - - [25/Jun/2021:05:39:10 +0000] "GET /theme/Vanilla/img/transpBack.png HTTP/1.1" 200 932 "https://crpt.crucibleapp.com/theme/Vanilla/css/custom.css" "Mozilla/5.0 (Windows NT 10.0; Win64; x64) AppleWebKit/537.36 (KHTML, like Gecko) Chrome/89.0.4389.82 Safari/537.36 - Virtuoso - spotqa.com/virtuoso - If this request is unexpected or unwelcome, please contact abuse@spotqa.com"
3.250.6.52 - - [25/Jun/2021:05:39:10 +0000] "POST /ats/apis/assessmentRequestConsole HTTP/1.1" 401 112 "https://crpt.crucibleapp.com/ats/apis/assessmentRequestConsole" "Mozilla/5.0 (Windows NT 10.0; Win64; x64) AppleWebKit/537.36 (KHTML, like Gecko) Chrome/89.0.4389.82 Safari/537.36 - Virtuoso - spotqa.com/virtuoso - If this request is unexpected or unwelcome, please contact abuse@spotqa.com"
18.203.252.200 - - [25/Jun/2021:05:39:11 +0000] "GET /users/candidates/add/cfaU4PIOm/Pzn3NcStX9mcd/jrxvvKa8zB HTTP/1.1" 200 20113 "-" "Mozilla/5.0 (Windows NT 10.0; Win64; x64) AppleWebKit/537.36 (KHTML, like Gecko) Chrome/89.0.4389.82 Safari/537.36 - Virtuoso - spotqa.com/virtuoso - If this request is unexpected or unwelcome, please contact abuse@spotqa.com"
18.203.252.200 - - [25/Jun/2021:05:39:11 +0000] "GET /css/jquery.validate.css HTTP/1.1" 200 379 "https://crpt.crucibleapp.com/users/candidates/add/cfaU4PIOm/Pzn3NcStX9mcd/jrxvvKa8zB" "Mozilla/5.0 (Windows NT 10.0; Win64; x64) AppleWebKit/537.36 (KHTML, like Gecko) Chrome/89.0.4389.82 Safari/537.36 - Virtuoso - spotqa.com/virtuoso - If this request is unexpected or unwelcome, please contact abuse@spotqa.com"
18.203.252.200 - - [25/Jun/2021:05:39:11 +0000] "GET /theme/Vanilla/css/flags.css HTTP/1.1" 200 3329 "https://crpt.crucibleapp.com/users/candidates/add/cfaU4PIOm/Pzn3NcStX9mcd/jrxvvKa8zB" "Mozilla/5.0 (Windows NT 10.0; Win64; x64) AppleWebKit/537.36 (KHTML, like Gecko) Chrome/89.0.4389.82 Safari/537.36 - Virtuoso - spotqa.com/virtuoso - If this request is unexpected or unwelcome, please contact abuse@spotqa.com"
18.203.252.200 - - [25/Jun/2021:05:39:11 +0000] "GET /js/jQuery/jquery.validate.js HTTP/1.1" 200 1150 "https://crpt.crucibleapp.com/users/candidates/add/cfaU4PIOm/Pzn3NcStX9mcd/jrxvvKa8zB" "Mozilla/5.0 (Windows NT 10.0; Win64; x64) AppleWebKit/537.36 (KHTML, like Gecko) Chrome/89.0.4389.82 Safari/537.36 - Virtuoso - spotqa.com/virtuoso - If this request is unexpected or unwelcome, please contact abuse@spotqa.com"
18.203.252.200 - - [25/Jun/2021:05:39:11 +0000] "GET /js/back_disabled.js HTTP/1.1" 200 83 "https://crpt.crucibleapp.com/users/candidates/add/cfaU4PIOm/Pzn3NcStX9mcd/jrxvvKa8zB" "Mozilla/5.0 (Windows NT 10.0; Win64; x64) AppleWebKit/537.36 (KHTML, like Gecko) Chrome/89.0.4389.82 Safari/537.36 - Virtuoso - spotqa.com/virtuoso - If this request is unexpected or unwelcome, please contact abuse@spotqa.com"
18.203.252.200 - - [25/Jun/2021:05:39:11 +0000] "GET /css/fancybox/jquery.fancybox-1.3.4.css HTTP/1.1" 200 2148 "https://crpt.crucibleapp.com/users/candidates/add/cfaU4PIOm/Pzn3NcStX9mcd/jrxvvKa8zB" "Mozilla/5.0 (Windows NT 10.0; Win64; x64) AppleWebKit/537.36 (KHTML, like Gecko) Chrome/89.0.4389.82 Safari/537.36 - Virtuoso - spotqa.com/virtuoso - If this request is unexpected or unwelcome, please contact abuse@spotqa.com"
34.254.222.39 - crucible [25/Jun/2021:05:39:11 +0000] "POST /ats/apis/assessmentRequestConsole HTTP/1.1" 200 3037 "https://crpt.crucibleapp.com/ats/apis/assessmentRequestConsole" "Mozilla/5.0 (Windows NT 10.0; Win64; x64) AppleWebKit/537.36 (KHTML, like Gecko) Chrome/89.0.4389.82 Safari/537.36 - Virtuoso - spotqa.com/virtuoso - If this request is unexpected or unwelcome, please contact abuse@spotqa.com"
18.203.252.200 - - [25/Jun/2021:05:39:11 +0000] "GET /js/autoCompleteLazyLoad.js HTTP/1.1" 200 700 "https://crpt.crucibleapp.com/users/candidates/add/cfaU4PIOm/Pzn3NcStX9mcd/jrxvvKa8zB" "Mozilla/5.0 (Windows NT 10.0; Win64; x64) AppleWebKit/537.36 (KHTML, like Gecko) Chrome/89.0.4389.82 Safari/537.36 - Virtuoso - spotqa.com/virtuoso - If this request is unexpected or unwelcome, please contact abuse@spotqa.com"
18.203.252.200 - - [25/Jun/2021:05:39:11 +0000] "GET /js/validations/client-site-validation.js HTTP/1.1" 200 442 "https://crpt.crucibleapp.com/users/candidates/add/cfaU4PIOm/Pzn3NcStX9mcd/jrxvvKa8zB" "Mozilla/5.0 (Windows NT 10.0; Win64; x64) AppleWebKit/537.36 (KHTML, like Gecko) Chrome/89.0.4389.82 Safari/537.36 - Virtuoso - spotqa.com/virtuoso - If this request is unexpected or unwelcome, please contact abuse@spotqa.com"
18.203.252.200 - - [25/Jun/2021:05:39:11 +0000] "GET /theme/Vanilla/img/colorPalette.png HTTP/1.1" 200 2785 "https://crpt.crucibleapp.com/theme/Vanilla/css/custom.css" "Mozilla/5.0 (Windows NT 10.0; Win64; x64) AppleWebKit/537.36 (KHTML, like Gecko) Chrome/89.0.4389.82 Safari/537.36 - Virtuoso - spotqa.com/virtuoso - If this request is unexpected or unwelcome, please contact abuse@spotqa.com"
34.244.86.3 - - [25/Jun/2021:05:39:12 +0000] "GET /users/candidates/add/cfaU4PIOm/jTsCanTXkTJ4U/jrxvvKa8zB HTTP/1.1" 200 20113 "-" "Mozilla/5.0 (Windows NT 10.0; Win64; x64) AppleWebKit/537.36 (KHTML, like Gecko) Chrome/89.0.4389.82 Safari/537.36 - Virtuoso - spotqa.com/virtuoso - If this request is unexpected or unwelcome, please contact abuse@spotqa.com"
34.244.86.3 - - [25/Jun/2021:05:39:12 +0000] "GET /css/jquery.validate.css HTTP/1.1" 200 379 "https://crpt.crucibleapp.com/users/candidates/add/cfaU4PIOm/jTsCanTXkTJ4U/jrxvvKa8zB" "Mozilla/5.0 (Windows NT 10.0; Win64; x64) AppleWebKit/537.36 (KHTML, like Gecko) Chrome/89.0.4389.82 Safari/537.36 - Virtuoso - spotqa.com/virtuoso - If this request is unexpected or unwelcome, please contact abuse@spotqa.com"
34.244.86.3 - - [25/Jun/2021:05:39:12 +0000] "GET /css/crucible-widget.css HTTP/1.1" 200 812 "https://crpt.crucibleapp.com/users/candidates/add/cfaU4PIOm/jTsCanTXkTJ4U/jrxvvKa8zB" "Mozilla/5.0 (Windows NT 10.0; Win64; x64) AppleWebKit/537.36 (KHTML, like Gecko) Chrome/89.0.4389.82 Safari/537.36 - Virtuoso - spotqa.com/virtuoso - If this request is unexpected or unwelcome, please contact abuse@spotqa.com"
34.244.86.3 - - [25/Jun/2021:05:39:12 +0000] "GET /js/jQuery/jquery.validate.js HTTP/1.1" 200 1150 "https://crpt.crucibleapp.com/users/candidates/add/cfaU4PIOm/jTsCanTXkTJ4U/jrxvvKa8zB" "Mozilla/5.0 (Windows NT 10.0; Win64; x64) AppleWebKit/537.36 (KHTML, like Gecko) Chrome/89.0.4389.82 Safari/537.36 - Virtuoso - spotqa.com/virtuoso - If this request is unexpected or unwelcome, please contact abuse@spotqa.com"
34.244.86.3 - - [25/Jun/2021:05:39:12 +0000] "GET /js/back_disabled.js HTTP/1.1" 200 83 "https://crpt.crucibleapp.com/users/candidates/add/cfaU4PIOm/jTsCanTXkTJ4U/jrxvvKa8zB" "Mozilla/5.0 (Windows NT 10.0; Win64; x64) AppleWebKit/537.36 (KHTML, like Gecko) Chrome/89.0.4389.82 Safari/537.36 - Virtuoso - spotqa.com/virtuoso - If this request is unexpected or unwelcome, please contact abuse@spotqa.com"
34.244.86.3 - - [25/Jun/2021:05:39:12 +0000] "GET /css/fancybox/jquery.fancybox-1.3.4.css HTTP/1.1" 200 2148 "https://crpt.crucibleapp.com/users/candidates/add/cfaU4PIOm/jTsCanTXkTJ4U/jrxvvKa8zB" "Mozilla/5.0 (Windows NT 10.0; Win64; x64) AppleWebKit/537.36 (KHTML, like Gecko) Chrome/89.0.4389.82 Safari/537.36 - Virtuoso - spotqa.com/virtuoso - If this request is unexpected or unwelcome, please contact abuse@spotqa.com"
34.244.86.3 - - [25/Jun/2021:05:39:12 +0000] "GET /js/autoCompleteLazyLoad.js HTTP/1.1" 200 700 "https://crpt.crucibleapp.com/users/candidates/add/cfaU4PIOm/jTsCanTXkTJ4U/jrxvvKa8zB" "Mozilla/5.0 (Windows NT 10.0; Win64; x64) AppleWebKit/537.36 (KHTML, like Gecko) Chrome/89.0.4389.82 Safari/537.36 - Virtuoso - spotqa.com/virtuoso - If this request is unexpected or unwelcome, please contact abuse@spotqa.com"
34.244.86.3 - - [25/Jun/2021:05:39:12 +0000] "GET /js/vanilla/custom.js HTTP/1.1" 200 2752 "https://crpt.crucibleapp.com/users/candidates/add/cfaU4PIOm/jTsCanTXkTJ4U/jrxvvKa8zB" "Mozilla/5.0 (Windows NT 10.0; Win64; x64) AppleWebKit/537.36 (KHTML, like Gecko) Chrome/89.0.4389.82 Safari/537.36 - Virtuoso - spotqa.com/virtuoso - If this request is unexpected or unwelcome, please contact abuse@spotqa.com"
34.244.86.3 - - [25/Jun/2021:05:39:12 +0000] "GET /theme/Vanilla/img/colorPalette.png HTTP/1.1" 200 2785 "https://crpt.crucibleapp.com/theme/Vanilla/css/custom.css" "Mozilla/5.0 (Windows NT 10.0; Win64; x64) AppleWebKit/537.36 (KHTML, like Gecko) Chrome/89.0.4389.82 Safari/537.36 - Virtuoso - spotqa.com/virtuoso - If this request is unexpected or unwelcome, please contact abuse@spotqa.com"
52.50.189.105 - crucible [25/Jun/2021:05:39:13 +0000] "POST /ats/apis/assessmentRequestConsole HTTP/1.1" 200 3035 "https://crpt.crucibleapp.com/ats/apis/assessmentRequestConsole" "Mozilla/5.0 (Windows NT 10.0; Win64; x64) AppleWebKit/537.36 (KHTML, like Gecko) Chrome/89.0.4389.82 Safari/537.36 - Virtuoso - spotqa.com/virtuoso - If this request is unexpected or unwelcome, please contact abuse@spotqa.com"
34.244.195.233 - crucible [25/Jun/2021:05:39:14 +0000] "POST /ats/apis/assessmentRequestConsole HTTP/1.1" 200 3031 "https://crpt.crucibleapp.com/ats/apis/assessmentRequestConsole" "Mozilla/5.0 (Windows NT 10.0; Win64; x64) AppleWebKit/537.36 (KHTML, like Gecko) Chrome/89.0.4389.82 Safari/537.36 - Virtuoso - spotqa.com/virtuoso - If this request is unexpected or unwelcome, please contact abuse@spotqa.com"
3.250.6.52 - - [25/Jun/2021:05:39:14 +0000] "GET /users/candidates/ApiTakeAssessment/cfaU4PIOm/csxFpX66MEWic/jrxvvKa8zB/resume HTTP/1.1" 302 5 "-" "Mozilla/5.0 (Windows NT 10.0; Win64; x64) AppleWebKit/537.36 (KHTML, like Gecko) Chrome/89.0.4389.82 Safari/537.36 - Virtuoso - spotqa.com/virtuoso - If this request is unexpected or unwelcome, please contact abuse@spotqa.com"
34.254.222.39 - - [25/Jun/2021:05:39:14 +0000] "GET /users/candidates/ApiTakeAssessment/cfaU4PIOm/WqjNPq7m7HudH/jrxvvKa8zB/resume HTTP/1.1" 302 5 "-" "Mozilla/5.0 (Windows NT 10.0; Win64; x64) AppleWebKit/537.36 (KHTML, like Gecko) Chrome/89.0.4389.82 Safari/537.36 - Virtuoso - spotqa.com/virtuoso - If this request is unexpected or unwelcome, please contact abuse@spotqa.com"
3.250.6.52 - - [25/Jun/2021:05:39:14 +0000] "GET /css/bootstrap.css HTTP/1.1" 200 18620 "https://crpt.crucibleapp.com/users/candidates/add/cfaU4PIOm/csxFpX66MEWic/jrxvvKa8zB" "Mozilla/5.0 (Windows NT 10.0; Win64; x64) AppleWebKit/537.36 (KHTML, like Gecko) Chrome/89.0.4389.82 Safari/537.36 - Virtuoso - spotqa.com/virtuoso - If this request is unexpected or unwelcome, please contact abuse@spotqa.com"
3.250.6.52 - - [25/Jun/2021:05:39:14 +0000] "GET /theme/Vanilla/css/custom.css HTTP/1.1" 200 11150 "https://crpt.crucibleapp.com/users/candidates/add/cfaU4PIOm/csxFpX66MEWic/jrxvvKa8zB" "Mozilla/5.0 (Windows NT 10.0; Win64; x64) AppleWebKit/537.36 (KHTML, like Gecko) Chrome/89.0.4389.82 Safari/537.36 - Virtuoso - spotqa.com/virtuoso - If this request is unexpected or unwelcome, please contact abuse@spotqa.com"
3.250.6.52 - - [25/Jun/2021:05:39:14 +0000] "GET /js/crucible-widget.js HTTP/1.1" 200 749 "https://crpt.crucibleapp.com/users/candidates/add/cfaU4PIOm/csxFpX66MEWic/jrxvvKa8zB" "Mozilla/5.0 (Windows NT 10.0; Win64; x64) AppleWebKit/537.36 (KHTML, like Gecko) Chrome/89.0.4389.82 Safari/537.36 - Virtuoso - spotqa.com/virtuoso - If this request is unexpected or unwelcome, please contact abuse@spotqa.com"
3.250.6.52 - - [25/Jun/2021:05:39:14 +0000] "GET /js/jQuery/jquery.validate.js HTTP/1.1" 200 1150 "https://crpt.crucibleapp.com/users/candidates/add/cfaU4PIOm/csxFpX66MEWic/jrxvvKa8zB" "Mozilla/5.0 (Windows NT 10.0; Win64; x64) AppleWebKit/537.36 (KHTML, like Gecko) Chrome/89.0.4389.82 Safari/537.36 - Virtuoso - spotqa.com/virtuoso - If this request is unexpected or unwelcome, please contact abuse@spotqa.com"
3.250.6.52 - - [25/Jun/2021:05:39:14 +0000] "GET /js/back_disabled.js HTTP/1.1" 200 83 "https://crpt.crucibleapp.com/users/candidates/add/cfaU4PIOm/csxFpX66MEWic/jrxvvKa8zB" "Mozilla/5.0 (Windows NT 10.0; Win64; x64) AppleWebKit/537.36 (KHTML, like Gecko) Chrome/89.0.4389.82 Safari/537.36 - Virtuoso - spotqa.com/virtuoso - If this request is unexpected or unwelcome, please contact abuse@spotqa.com"
34.254.222.39 - - [25/Jun/2021:05:39:14 +0000] "GET /css/jquery-ui.css HTTP/1.1" 200 7289 "https://crpt.crucibleapp.com/users/candidates/add/cfaU4PIOm/WqjNPq7m7HudH/jrxvvKa8zB" "Mozilla/5.0 (Windows NT 10.0; Win64; x64) AppleWebKit/537.36 (KHTML, like Gecko) Chrome/89.0.4389.82 Safari/537.36 - Virtuoso - spotqa.com/virtuoso - If this request is unexpected or unwelcome, please contact abuse@spotqa.com"
34.254.222.39 - - [25/Jun/2021:05:39:14 +0000] "GET /theme/Vanilla/css/custom.css HTTP/1.1" 200 11150 "https://crpt.crucibleapp.com/users/candidates/add/cfaU4PIOm/WqjNPq7m7HudH/jrxvvKa8zB" "Mozilla/5.0 (Windows NT 10.0; Win64; x64) AppleWebKit/537.36 (KHTML, like Gecko) Chrome/89.0.4389.82 Safari/537.36 - Virtuoso - spotqa.com/virtuoso - If this request is unexpected or unwelcome, please contact abuse@spotqa.com"
34.254.222.39 - - [25/Jun/2021:05:39:14 +0000] "GET /js/jquery-ui.js HTTP/1.1" 200 131912 "https://crpt.crucibleapp.com/users/candidates/add/cfaU4PIOm/WqjNPq7m7HudH/jrxvvKa8zB" "Mozilla/5.0 (Windows NT 10.0; Win64; x64) AppleWebKit/537.36 (KHTML, like Gecko) Chrome/89.0.4389.82 Safari/537.36 - Virtuoso - spotqa.com/virtuoso - If this request is unexpected or unwelcome, please contact abuse@spotqa.com"
34.254.222.39 - - [25/Jun/2021:05:39:14 +0000] "GET /js/iframe-remover.js HTTP/1.1" 200 176 "https://crpt.crucibleapp.com/users/candidates/add/cfaU4PIOm/WqjNPq7m7HudH/jrxvvKa8zB" "Mozilla/5.0 (Windows NT 10.0; Win64; x64) AppleWebKit/537.36 (KHTML, like Gecko) Chrome/89.0.4389.82 Safari/537.36 - Virtuoso - spotqa.com/virtuoso - If this request is unexpected or unwelcome, please contact abuse@spotqa.com"
34.254.222.39 - - [25/Jun/2021:05:39:14 +0000] "GET /js/script.js HTTP/1.1" 200 1225 "https://crpt.crucibleapp.com/users/candidates/add/cfaU4PIOm/WqjNPq7m7HudH/jrxvvKa8zB" "Mozilla/5.0 (Windows NT 10.0; Win64; x64) AppleWebKit/537.36 (KHTML, like Gecko) Chrome/89.0.4389.82 Safari/537.36 - Virtuoso - spotqa.com/virtuoso - If this request is unexpected or unwelcome, please contact abuse@spotqa.com"
3.250.6.52 - - [25/Jun/2021:05:39:14 +0000] "GET /js/fancybox/jquery.fancybox-1.3.4.js HTTP/1.1" 200 8604 "https://crpt.crucibleapp.com/users/candidates/add/cfaU4PIOm/csxFpX66MEWic/jrxvvKa8zB" "Mozilla/5.0 (Windows NT 10.0; Win64; x64) AppleWebKit/537.36 (KHTML, like Gecko) Chrome/89.0.4389.82 Safari/537.36 - Virtuoso - spotqa.com/virtuoso - If this request is unexpected or unwelcome, please contact abuse@spotqa.com"
3.250.6.52 - - [25/Jun/2021:05:39:14 +0000] "GET /js/jQuery/jquery.session.js HTTP/1.1" 200 1037 "https://crpt.crucibleapp.com/users/candidates/add/cfaU4PIOm/csxFpX66MEWic/jrxvvKa8zB" "Mozilla/5.0 (Windows NT 10.0; Win64; x64) AppleWebKit/537.36 (KHTML, like Gecko) Chrome/89.0.4389.82 Safari/537.36 - Virtuoso - spotqa.com/virtuoso - If this request is unexpected or unwelcome, please contact abuse@spotqa.com"
3.250.6.52 - - [25/Jun/2021:05:39:14 +0000] "GET /theme/Vanilla/img/contrast_a.png HTTP/1.1" 200 1282 "https://crpt.crucibleapp.com/theme/Vanilla/css/custom.css" "Mozilla/5.0 (Windows NT 10.0; Win64; x64) AppleWebKit/537.36 (KHTML, like Gecko) Chrome/89.0.4389.82 Safari/537.36 - Virtuoso - spotqa.com/virtuoso - If this request is unexpected or unwelcome, please contact abuse@spotqa.com"
34.254.222.39 - - [25/Jun/2021:05:39:14 +0000] "GET /js/fancybox/jquery.fancybox-1.3.4.js HTTP/1.1" 200 8604 "https://crpt.crucibleapp.com/users/candidates/add/cfaU4PIOm/WqjNPq7m7HudH/jrxvvKa8zB" "Mozilla/5.0 (Windows NT 10.0; Win64; x64) AppleWebKit/537.36 (KHTML, like Gecko) Chrome/89.0.4389.82 Safari/537.36 - Virtuoso - spotqa.com/virtuoso - If this request is unexpected or unwelcome, please contact abuse@spotqa.com"
34.254.222.39 - - [25/Jun/2021:05:39:14 +0000] "GET /js/vanilla/custom.js HTTP/1.1" 200 2752 "https://crpt.crucibleapp.com/users/candidates/add/cfaU4PIOm/WqjNPq7m7HudH/jrxvvKa8zB" "Mozilla/5.0 (Windows NT 10.0; Win64; x64) AppleWebKit/537.36 (KHTML, like Gecko) Chrome/89.0.4389.82 Safari/537.36 - Virtuoso - spotqa.com/virtuoso - If this request is unexpected or unwelcome, please contact abuse@spotqa.com"
34.254.222.39 - - [25/Jun/2021:05:39:14 +0000] "GET /theme/Vanilla/img/contrast_a.png HTTP/1.1" 200 1282 "https://crpt.crucibleapp.com/theme/Vanilla/css/custom.css" "Mozilla/5.0 (Windows NT 10.0; Win64; x64) AppleWebKit/537.36 (KHTML, like Gecko) Chrome/89.0.4389.82 Safari/537.36 - Virtuoso - spotqa.com/virtuoso - If this request is unexpected or unwelcome, please contact abuse@spotqa.com"
54.194.137.243 - - [25/Jun/2021:05:39:14 +0000] "GET /theme/Vanilla/img/arrow1.png HTTP/1.1" 200 2924 "https://crpt.crucibleapp.com/theme/Vanilla/css/custom.css" "Mozilla/5.0 (Windows NT 10.0; Win64; x64) AppleWebKit/537.36 (KHTML, like Gecko) Chrome/89.0.4389.82 Safari/537.36 - Virtuoso - spotqa.com/virtuoso - If this request is unexpected or unwelcome, please contact abuse@spotqa.com"
176.251.165.45 - - [25/Jun/2021:05:39:15 +0000] "POST /crpts/assessments/cfa/cfaS4yyT6/tkactQKDt7xq3/jryQnbWEsS HTTP/1.1" 302 5 "https://crpt.crucibleapp.com/crpts/assessments/cfa/cfaS4yyT6/tkactQKDt7xq3/jryQnbWEsS" "Mozilla/5.0 (Linux; Android 11; SAMSUNG SM-G996B) AppleWebKit/537.36 (KHTML, like Gecko) SamsungBrowser/14.0 Chrome/87.0.4280.141 Mobile Safari/537.36"
18.203.252.200 - - [25/Jun/2021:05:39:15 +0000] "GET /theme/Vanilla/img/arrow1.png HTTP/1.1" 200 2924 "https://crpt.crucibleapp.com/theme/Vanilla/css/custom.css" "Mozilla/5.0 (Windows NT 10.0; Win64; x64) AppleWebKit/537.36 (KHTML, like Gecko) Chrome/89.0.4389.82 Safari/537.36 - Virtuoso - spotqa.com/virtuoso - If this request is unexpected or unwelcome, please contact abuse@spotqa.com"
54.75.39.220 - crucible [25/Jun/2021:05:39:15 +0000] "POST /ats/apis/assessmentRequestConsole HTTP/1.1" 200 3038 "https://crpt.crucibleapp.com/ats/apis/assessmentRequestConsole" "Mozilla/5.0 (Windows NT 10.0; Win64; x64) AppleWebKit/537.36 (KHTML, like Gecko) Chrome/89.0.4389.82 Safari/537.36 - Virtuoso - spotqa.com/virtuoso - If this request is unexpected or unwelcome, please contact abuse@spotqa.com"
34.244.86.3 - - [25/Jun/2021:05:39:15 +0000] "POST /users/candidates/add/cfaU4PIOm/jTsCanTXkTJ4U/jrxvvKa8zB HTTP/1.1" 302 5 "https://crpt.crucibleapp.com/users/candidates/add/cfaU4PIOm/jTsCanTXkTJ4U/jrxvvKa8zB" "Mozilla/5.0 (Windows NT 10.0; Win64; x64) AppleWebKit/537.36 (KHTML, like Gecko) Chrome/89.0.4389.82 Safari/537.36 - Virtuoso - spotqa.com/virtuoso - If this request is unexpected or unwelcome, please contact abuse@spotqa.com"
52.50.189.105 - - [25/Jun/2021:05:39:16 +0000] "GET /users/candidates/ApiTakeAssessment/cfaU4PIOm/EjqtViWWRzYjr/jrxvvKa8zB/resume HTTP/1.1" 302 5 "-" "Mozilla/5.0 (Windows NT 10.0; Win64; x64) AppleWebKit/537.36 (KHTML, like Gecko) Chrome/89.0.4389.82 Safari/537.36 - Virtuoso - spotqa.com/virtuoso - If this request is unexpected or unwelcome, please contact abuse@spotqa.com"
10.10.0.25 - - [25/Jun/2021:05:39:16 +0000] "GET / HTTP/1.1" 302 5 "-" "ELB-HealthChecker/2.0"
52.50.189.105 - - [25/Jun/2021:05:39:16 +0000] "GET /css/jquery.validate.css HTTP/1.1" 200 379 "https://crpt.crucibleapp.com/users/candidates/add/cfaU4PIOm/EjqtViWWRzYjr/jrxvvKa8zB" "Mozilla/5.0 (Windows NT 10.0; Win64; x64) AppleWebKit/537.36 (KHTML, like Gecko) Chrome/89.0.4389.82 Safari/537.36 - Virtuoso - spotqa.com/virtuoso - If this request is unexpected or unwelcome, please contact abuse@spotqa.com"
52.50.189.105 - - [25/Jun/2021:05:39:16 +0000] "GET /js/jQuery/bootstrap.js HTTP/1.1" 200 11178 "https://crpt.crucibleapp.com/users/candidates/add/cfaU4PIOm/EjqtViWWRzYjr/jrxvvKa8zB" "Mozilla/5.0 (Windows NT 10.0; Win64; x64) AppleWebKit/537.36 (KHTML, like Gecko) Chrome/89.0.4389.82 Safari/537.36 - Virtuoso - spotqa.com/virtuoso - If this request is unexpected or unwelcome, please contact abuse@spotqa.com"
34.254.248.223 - crucible [25/Jun/2021:05:39:16 +0000] "POST /ats/apis/assessmentRequestConsole HTTP/1.1" 200 3030 "https://crpt.crucibleapp.com/ats/apis/assessmentRequestConsole" "Mozilla/5.0 (Windows NT 10.0; Win64; x64) AppleWebKit/537.36 (KHTML, like Gecko) Chrome/89.0.4389.82 Safari/537.36 - Virtuoso - spotqa.com/virtuoso - If this request is unexpected or unwelcome, please contact abuse@spotqa.com"
52.50.189.105 - - [25/Jun/2021:05:39:16 +0000] "GET /js/jQuery/jquery.validate.js HTTP/1.1" 200 1150 "https://crpt.crucibleapp.com/users/candidates/add/cfaU4PIOm/EjqtViWWRzYjr/jrxvvKa8zB" "Mozilla/5.0 (Windows NT 10.0; Win64; x64) AppleWebKit/537.36 (KHTML, like Gecko) Chrome/89.0.4389.82 Safari/537.36 - Virtuoso - spotqa.com/virtuoso - If this request is unexpected or unwelcome, please contact abuse@spotqa.com"
52.50.189.105 - - [25/Jun/2021:05:39:16 +0000] "GET /js/back_disabled.js HTTP/1.1" 200 83 "https://crpt.crucibleapp.com/users/candidates/add/cfaU4PIOm/EjqtViWWRzYjr/jrxvvKa8zB" "Mozilla/5.0 (Windows NT 10.0; Win64; x64) AppleWebKit/537.36 (KHTML, like Gecko) Chrome/89.0.4389.82 Safari/537.36 - Virtuoso - spotqa.com/virtuoso - If this request is unexpected or unwelcome, please contact abuse@spotqa.com"
52.50.189.105 - - [25/Jun/2021:05:39:16 +0000] "GET /css/fancybox/jquery.fancybox-1.3.4.css HTTP/1.1" 200 2148 "https://crpt.crucibleapp.com/users/candidates/add/cfaU4PIOm/EjqtViWWRzYjr/jrxvvKa8zB" "Mozilla/5.0 (Windows NT 10.0; Win64; x64) AppleWebKit/537.36 (KHTML, like Gecko) Chrome/89.0.4389.82 Safari/537.36 - Virtuoso - spotqa.com/virtuoso - If this request is unexpected or unwelcome, please contact abuse@spotqa.com"
52.50.189.105 - - [25/Jun/2021:05:39:16 +0000] "GET /js/autoCompleteLazyLoad.js HTTP/1.1" 200 700 "https://crpt.crucibleapp.com/users/candidates/add/cfaU4PIOm/EjqtViWWRzYjr/jrxvvKa8zB" "Mozilla/5.0 (Windows NT 10.0; Win64; x64) AppleWebKit/537.36 (KHTML, like Gecko) Chrome/89.0.4389.82 Safari/537.36 - Virtuoso - spotqa.com/virtuoso - If this request is unexpected or unwelcome, please contact abuse@spotqa.com"
52.50.189.105 - - [25/Jun/2021:05:39:16 +0000] "GET /js/validations/client-site-validation.js HTTP/1.1" 200 442 "https://crpt.crucibleapp.com/users/candidates/add/cfaU4PIOm/EjqtViWWRzYjr/jrxvvKa8zB" "Mozilla/5.0 (Windows NT 10.0; Win64; x64) AppleWebKit/537.36 (KHTML, like Gecko) Chrome/89.0.4389.82 Safari/537.36 - Virtuoso - spotqa.com/virtuoso - If this request is unexpected or unwelcome, please contact abuse@spotqa.com"
52.50.189.105 - - [25/Jun/2021:05:39:16 +0000] "GET /theme/Vanilla/img/colorPalette.png HTTP/1.1" 200 2785 "https://crpt.crucibleapp.com/theme/Vanilla/css/custom.css" "Mozilla/5.0 (Windows NT 10.0; Win64; x64) AppleWebKit/537.36 (KHTML, like Gecko) Chrome/89.0.4389.82 Safari/537.36 - Virtuoso - spotqa.com/virtuoso - If this request is unexpected or unwelcome, please contact abuse@spotqa.com"
54.194.137.243 - - [25/Jun/2021:05:39:16 +0000] "GET /crpts/assessments/cfa_instruction/cfaU4PIOm/MMUrV9MNG9dYm/jrxvvKa8zB HTTP/1.1" 200 5575 "https://crpt.crucibleapp.com/users/candidates/details/cfaU4PIOm/MMUrV9MNG9dYm/jrxvvKa8zB" "Mozilla/5.0 (Windows NT 10.0; Win64; x64) AppleWebKit/537.36 (KHTML, like Gecko) Chrome/89.0.4389.82 Safari/537.36 - Virtuoso - spotqa.com/virtuoso - If this request is unexpected or unwelcome, please contact abuse@spotqa.com"
34.244.195.233 - - [25/Jun/2021:05:39:17 +0000] "GET /users/candidates/add/cfaU4PIOm/L7qqxb4ADDG4h/jrxvvKa8zB HTTP/1.1" 200 20115 "-" "Mozilla/5.0 (Windows NT 10.0; Win64; x64) AppleWebKit/537.36 (KHTML, like Gecko) Chrome/89.0.4389.82 Safari/537.36 - Virtuoso - spotqa.com/virtuoso - If this request is unexpected or unwelcome, please contact abuse@spotqa.com"
34.244.195.233 - - [25/Jun/2021:05:39:17 +0000] "GET /css/jquery-ui.css HTTP/1.1" 200 7289 "https://crpt.crucibleapp.com/users/candidates/add/cfaU4PIOm/L7qqxb4ADDG4h/jrxvvKa8zB" "Mozilla/5.0 (Windows NT 10.0; Win64; x64) AppleWebKit/537.36 (KHTML, like Gecko) Chrome/89.0.4389.82 Safari/537.36 - Virtuoso - spotqa.com/virtuoso - If this request is unexpected or unwelcome, please contact abuse@spotqa.com"
34.244.195.233 - - [25/Jun/2021:05:39:17 +0000] "GET /js/jQuery/jquery.validation.functions.js HTTP/1.1" 200 2199 "https://crpt.crucibleapp.com/users/candidates/add/cfaU4PIOm/L7qqxb4ADDG4h/jrxvvKa8zB" "Mozilla/5.0 (Windows NT 10.0; Win64; x64) AppleWebKit/537.36 (KHTML, like Gecko) Chrome/89.0.4389.82 Safari/537.36 - Virtuoso - spotqa.com/virtuoso - If this request is unexpected or unwelcome, please contact abuse@spotqa.com"
34.244.195.233 - - [25/Jun/2021:05:39:17 +0000] "GET /theme/Vanilla/css/custom.css HTTP/1.1" 200 11150 "https://crpt.crucibleapp.com/users/candidates/add/cfaU4PIOm/L7qqxb4ADDG4h/jrxvvKa8zB" "Mozilla/5.0 (Windows NT 10.0; Win64; x64) AppleWebKit/537.36 (KHTML, like Gecko) Chrome/89.0.4389.82 Safari/537.36 - Virtuoso - spotqa.com/virtuoso - If this request is unexpected or unwelcome, please contact abuse@spotqa.com"
34.244.195.233 - - [25/Jun/2021:05:39:17 +0000] "GET /js/jquery-ui.js HTTP/1.1" 200 131912 "https://crpt.crucibleapp.com/users/candidates/add/cfaU4PIOm/L7qqxb4ADDG4h/jrxvvKa8zB" "Mozilla/5.0 (Windows NT 10.0; Win64; x64) AppleWebKit/537.36 (KHTML, like Gecko) Chrome/89.0.4389.82 Safari/537.36 - Virtuoso - spotqa.com/virtuoso - If this request is unexpected or unwelcome, please contact abuse@spotqa.com"
34.244.195.233 - - [25/Jun/2021:05:39:17 +0000] "GET /js/crucible-widget.js HTTP/1.1" 200 749 "https://crpt.crucibleapp.com/users/candidates/add/cfaU4PIOm/L7qqxb4ADDG4h/jrxvvKa8zB" "Mozilla/5.0 (Windows NT 10.0; Win64; x64) AppleWebKit/537.36 (KHTML, like Gecko) Chrome/89.0.4389.82 Safari/537.36 - Virtuoso - spotqa.com/virtuoso - If this request is unexpected or unwelcome, please contact abuse@spotqa.com"
34.244.195.233 - - [25/Jun/2021:05:39:17 +0000] "GET /js/vanilla/custom.js HTTP/1.1" 200 2752 "https://crpt.crucibleapp.com/users/candidates/add/cfaU4PIOm/L7qqxb4ADDG4h/jrxvvKa8zB" "Mozilla/5.0 (Windows NT 10.0; Win64; x64) AppleWebKit/537.36 (KHTML, like Gecko) Chrome/89.0.4389.82 Safari/537.36 - Virtuoso - spotqa.com/virtuoso - If this request is unexpected or unwelcome, please contact abuse@spotqa.com"
34.244.195.233 - - [25/Jun/2021:05:39:17 +0000] "GET /theme/Vanilla/img/contrast_a.png HTTP/1.1" 200 1282 "https://crpt.crucibleapp.com/theme/Vanilla/css/custom.css" "Mozilla/5.0 (Windows NT 10.0; Win64; x64) AppleWebKit/537.36 (KHTML, like Gecko) Chrome/89.0.4389.82 Safari/537.36 - Virtuoso - spotqa.com/virtuoso - If this request is unexpected or unwelcome, please contact abuse@spotqa.com"
18.203.252.200 - - [25/Jun/2021:05:39:17 +0000] "POST /users/candidates/details/cfaU4PIOm/Pzn3NcStX9mcd/jrxvvKa8zB HTTP/1.1" 302 5 "https://crpt.crucibleapp.com/users/candidates/details/cfaU4PIOm/Pzn3NcStX9mcd/jrxvvKa8zB" "Mozilla/5.0 (Windows NT 10.0; Win64; x64) AppleWebKit/537.36 (KHTML, like Gecko) Chrome/89.0.4389.82 Safari/537.36 - Virtuoso - spotqa.com/virtuoso - If this request is unexpected or unwelcome, please contact abuse@spotqa.com"
34.244.195.233 - - [25/Jun/2021:05:39:17 +0000] "GET /theme/Vanilla/img/transpBack.png HTTP/1.1" 200 932 "https://crpt.crucibleapp.com/theme/Vanilla/css/custom.css" "Mozilla/5.0 (Windows NT 10.0; Win64; x64) AppleWebKit/537.36 (KHTML, like Gecko) Chrome/89.0.4389.82 Safari/537.36 - Virtuoso - spotqa.com/virtuoso - If this request is unexpected or unwelcome, please contact abuse@spotqa.com"
34.254.222.39 - - [25/Jun/2021:05:39:18 +0000] "POST /users/candidates/add/cfaU4PIOm/WqjNPq7m7HudH/jrxvvKa8zB HTTP/1.1" 302 5 "https://crpt.crucibleapp.com/users/candidates/add/cfaU4PIOm/WqjNPq7m7HudH/jrxvvKa8zB" "Mozilla/5.0 (Windows NT 10.0; Win64; x64) AppleWebKit/537.36 (KHTML, like Gecko) Chrome/89.0.4389.82 Safari/537.36 - Virtuoso - spotqa.com/virtuoso - If this request is unexpected or unwelcome, please contact abuse@spotqa.com"
54.75.39.220 - - [25/Jun/2021:05:39:18 +0000] "GET /users/candidates/add/cfaU4PIOm/gUCEEcqacpegK/jrxvvKa8zB HTTP/1.1" 200 20114 "-" "Mozilla/5.0 (Windows NT 10.0; Win64; x64) AppleWebKit/537.36 (KHTML, like Gecko) Chrome/89.0.4389.82 Safari/537.36 - Virtuoso - spotqa.com/virtuoso - If this request is unexpected or unwelcome, please contact abuse@spotqa.com"
54.75.39.220 - - [25/Jun/2021:05:39:18 +0000] "GET /css/bootstrap.css HTTP/1.1" 200 18620 "https://crpt.crucibleapp.com/users/candidates/add/cfaU4PIOm/gUCEEcqacpegK/jrxvvKa8zB" "Mozilla/5.0 (Windows NT 10.0; Win64; x64) AppleWebKit/537.36 (KHTML, like Gecko) Chrome/89.0.4389.82 Safari/537.36 - Virtuoso - spotqa.com/virtuoso - If this request is unexpected or unwelcome, please contact abuse@spotqa.com"
54.75.39.220 - - [25/Jun/2021:05:39:18 +0000] "GET /js/jquery-ui.js HTTP/1.1" 200 131912 "https://crpt.crucibleapp.com/users/candidates/add/cfaU4PIOm/gUCEEcqacpegK/jrxvvKa8zB" "Mozilla/5.0 (Windows NT 10.0; Win64; x64) AppleWebKit/537.36 (KHTML, like Gecko) Chrome/89.0.4389.82 Safari/537.36 - Virtuoso - spotqa.com/virtuoso - If this request is unexpected or unwelcome, please contact abuse@spotqa.com"
54.75.39.220 - - [25/Jun/2021:05:39:18 +0000] "GET /js/back_disabled.js HTTP/1.1" 200 83 "https://crpt.crucibleapp.com/users/candidates/add/cfaU4PIOm/gUCEEcqacpegK/jrxvvKa8zB" "Mozilla/5.0 (Windows NT 10.0; Win64; x64) AppleWebKit/537.36 (KHTML, like Gecko) Chrome/89.0.4389.82 Safari/537.36 - Virtuoso - spotqa.com/virtuoso - If this request is unexpected or unwelcome, please contact abuse@spotqa.com"
54.75.39.220 - - [25/Jun/2021:05:39:18 +0000] "GET /theme/Vanilla/css/custom.css HTTP/1.1" 200 11150 "https://crpt.crucibleapp.com/users/candidates/add/cfaU4PIOm/gUCEEcqacpegK/jrxvvKa8zB" "Mozilla/5.0 (Windows NT 10.0; Win64; x64) AppleWebKit/537.36 (KHTML, like Gecko) Chrome/89.0.4389.82 Safari/537.36 - Virtuoso - spotqa.com/virtuoso - If this request is unexpected or unwelcome, please contact abuse@spotqa.com"
54.75.39.220 - - [25/Jun/2021:05:39:18 +0000] "GET /js/crucible-widget.js HTTP/1.1" 200 749 "https://crpt.crucibleapp.com/users/candidates/add/cfaU4PIOm/gUCEEcqacpegK/jrxvvKa8zB" "Mozilla/5.0 (Windows NT 10.0; Win64; x64) AppleWebKit/537.36 (KHTML, like Gecko) Chrome/89.0.4389.82 Safari/537.36 - Virtuoso - spotqa.com/virtuoso - If this request is unexpected or unwelcome, please contact abuse@spotqa.com"
54.75.39.220 - - [25/Jun/2021:05:39:18 +0000] "GET /js/jQuery/jquery.session.js HTTP/1.1" 200 1037 "https://crpt.crucibleapp.com/users/candidates/add/cfaU4PIOm/gUCEEcqacpegK/jrxvvKa8zB" "Mozilla/5.0 (Windows NT 10.0; Win64; x64) AppleWebKit/537.36 (KHTML, like Gecko) Chrome/89.0.4389.82 Safari/537.36 - Virtuoso - spotqa.com/virtuoso - If this request is unexpected or unwelcome, please contact abuse@spotqa.com"
54.75.39.220 - - [25/Jun/2021:05:39:18 +0000] "GET /js/fancybox/jquery.fancybox-1.3.4.js HTTP/1.1" 200 8604 "https://crpt.crucibleapp.com/users/candidates/add/cfaU4PIOm/gUCEEcqacpegK/jrxvvKa8zB" "Mozilla/5.0 (Windows NT 10.0; Win64; x64) AppleWebKit/537.36 (KHTML, like Gecko) Chrome/89.0.4389.82 Safari/537.36 - Virtuoso - spotqa.com/virtuoso - If this request is unexpected or unwelcome, please contact abuse@spotqa.com"
34.254.248.223 - crucible [25/Jun/2021:05:39:18 +0000] "POST /ats/apis/assessmentRequest HTTP/1.1" 200 607 "https://crpt.crucibleapp.com/ats/apis/assessmentRequestConsole" "Mozilla/5.0 (Windows NT 10.0; Win64; x64) AppleWebKit/537.36 (KHTML, like Gecko) Chrome/89.0.4389.82 Safari/537.36 - Virtuoso - spotqa.com/virtuoso - If this request is unexpected or unwelcome, please contact abuse@spotqa.com"
54.75.39.220 - - [25/Jun/2021:05:39:18 +0000] "GET /theme/Vanilla/img/contrast_a.png HTTP/1.1" 200 1282 "https://crpt.crucibleapp.com/theme/Vanilla/css/custom.css" "Mozilla/5.0 (Windows NT 10.0; Win64; x64) AppleWebKit/537.36 (KHTML, like Gecko) Chrome/89.0.4389.82 Safari/537.36 - Virtuoso - spotqa.com/virtuoso - If this request is unexpected or unwelcome, please contact abuse@spotqa.com"
3.250.6.52 - - [25/Jun/2021:05:39:18 +0000] "POST /users/candidates/add/cfaU4PIOm/csxFpX66MEWic/jrxvvKa8zB HTTP/1.1" 302 5 "https://crpt.crucibleapp.com/users/candidates/add/cfaU4PIOm/csxFpX66MEWic/jrxvvKa8zB" "Mozilla/5.0 (Windows NT 10.0; Win64; x64) AppleWebKit/537.36 (KHTML, like Gecko) Chrome/89.0.4389.82 Safari/537.36 - Virtuoso - spotqa.com/virtuoso - If this request is unexpected or unwelcome, please contact abuse@spotqa.com"
