86.31.122.22 - - [25/Jun/2021:05:03:13 +0000] "POST /crpts/assessments/cfa/cfaS4yyT6/LSXfvqruyqJdp/jrjNLuI1Dk HTTP/1.1" 302 5 "https://crpt.crucibleapp.com/crpts/assessments/cfa/cfaS4yyT6/LSXfvqruyqJdp/jrjNLuI1Dk" "Mozilla/5.0 (Linux; Android 10; MAR-LX1A) AppleWebKit/537.36 (KHTML, like Gecko) Chrome/91.0.4472.101 Mobile Safari/537.36"
10.10.0.25 - - [25/Jun/2021:05:03:14 +0000] "GET / HTTP/1.1" 302 5 "-" "ELB-HealthChecker/2.0"
86.31.122.22 - - [25/Jun/2021:05:03:16 +0000] "GET /crpts/assessments/cfa/cfaS4yyT6/LSXfvqruyqJdp/jrjNLuI1Dk HTTP/1.1" 200 3722 "https://crpt.crucibleapp.com/crpts/assessments/cfa/cfaS4yyT6/LSXfvqruyqJdp/jrjNLuI1Dk" "Mozilla/5.0 (Linux; Android 10; MAR-LX1A) AppleWebKit/537.36 (KHTML, like Gecko) Chrome/91.0.4472.101 Mobile Safari/537.36"
10.10.0.238 - - [25/Jun/2021:05:03:17 +0000] "GET / HTTP/1.1" 302 5 "-" "ELB-HealthChecker/2.0"
10.10.10.65 - - [25/Jun/2021:05:03:21 +0000] "GET / HTTP/1.1" 302 5 "-" "ELB-HealthChecker/2.0"
86.31.122.22 - - [25/Jun/2021:05:03:22 +0000] "POST /crpts/assessments/cfa/cfaS4yyT6/LSXfvqruyqJdp/jrjNLuI1Dk HTTP/1.1" 302 5 "https://crpt.crucibleapp.com/crpts/assessments/cfa/cfaS4yyT6/LSXfvqruyqJdp/jrjNLuI1Dk" "Mozilla/5.0 (Linux; Android 10; MAR-LX1A) AppleWebKit/537.36 (KHTML, like Gecko) Chrome/91.0.4472.101 Mobile Safari/537.36"
10.10.40.22 - - [25/Jun/2021:05:03:22 +0000] "GET / HTTP/1.1" 302 5 "-" "ELB-HealthChecker/2.0"
10.10.0.25 - - [25/Jun/2021:05:03:29 +0000] "GET / HTTP/1.1" 302 5 "-" "ELB-HealthChecker/2.0"
86.31.122.22 - - [25/Jun/2021:05:03:31 +0000] "GET /crpts/assessments/cfa/cfaS4yyT6/LSXfvqruyqJdp/jrjNLuI1Dk HTTP/1.1" 200 3740 "https://crpt.crucibleapp.com/crpts/assessments/cfa/cfaS4yyT6/LSXfvqruyqJdp/jrjNLuI1Dk" "Mozilla/5.0 (Linux; Android 10; MAR-LX1A) AppleWebKit/537.36 (KHTML, like Gecko) Chrome/91.0.4472.101 Mobile Safari/537.36"
10.10.0.238 - - [25/Jun/2021:05:03:32 +0000] "GET / HTTP/1.1" 302 5 "-" "ELB-HealthChecker/2.0"
84.13.84.209 - - [25/Jun/2021:05:03:33 +0000] "GET /crpts/assessments/rpa/rpa1TfHlr/zf6GjxMqAz7QC/jrWpr5HNpC HTTP/1.1" 200 4737 "https://crpt.crucibleapp.com/crpts/assessments/rpa/rpa1TfHlr/zf6GjxMqAz7QC/jrWpr5HNpC" "Mozilla/5.0 (iPhone; CPU iPhone OS 13_7 like Mac OS X) AppleWebKit/605.1.15 (KHTML, like Gecko) Version/13.1.2 Mobile/15E148 Safari/604.1"
10.10.10.65 - - [25/Jun/2021:05:03:36 +0000] "GET / HTTP/1.1" 302 5 "-" "ELB-HealthChecker/2.0"
10.10.40.22 - - [25/Jun/2021:05:03:37 +0000] "GET / HTTP/1.1" 302 5 "-" "ELB-HealthChecker/2.0"
10.10.0.25 - - [25/Jun/2021:05:03:44 +0000] "GET / HTTP/1.1" 302 5 "-" "ELB-HealthChecker/2.0"
10.10.0.238 - - [25/Jun/2021:05:03:47 +0000] "GET / HTTP/1.1" 302 5 "-" "ELB-HealthChecker/2.0"
86.31.122.22 - - [25/Jun/2021:05:03:50 +0000] "POST /crpts/assessments/cfa/cfaS4yyT6/LSXfvqruyqJdp/jrjNLuI1Dk HTTP/1.1" 302 5 "https://crpt.crucibleapp.com/crpts/assessments/cfa/cfaS4yyT6/LSXfvqruyqJdp/jrjNLuI1Dk" "Mozilla/5.0 (Linux; Android 10; MAR-LX1A) AppleWebKit/537.36 (KHTML, like Gecko) Chrome/91.0.4472.101 Mobile Safari/537.36"
10.10.10.65 - - [25/Jun/2021:05:03:51 +0000] "GET / HTTP/1.1" 302 5 "-" "ELB-HealthChecker/2.0"
10.10.40.22 - - [25/Jun/2021:05:03:52 +0000] "GET / HTTP/1.1" 302 5 "-" "ELB-HealthChecker/2.0"
86.31.122.22 - - [25/Jun/2021:05:03:55 +0000] "GET /crpts/assessments/cfa/cfaS4yyT6/LSXfvqruyqJdp/jrjNLuI1Dk HTTP/1.1" 200 3773 "https://crpt.crucibleapp.com/crpts/assessments/cfa/cfaS4yyT6/LSXfvqruyqJdp/jrjNLuI1Dk" "Mozilla/5.0 (Linux; Android 10; MAR-LX1A) AppleWebKit/537.36 (KHTML, like Gecko) Chrome/91.0.4472.101 Mobile Safari/537.36"
84.13.84.209 - - [25/Jun/2021:05:03:57 +0000] "GET /crpts/assessments/rpa/rpa1TfHlr/zf6GjxMqAz7QC/jrWpr5HNpC HTTP/1.1" 200 4710 "https://crpt.crucibleapp.com/crpts/assessments/rpa/rpa1TfHlr/zf6GjxMqAz7QC/jrWpr5HNpC" "Mozilla/5.0 (iPhone; CPU iPhone OS 13_7 like Mac OS X) AppleWebKit/605.1.15 (KHTML, like Gecko) Version/13.1.2 Mobile/15E148 Safari/604.1"
10.10.0.25 - - [25/Jun/2021:05:03:59 +0000] "GET / HTTP/1.1" 302 5 "-" "ELB-HealthChecker/2.0"
10.10.0.238 - - [25/Jun/2021:05:04:03 +0000] "GET / HTTP/1.1" 302 5 "-" "ELB-HealthChecker/2.0"
10.10.10.65 - - [25/Jun/2021:05:04:06 +0000] "GET / HTTP/1.1" 302 5 "-" "ELB-HealthChecker/2.0"
10.10.40.22 - - [25/Jun/2021:05:04:07 +0000] "GET / HTTP/1.1" 302 5 "-" "ELB-HealthChecker/2.0"
86.31.122.22 - - [25/Jun/2021:05:04:08 +0000] "POST /crpts/assessments/cfa/cfaS4yyT6/LSXfvqruyqJdp/jrjNLuI1Dk HTTP/1.1" 302 5 "https://crpt.crucibleapp.com/crpts/assessments/cfa/cfaS4yyT6/LSXfvqruyqJdp/jrjNLuI1Dk" "Mozilla/5.0 (Linux; Android 10; MAR-LX1A) AppleWebKit/537.36 (KHTML, like Gecko) Chrome/91.0.4472.101 Mobile Safari/537.36"
88.98.48.161 - - [25/Jun/2021:05:04:12 +0000] "GET / HTTP/1.1" 302 5 "-" "Zabbix"
10.10.0.25 - - [25/Jun/2021:05:04:14 +0000] "GET / HTTP/1.1" 302 5 "-" "ELB-HealthChecker/2.0"
10.10.0.238 - - [25/Jun/2021:05:04:18 +0000] "GET / HTTP/1.1" 302 5 "-" "ELB-HealthChecker/2.0"
10.10.10.65 - - [25/Jun/2021:05:04:21 +0000] "GET / HTTP/1.1" 302 5 "-" "ELB-HealthChecker/2.0"
10.10.40.22 - - [25/Jun/2021:05:04:22 +0000] "GET / HTTP/1.1" 302 5 "-" "ELB-HealthChecker/2.0"
10.10.0.25 - - [25/Jun/2021:05:04:29 +0000] "GET / HTTP/1.1" 302 5 "-" "ELB-HealthChecker/2.0"
10.10.0.238 - - [25/Jun/2021:05:04:33 +0000] "GET / HTTP/1.1" 302 5 "-" "ELB-HealthChecker/2.0"
86.31.122.22 - - [25/Jun/2021:05:04:35 +0000] "GET /crpts/assessments/cfa/cfaS4yyT6/LSXfvqruyqJdp/jrjNLuI1Dk HTTP/1.1" 200 3735 "https://crpt.crucibleapp.com/crpts/assessments/cfa/cfaS4yyT6/LSXfvqruyqJdp/jrjNLuI1Dk" "Mozilla/5.0 (Linux; Android 10; MAR-LX1A) AppleWebKit/537.36 (KHTML, like Gecko) Chrome/91.0.4472.101 Mobile Safari/537.36"
10.10.10.65 - - [25/Jun/2021:05:04:36 +0000] "GET / HTTP/1.1" 302 5 "-" "ELB-HealthChecker/2.0"
10.10.40.22 - - [25/Jun/2021:05:04:37 +0000] "GET / HTTP/1.1" 302 5 "-" "ELB-HealthChecker/2.0"
10.10.0.25 - - [25/Jun/2021:05:04:44 +0000] "GET / HTTP/1.1" 302 5 "-" "ELB-HealthChecker/2.0"
10.10.0.238 - - [25/Jun/2021:05:04:48 +0000] "GET / HTTP/1.1" 302 5 "-" "ELB-HealthChecker/2.0"
162.62.123.46 - - [25/Jun/2021:05:04:50 +0000] "GET / HTTP/1.1" 301 162 "-" "-"
10.10.10.65 - - [25/Jun/2021:05:04:51 +0000] "GET / HTTP/1.1" 302 5 "-" "ELB-HealthChecker/2.0"
10.10.40.22 - - [25/Jun/2021:05:04:52 +0000] "GET / HTTP/1.1" 302 5 "-" "ELB-HealthChecker/2.0"
86.31.122.22 - - [25/Jun/2021:05:04:54 +0000] "POST /crpts/assessments/cfa/cfaS4yyT6/LSXfvqruyqJdp/jrjNLuI1Dk HTTP/1.1" 302 5 "https://crpt.crucibleapp.com/crpts/assessments/cfa/cfaS4yyT6/LSXfvqruyqJdp/jrjNLuI1Dk" "Mozilla/5.0 (Linux; Android 10; MAR-LX1A) AppleWebKit/537.36 (KHTML, like Gecko) Chrome/91.0.4472.101 Mobile Safari/537.36"
86.31.122.22 - - [25/Jun/2021:05:04:59 +0000] "GET /crpts/assessments/cfa/cfaS4yyT6/LSXfvqruyqJdp/jrjNLuI1Dk HTTP/1.1" 200 3746 "https://crpt.crucibleapp.com/crpts/assessments/cfa/cfaS4yyT6/LSXfvqruyqJdp/jrjNLuI1Dk" "Mozilla/5.0 (Linux; Android 10; MAR-LX1A) AppleWebKit/537.36 (KHTML, like Gecko) Chrome/91.0.4472.101 Mobile Safari/537.36"
10.10.0.25 - - [25/Jun/2021:05:04:59 +0000] "GET / HTTP/1.1" 302 5 "-" "ELB-HealthChecker/2.0"
10.10.0.238 - - [25/Jun/2021:05:05:03 +0000] "GET / HTTP/1.1" 302 5 "-" "ELB-HealthChecker/2.0"
10.10.10.65 - - [25/Jun/2021:05:05:06 +0000] "GET / HTTP/1.1" 302 5 "-" "ELB-HealthChecker/2.0"
10.10.40.22 - - [25/Jun/2021:05:05:07 +0000] "GET / HTTP/1.1" 302 5 "-" "ELB-HealthChecker/2.0"
86.31.122.22 - - [25/Jun/2021:05:05:12 +0000] "GET /crpts/assessments/cfa/cfaS4yyT6/LSXfvqruyqJdp/jrjNLuI1Dk HTTP/1.1" 200 3717 "https://crpt.crucibleapp.com/crpts/assessments/cfa/cfaS4yyT6/LSXfvqruyqJdp/jrjNLuI1Dk" "Mozilla/5.0 (Linux; Android 10; MAR-LX1A) AppleWebKit/537.36 (KHTML, like Gecko) Chrome/91.0.4472.101 Mobile Safari/537.36"
10.10.0.25 - - [25/Jun/2021:05:05:14 +0000] "GET / HTTP/1.1" 302 5 "-" "ELB-HealthChecker/2.0"
10.10.0.238 - - [25/Jun/2021:05:05:18 +0000] "GET / HTTP/1.1" 302 5 "-" "ELB-HealthChecker/2.0"
86.31.122.22 - - [25/Jun/2021:05:05:18 +0000] "GET /crpts/assessments/cfa_complete/cfaS4yyT6/LSXfvqruyqJdp/jrjNLuI1Dk HTTP/1.1" 200 2935 "https://crpt.crucibleapp.com/crpts/assessments/cfa/cfaS4yyT6/LSXfvqruyqJdp/jrjNLuI1Dk" "Mozilla/5.0 (Linux; Android 10; MAR-LX1A) AppleWebKit/537.36 (KHTML, like Gecko) Chrome/91.0.4472.101 Mobile Safari/537.36"
10.10.10.65 - - [25/Jun/2021:05:05:21 +0000] "GET / HTTP/1.1" 302 5 "-" "ELB-HealthChecker/2.0"
10.10.40.22 - - [25/Jun/2021:05:05:22 +0000] "GET / HTTP/1.1" 302 5 "-" "ELB-HealthChecker/2.0"
10.10.0.25 - - [25/Jun/2021:05:05:29 +0000] "GET / HTTP/1.1" 302 5 "-" "ELB-HealthChecker/2.0"
10.10.0.238 - - [25/Jun/2021:05:05:33 +0000] "GET / HTTP/1.1" 302 5 "-" "ELB-HealthChecker/2.0"
10.10.10.65 - - [25/Jun/2021:05:05:36 +0000] "GET / HTTP/1.1" 302 5 "-" "ELB-HealthChecker/2.0"
10.10.40.22 - - [25/Jun/2021:05:05:37 +0000] "GET / HTTP/1.1" 302 5 "-" "ELB-HealthChecker/2.0"
10.10.0.25 - - [25/Jun/2021:05:05:44 +0000] "GET / HTTP/1.1" 302 5 "-" "ELB-HealthChecker/2.0"
10.10.0.238 - - [25/Jun/2021:05:05:48 +0000] "GET / HTTP/1.1" 302 5 "-" "ELB-HealthChecker/2.0"
84.13.84.209 - - [25/Jun/2021:05:05:48 +0000] "POST /crpts/assessments/rpa/rpa1TfHlr/zf6GjxMqAz7QC/jrWpr5HNpC HTTP/1.1" 302 5 "https://crpt.crucibleapp.com/crpts/assessments/rpa/rpa1TfHlr/zf6GjxMqAz7QC/jrWpr5HNpC" "Mozilla/5.0 (iPhone; CPU iPhone OS 13_7 like Mac OS X) AppleWebKit/605.1.15 (KHTML, like Gecko) Version/13.1.2 Mobile/15E148 Safari/604.1"
10.10.10.65 - - [25/Jun/2021:05:05:51 +0000] "GET / HTTP/1.1" 302 5 "-" "ELB-HealthChecker/2.0"
10.10.40.22 - - [25/Jun/2021:05:05:52 +0000] "GET / HTTP/1.1" 302 5 "-" "ELB-HealthChecker/2.0"
10.10.0.25 - - [25/Jun/2021:05:05:59 +0000] "GET / HTTP/1.1" 302 5 "-" "ELB-HealthChecker/2.0"
10.10.0.238 - - [25/Jun/2021:05:06:03 +0000] "GET / HTTP/1.1" 302 5 "-" "ELB-HealthChecker/2.0"
10.10.10.65 - - [25/Jun/2021:05:06:06 +0000] "GET / HTTP/1.1" 302 5 "-" "ELB-HealthChecker/2.0"
10.10.40.22 - - [25/Jun/2021:05:06:07 +0000] "GET / HTTP/1.1" 302 5 "-" "ELB-HealthChecker/2.0"
10.10.0.25 - - [25/Jun/2021:05:06:14 +0000] "GET / HTTP/1.1" 302 5 "-" "ELB-HealthChecker/2.0"
10.10.0.238 - - [25/Jun/2021:05:06:18 +0000] "GET / HTTP/1.1" 302 5 "-" "ELB-HealthChecker/2.0"
84.13.84.209 - - [25/Jun/2021:05:06:18 +0000] "POST /crpts/assessments/rpa/rpa1TfHlr/zf6GjxMqAz7QC/jrWpr5HNpC HTTP/1.1" 302 5 "https://crpt.crucibleapp.com/crpts/assessments/rpa/rpa1TfHlr/zf6GjxMqAz7QC/jrWpr5HNpC" "Mozilla/5.0 (iPhone; CPU iPhone OS 13_7 like Mac OS X) AppleWebKit/605.1.15 (KHTML, like Gecko) Version/13.1.2 Mobile/15E148 Safari/604.1"
10.10.10.65 - - [25/Jun/2021:05:06:21 +0000] "GET / HTTP/1.1" 302 5 "-" "ELB-HealthChecker/2.0"
10.10.40.22 - - [25/Jun/2021:05:06:22 +0000] "GET / HTTP/1.1" 302 5 "-" "ELB-HealthChecker/2.0"
52.48.216.108 - - [25/Jun/2021:05:06:22 +0000] "GET /css/product/product.css HTTP/1.1" 200 50071 "-" "Mozilla/5.0 (X11; U; Linux x86_64; C) AppleWebKit/533.3 (KHTML, like Gecko) Qt/4.8.0 Safari/533.3"
52.48.216.108 - - [25/Jun/2021:05:06:23 +0000] "GET /fonts/Roboto/roboto-medium_0-webfont.ttf HTTP/1.1" 200 41384 "-" "Mozilla/5.0 (X11; U; Linux x86_64; C) AppleWebKit/533.3 (KHTML, like Gecko) Qt/4.8.0 Safari/533.3"
10.10.0.25 - - [25/Jun/2021:05:06:29 +0000] "GET / HTTP/1.1" 302 5 "-" "ELB-HealthChecker/2.0"
10.10.0.238 - - [25/Jun/2021:05:06:33 +0000] "GET / HTTP/1.1" 302 5 "-" "ELB-HealthChecker/2.0"
10.10.10.65 - - [25/Jun/2021:05:06:36 +0000] "GET / HTTP/1.1" 302 5 "-" "ELB-HealthChecker/2.0"
10.10.40.22 - - [25/Jun/2021:05:06:37 +0000] "GET / HTTP/1.1" 302 5 "-" "ELB-HealthChecker/2.0"
97.107.138.39 - - [25/Jun/2021:05:06:39 +0000] "GET / HTTP/1.1" 302 5 "-" "Mozilla/5.0 (Windows NT 6.1; WOW64; rv:8.0) Gecko/20100101 Firefox/8.0"
10.10.0.25 - - [25/Jun/2021:05:06:44 +0000] "GET / HTTP/1.1" 302 5 "-" "ELB-HealthChecker/2.0"
52.212.80.220 - - [25/Jun/2021:05:06:44 +0000] "GET /css/product/custom.css HTTP/1.1" 200 2351 "-" "Mozilla/5.0 (X11; U; Linux x86_64; en-US) AppleWebKit/533.3 (KHTML, like Gecko) Qt/4.8.0 Safari/533.3"
52.212.80.220 - - [25/Jun/2021:05:06:44 +0000] "GET /css/jquery.validate.css HTTP/1.1" 200 379 "-" "Mozilla/5.0 (X11; U; Linux x86_64; en-US) AppleWebKit/533.3 (KHTML, like Gecko) Qt/4.8.0 Safari/533.3"
10.10.0.238 - - [25/Jun/2021:05:06:48 +0000] "GET / HTTP/1.1" 302 5 "-" "ELB-HealthChecker/2.0"
10.10.10.65 - - [25/Jun/2021:05:06:51 +0000] "GET / HTTP/1.1" 302 5 "-" "ELB-HealthChecker/2.0"
10.10.40.22 - - [25/Jun/2021:05:06:52 +0000] "GET / HTTP/1.1" 302 5 "-" "ELB-HealthChecker/2.0"
10.10.0.25 - - [25/Jun/2021:05:06:59 +0000] "GET / HTTP/1.1" 302 5 "-" "ELB-HealthChecker/2.0"
10.10.0.238 - - [25/Jun/2021:05:07:03 +0000] "GET / HTTP/1.1" 302 5 "-" "ELB-HealthChecker/2.0"
10.10.10.65 - - [25/Jun/2021:05:07:06 +0000] "GET / HTTP/1.1" 302 5 "-" "ELB-HealthChecker/2.0"
10.10.40.22 - - [25/Jun/2021:05:07:07 +0000] "GET / HTTP/1.1" 302 5 "-" "ELB-HealthChecker/2.0"
10.10.0.25 - - [25/Jun/2021:05:07:14 +0000] "GET / HTTP/1.1" 302 5 "-" "ELB-HealthChecker/2.0"
88.98.48.161 - - [25/Jun/2021:05:07:16 +0000] "GET / HTTP/1.1" 302 5 "-" "Zabbix"
10.10.0.238 - - [25/Jun/2021:05:07:18 +0000] "GET / HTTP/1.1" 302 5 "-" "ELB-HealthChecker/2.0"
10.10.10.65 - - [25/Jun/2021:05:07:21 +0000] "GET / HTTP/1.1" 302 5 "-" "ELB-HealthChecker/2.0"
10.10.40.22 - - [25/Jun/2021:05:07:22 +0000] "GET / HTTP/1.1" 302 5 "-" "ELB-HealthChecker/2.0"
10.10.0.25 - - [25/Jun/2021:05:07:29 +0000] "GET / HTTP/1.1" 302 5 "-" "ELB-HealthChecker/2.0"
10.10.0.238 - - [25/Jun/2021:05:07:33 +0000] "GET / HTTP/1.1" 302 5 "-" "ELB-HealthChecker/2.0"
10.10.10.65 - - [25/Jun/2021:05:07:36 +0000] "GET / HTTP/1.1" 302 5 "-" "ELB-HealthChecker/2.0"
10.10.40.22 - - [25/Jun/2021:05:07:37 +0000] "GET / HTTP/1.1" 302 5 "-" "ELB-HealthChecker/2.0"
10.10.0.25 - - [25/Jun/2021:05:07:44 +0000] "GET / HTTP/1.1" 302 5 "-" "ELB-HealthChecker/2.0"
10.10.0.238 - - [25/Jun/2021:05:07:48 +0000] "GET / HTTP/1.1" 302 5 "-" "ELB-HealthChecker/2.0"
10.10.10.65 - - [25/Jun/2021:05:07:51 +0000] "GET / HTTP/1.1" 302 5 "-" "ELB-HealthChecker/2.0"
10.10.40.22 - - [25/Jun/2021:05:07:52 +0000] "GET / HTTP/1.1" 302 5 "-" "ELB-HealthChecker/2.0"
10.10.0.25 - - [25/Jun/2021:05:07:59 +0000] "GET / HTTP/1.1" 302 5 "-" "ELB-HealthChecker/2.0"
10.10.0.238 - - [25/Jun/2021:05:08:03 +0000] "GET / HTTP/1.1" 302 5 "-" "ELB-HealthChecker/2.0"
10.10.10.65 - - [25/Jun/2021:05:08:06 +0000] "GET / HTTP/1.1" 302 5 "-" "ELB-HealthChecker/2.0"
10.10.40.22 - - [25/Jun/2021:05:08:08 +0000] "GET / HTTP/1.1" 302 5 "-" "ELB-HealthChecker/2.0"
10.10.0.25 - - [25/Jun/2021:05:08:14 +0000] "GET / HTTP/1.1" 302 5 "-" "ELB-HealthChecker/2.0"
88.98.48.161 - - [25/Jun/2021:05:08:16 +0000] "GET / HTTP/1.1" 302 5 "-" "Zabbix"
10.10.0.238 - - [25/Jun/2021:05:08:18 +0000] "GET / HTTP/1.1" 302 5 "-" "ELB-HealthChecker/2.0"
10.10.10.65 - - [25/Jun/2021:05:08:21 +0000] "GET / HTTP/1.1" 302 5 "-" "ELB-HealthChecker/2.0"
10.10.40.22 - - [25/Jun/2021:05:08:23 +0000] "GET / HTTP/1.1" 302 5 "-" "ELB-HealthChecker/2.0"
10.10.0.25 - - [25/Jun/2021:05:08:29 +0000] "GET / HTTP/1.1" 302 5 "-" "ELB-HealthChecker/2.0"
10.10.0.238 - - [25/Jun/2021:05:08:33 +0000] "GET / HTTP/1.1" 302 5 "-" "ELB-HealthChecker/2.0"
10.10.10.65 - - [25/Jun/2021:05:08:36 +0000] "GET / HTTP/1.1" 302 5 "-" "ELB-HealthChecker/2.0"
10.10.40.22 - - [25/Jun/2021:05:08:38 +0000] "GET / HTTP/1.1" 302 5 "-" "ELB-HealthChecker/2.0"
10.10.0.25 - - [25/Jun/2021:05:08:44 +0000] "GET / HTTP/1.1" 302 5 "-" "ELB-HealthChecker/2.0"
10.10.0.238 - - [25/Jun/2021:05:08:48 +0000] "GET / HTTP/1.1" 302 5 "-" "ELB-HealthChecker/2.0"
10.10.10.65 - - [25/Jun/2021:05:08:51 +0000] "GET / HTTP/1.1" 302 5 "-" "ELB-HealthChecker/2.0"
10.10.40.22 - - [25/Jun/2021:05:08:53 +0000] "GET / HTTP/1.1" 302 5 "-" "ELB-HealthChecker/2.0"
10.10.0.25 - - [25/Jun/2021:05:08:59 +0000] "GET / HTTP/1.1" 302 5 "-" "ELB-HealthChecker/2.0"
10.10.0.238 - - [25/Jun/2021:05:09:03 +0000] "GET / HTTP/1.1" 302 5 "-" "ELB-HealthChecker/2.0"
10.10.10.65 - - [25/Jun/2021:05:09:06 +0000] "GET / HTTP/1.1" 302 5 "-" "ELB-HealthChecker/2.0"
10.10.40.22 - - [25/Jun/2021:05:09:08 +0000] "GET / HTTP/1.1" 302 5 "-" "ELB-HealthChecker/2.0"
10.10.0.25 - - [25/Jun/2021:05:09:14 +0000] "GET / HTTP/1.1" 302 5 "-" "ELB-HealthChecker/2.0"
88.98.48.161 - - [25/Jun/2021:05:09:16 +0000] "GET / HTTP/1.1" 302 5 "-" "Zabbix"
10.10.0.238 - - [25/Jun/2021:05:09:18 +0000] "GET / HTTP/1.1" 302 5 "-" "ELB-HealthChecker/2.0"
10.10.10.65 - - [25/Jun/2021:05:09:21 +0000] "GET / HTTP/1.1" 302 5 "-" "ELB-HealthChecker/2.0"
10.10.40.22 - - [25/Jun/2021:05:09:23 +0000] "GET / HTTP/1.1" 302 5 "-" "ELB-HealthChecker/2.0"
190.110.215.162 - - [25/Jun/2021:05:09:28 +0000] "GET / HTTP/1.1" 301 162 "-" "Mozilla/5.0 (Windows NT 6.1; WOW64) AppleWebKit/537.36 (KHTML, like Gecko) Chrome/52.0.2743.116 Safari/537.36"
10.10.0.25 - - [25/Jun/2021:05:09:29 +0000] "GET / HTTP/1.1" 302 5 "-" "ELB-HealthChecker/2.0"
10.10.0.238 - - [25/Jun/2021:05:09:33 +0000] "GET / HTTP/1.1" 302 5 "-" "ELB-HealthChecker/2.0"
10.10.10.65 - - [25/Jun/2021:05:09:36 +0000] "GET / HTTP/1.1" 302 5 "-" "ELB-HealthChecker/2.0"
10.10.40.22 - - [25/Jun/2021:05:09:38 +0000] "GET / HTTP/1.1" 302 5 "-" "ELB-HealthChecker/2.0"
10.10.0.25 - - [25/Jun/2021:05:09:44 +0000] "GET / HTTP/1.1" 302 5 "-" "ELB-HealthChecker/2.0"
10.10.0.238 - - [25/Jun/2021:05:09:48 +0000] "GET / HTTP/1.1" 302 5 "-" "ELB-HealthChecker/2.0"
10.10.10.65 - - [25/Jun/2021:05:09:51 +0000] "GET / HTTP/1.1" 302 5 "-" "ELB-HealthChecker/2.0"
10.10.40.22 - - [25/Jun/2021:05:09:53 +0000] "GET / HTTP/1.1" 302 5 "-" "ELB-HealthChecker/2.0"
10.10.0.25 - - [25/Jun/2021:05:09:59 +0000] "GET / HTTP/1.1" 302 5 "-" "ELB-HealthChecker/2.0"
10.10.0.238 - - [25/Jun/2021:05:10:03 +0000] "GET / HTTP/1.1" 302 5 "-" "ELB-HealthChecker/2.0"
10.10.10.65 - - [25/Jun/2021:05:10:06 +0000] "GET / HTTP/1.1" 302 5 "-" "ELB-HealthChecker/2.0"
10.10.40.22 - - [25/Jun/2021:05:10:08 +0000] "GET / HTTP/1.1" 302 5 "-" "ELB-HealthChecker/2.0"
10.10.0.25 - - [25/Jun/2021:05:10:14 +0000] "GET / HTTP/1.1" 302 5 "-" "ELB-HealthChecker/2.0"
10.10.0.238 - - [25/Jun/2021:05:10:18 +0000] "GET / HTTP/1.1" 302 5 "-" "ELB-HealthChecker/2.0"
10.10.10.65 - - [25/Jun/2021:05:10:21 +0000] "GET / HTTP/1.1" 302 5 "-" "ELB-HealthChecker/2.0"
10.10.40.22 - - [25/Jun/2021:05:10:23 +0000] "GET / HTTP/1.1" 302 5 "-" "ELB-HealthChecker/2.0"
10.10.0.25 - - [25/Jun/2021:05:10:29 +0000] "GET / HTTP/1.1" 302 5 "-" "ELB-HealthChecker/2.0"
10.10.0.238 - - [25/Jun/2021:05:10:33 +0000] "GET / HTTP/1.1" 302 5 "-" "ELB-HealthChecker/2.0"
10.10.10.65 - - [25/Jun/2021:05:10:36 +0000] "GET / HTTP/1.1" 302 5 "-" "ELB-HealthChecker/2.0"
10.10.40.22 - - [25/Jun/2021:05:10:38 +0000] "GET / HTTP/1.1" 302 5 "-" "ELB-HealthChecker/2.0"
10.10.0.25 - - [25/Jun/2021:05:10:44 +0000] "GET / HTTP/1.1" 302 5 "-" "ELB-HealthChecker/2.0"
10.10.0.238 - - [25/Jun/2021:05:10:48 +0000] "GET / HTTP/1.1" 302 5 "-" "ELB-HealthChecker/2.0"
107.222.101.220 - - [25/Jun/2021:05:10:50 +0000] "GET /users/candidates/add/cfalA3rL7/sNCqckYKndHkK/jr7pVpOqlH HTTP/1.1" 200 20963 "https://experian.taleo.net/careersection/careersection/candidateacquisition/screening/externalpopup/externalPopup.jsp?candidateEntityKey=685501&applicationEntityKey=2529901&partnerEntityKey=1010120&sealedRequestId=yxkT8b6SpgvE1rZmTGEcwuQ-3_SRCHjIJ6nd2jYGckd1sjgHdZ40ktQmNCwD1h6VOlyH3bNgXXeThrQLpDHgbNTb6Gk9h9hZ_MHc3k6KY1m0x1sX5-wK_4xvSPdeUkbHPgI9mg00sDz8AjdFxZbVQw==&isFromEmailCall=1" "Mozilla/5.0 (Macintosh; Intel Mac OS X 10_15_6) AppleWebKit/605.1.15 (KHTML, like Gecko) Version/14.1.1 Safari/605.1.15"
107.222.101.220 - - [25/Jun/2021:05:10:50 +0000] "GET /css/crucible-widget.css HTTP/1.1" 200 812 "https://crpt.crucibleapp.com/users/candidates/add/cfalA3rL7/sNCqckYKndHkK/jr7pVpOqlH" "Mozilla/5.0 (Macintosh; Intel Mac OS X 10_15_6) AppleWebKit/605.1.15 (KHTML, like Gecko) Version/14.1.1 Safari/605.1.15"
107.222.101.220 - - [25/Jun/2021:05:10:50 +0000] "GET /js/jquery-ui.js HTTP/1.1" 200 131912 "https://crpt.crucibleapp.com/users/candidates/add/cfalA3rL7/sNCqckYKndHkK/jr7pVpOqlH" "Mozilla/5.0 (Macintosh; Intel Mac OS X 10_15_6) AppleWebKit/605.1.15 (KHTML, like Gecko) Version/14.1.1 Safari/605.1.15"
107.222.101.220 - - [25/Jun/2021:05:10:50 +0000] "GET /theme/Vanilla/css/flags.css HTTP/1.1" 200 3329 "https://crpt.crucibleapp.com/users/candidates/add/cfalA3rL7/sNCqckYKndHkK/jr7pVpOqlH" "Mozilla/5.0 (Macintosh; Intel Mac OS X 10_15_6) AppleWebKit/605.1.15 (KHTML, like Gecko) Version/14.1.1 Safari/605.1.15"
107.222.101.220 - - [25/Jun/2021:05:10:50 +0000] "GET /js/iframe-remover.js HTTP/1.1" 200 176 "https://crpt.crucibleapp.com/users/candidates/add/cfalA3rL7/sNCqckYKndHkK/jr7pVpOqlH" "Mozilla/5.0 (Macintosh; Intel Mac OS X 10_15_6) AppleWebKit/605.1.15 (KHTML, like Gecko) Version/14.1.1 Safari/605.1.15"
107.222.101.220 - - [25/Jun/2021:05:10:50 +0000] "GET /js/script.js HTTP/1.1" 200 1225 "https://crpt.crucibleapp.com/users/candidates/add/cfalA3rL7/sNCqckYKndHkK/jr7pVpOqlH" "Mozilla/5.0 (Macintosh; Intel Mac OS X 10_15_6) AppleWebKit/605.1.15 (KHTML, like Gecko) Version/14.1.1 Safari/605.1.15"
107.222.101.220 - - [25/Jun/2021:05:10:50 +0000] "GET /js/appConstants.js HTTP/1.1" 200 480 "https://crpt.crucibleapp.com/users/candidates/add/cfalA3rL7/sNCqckYKndHkK/jr7pVpOqlH" "Mozilla/5.0 (Macintosh; Intel Mac OS X 10_15_6) AppleWebKit/605.1.15 (KHTML, like Gecko) Version/14.1.1 Safari/605.1.15"
107.222.101.220 - - [25/Jun/2021:05:10:50 +0000] "GET /js/validations/client-site-validation.js HTTP/1.1" 200 442 "https://crpt.crucibleapp.com/users/candidates/add/cfalA3rL7/sNCqckYKndHkK/jr7pVpOqlH" "Mozilla/5.0 (Macintosh; Intel Mac OS X 10_15_6) AppleWebKit/605.1.15 (KHTML, like Gecko) Version/14.1.1 Safari/605.1.15"
107.222.101.220 - - [25/Jun/2021:05:10:51 +0000] "GET /theme/Vanilla/img/transpBack.png HTTP/1.1" 200 932 "https://crpt.crucibleapp.com/users/candidates/add/cfalA3rL7/sNCqckYKndHkK/jr7pVpOqlH" "Mozilla/5.0 (Macintosh; Intel Mac OS X 10_15_6) AppleWebKit/605.1.15 (KHTML, like Gecko) Version/14.1.1 Safari/605.1.15"
10.10.10.65 - - [25/Jun/2021:05:10:51 +0000] "GET / HTTP/1.1" 302 5 "-" "ELB-HealthChecker/2.0"
10.10.40.22 - - [25/Jun/2021:05:10:53 +0000] "GET / HTTP/1.1" 302 5 "-" "ELB-HealthChecker/2.0"
107.222.101.220 - - [25/Jun/2021:05:10:57 +0000] "POST /users/candidates/add/cfalA3rL7/sNCqckYKndHkK/jr7pVpOqlH HTTP/1.1" 302 5 "https://crpt.crucibleapp.com/users/candidates/add/cfalA3rL7/sNCqckYKndHkK/jr7pVpOqlH" "Mozilla/5.0 (Macintosh; Intel Mac OS X 10_15_6) AppleWebKit/605.1.15 (KHTML, like Gecko) Version/14.1.1 Safari/605.1.15"
10.10.0.25 - - [25/Jun/2021:05:10:59 +0000] "GET / HTTP/1.1" 302 5 "-" "ELB-HealthChecker/2.0"
10.10.0.238 - - [25/Jun/2021:05:11:03 +0000] "GET / HTTP/1.1" 302 5 "-" "ELB-HealthChecker/2.0"
10.10.10.65 - - [25/Jun/2021:05:11:06 +0000] "GET / HTTP/1.1" 302 5 "-" "ELB-HealthChecker/2.0"
10.10.40.22 - - [25/Jun/2021:05:11:08 +0000] "GET / HTTP/1.1" 302 5 "-" "ELB-HealthChecker/2.0"
107.222.101.220 - - [25/Jun/2021:05:11:11 +0000] "POST /users/candidates/details/cfalA3rL7/sNCqckYKndHkK/jr7pVpOqlH HTTP/1.1" 302 5 "https://crpt.crucibleapp.com/users/candidates/details/cfalA3rL7/sNCqckYKndHkK/jr7pVpOqlH" "Mozilla/5.0 (Macintosh; Intel Mac OS X 10_15_6) AppleWebKit/605.1.15 (KHTML, like Gecko) Version/14.1.1 Safari/605.1.15"
10.10.0.25 - - [25/Jun/2021:05:11:14 +0000] "GET / HTTP/1.1" 302 5 "-" "ELB-HealthChecker/2.0"
107.222.101.220 - - [25/Jun/2021:05:11:15 +0000] "GET /js/assessments/back_button_disabled.js HTTP/1.1" 200 280 "https://crpt.crucibleapp.com/crpts/assessments/cfa/cfalA3rL7/sNCqckYKndHkK/jr7pVpOqlH" "Mozilla/5.0 (Macintosh; Intel Mac OS X 10_15_6) AppleWebKit/605.1.15 (KHTML, like Gecko) Version/14.1.1 Safari/605.1.15"
107.222.101.220 - - [25/Jun/2021:05:11:15 +0000] "GET /theme/Vanilla/img/info-icon.png HTTP/1.1" 200 925 "https://crpt.crucibleapp.com/crpts/assessments/cfa/cfalA3rL7/sNCqckYKndHkK/jr7pVpOqlH" "Mozilla/5.0 (Macintosh; Intel Mac OS X 10_15_6) AppleWebKit/605.1.15 (KHTML, like Gecko) Version/14.1.1 Safari/605.1.15"
10.10.0.238 - - [25/Jun/2021:05:11:18 +0000] "GET / HTTP/1.1" 302 5 "-" "ELB-HealthChecker/2.0"
10.10.10.65 - - [25/Jun/2021:05:11:21 +0000] "GET / HTTP/1.1" 302 5 "-" "ELB-HealthChecker/2.0"
88.98.48.161 - - [25/Jun/2021:05:11:22 +0000] "GET /users/users/login HTTP/1.1" 200 11829 "-" "Zabbix"
10.10.40.22 - - [25/Jun/2021:05:11:23 +0000] "GET / HTTP/1.1" 302 5 "-" "ELB-HealthChecker/2.0"
10.10.0.25 - - [25/Jun/2021:05:11:29 +0000] "GET / HTTP/1.1" 302 5 "-" "ELB-HealthChecker/2.0"
10.10.0.238 - - [25/Jun/2021:05:11:33 +0000] "GET / HTTP/1.1" 302 5 "-" "ELB-HealthChecker/2.0"
10.10.10.65 - - [25/Jun/2021:05:11:36 +0000] "GET / HTTP/1.1" 302 5 "-" "ELB-HealthChecker/2.0"
10.10.40.22 - - [25/Jun/2021:05:11:38 +0000] "GET / HTTP/1.1" 302 5 "-" "ELB-HealthChecker/2.0"
10.10.0.25 - - [25/Jun/2021:05:11:44 +0000] "GET / HTTP/1.1" 302 5 "-" "ELB-HealthChecker/2.0"
107.222.101.220 - - [25/Jun/2021:05:11:48 +0000] "POST /crpts/assessments/cfa/cfalA3rL7/sNCqckYKndHkK/jr7pVpOqlH HTTP/1.1" 302 5 "https://crpt.crucibleapp.com/crpts/assessments/cfa/cfalA3rL7/sNCqckYKndHkK/jr7pVpOqlH" "Mozilla/5.0 (Macintosh; Intel Mac OS X 10_15_6) AppleWebKit/605.1.15 (KHTML, like Gecko) Version/14.1.1 Safari/605.1.15"
10.10.0.238 - - [25/Jun/2021:05:11:48 +0000] "GET / HTTP/1.1" 302 5 "-" "ELB-HealthChecker/2.0"
10.10.10.65 - - [25/Jun/2021:05:11:51 +0000] "GET / HTTP/1.1" 302 5 "-" "ELB-HealthChecker/2.0"
10.10.40.22 - - [25/Jun/2021:05:11:53 +0000] "GET / HTTP/1.1" 302 5 "-" "ELB-HealthChecker/2.0"
10.10.0.25 - - [25/Jun/2021:05:11:59 +0000] "GET / HTTP/1.1" 302 5 "-" "ELB-HealthChecker/2.0"
10.10.0.238 - - [25/Jun/2021:05:12:03 +0000] "GET / HTTP/1.1" 302 5 "-" "ELB-HealthChecker/2.0"
10.10.10.65 - - [25/Jun/2021:05:12:06 +0000] "GET / HTTP/1.1" 302 5 "-" "ELB-HealthChecker/2.0"
10.10.40.22 - - [25/Jun/2021:05:12:08 +0000] "GET / HTTP/1.1" 302 5 "-" "ELB-HealthChecker/2.0"
10.10.0.25 - - [25/Jun/2021:05:12:14 +0000] "GET / HTTP/1.1" 302 5 "-" "ELB-HealthChecker/2.0"
10.10.0.238 - - [25/Jun/2021:05:12:18 +0000] "GET / HTTP/1.1" 302 5 "-" "ELB-HealthChecker/2.0"
107.222.101.220 - - [25/Jun/2021:05:12:18 +0000] "POST /crpts/assessments/cfa/cfalA3rL7/sNCqckYKndHkK/jr7pVpOqlH HTTP/1.1" 302 5 "https://crpt.crucibleapp.com/crpts/assessments/cfa/cfalA3rL7/sNCqckYKndHkK/jr7pVpOqlH" "Mozilla/5.0 (Macintosh; Intel Mac OS X 10_15_6) AppleWebKit/605.1.15 (KHTML, like Gecko) Version/14.1.1 Safari/605.1.15"
10.10.10.65 - - [25/Jun/2021:05:12:21 +0000] "GET / HTTP/1.1" 302 5 "-" "ELB-HealthChecker/2.0"
88.98.48.161 - - [25/Jun/2021:05:12:22 +0000] "GET /users/users/login HTTP/1.1" 200 11828 "-" "Zabbix"
10.10.40.22 - - [25/Jun/2021:05:12:23 +0000] "GET / HTTP/1.1" 302 5 "-" "ELB-HealthChecker/2.0"
10.10.0.25 - - [25/Jun/2021:05:12:29 +0000] "GET / HTTP/1.1" 302 5 "-" "ELB-HealthChecker/2.0"
10.10.0.238 - - [25/Jun/2021:05:12:33 +0000] "GET / HTTP/1.1" 302 5 "-" "ELB-HealthChecker/2.0"
10.10.10.65 - - [25/Jun/2021:05:12:36 +0000] "GET / HTTP/1.1" 302 5 "-" "ELB-HealthChecker/2.0"
10.10.40.22 - - [25/Jun/2021:05:12:38 +0000] "GET / HTTP/1.1" 302 5 "-" "ELB-HealthChecker/2.0"
10.10.0.25 - - [25/Jun/2021:05:12:44 +0000] "GET / HTTP/1.1" 302 5 "-" "ELB-HealthChecker/2.0"
86.31.122.22 - - [25/Jun/2021:05:12:48 +0000] "POST /crpts/assessments/rpa/rpa9dWz5F/ucWS3UPhhfuqk/jrjNLuI1Dk HTTP/1.1" 302 5 "https://crpt.crucibleapp.com/crpts/assessments/rpa/rpa9dWz5F/ucWS3UPhhfuqk/jrjNLuI1Dk" "Mozilla/5.0 (Linux; Android 10; MAR-LX1A) AppleWebKit/537.36 (KHTML, like Gecko) Chrome/91.0.4472.101 Mobile Safari/537.36"
10.10.0.238 - - [25/Jun/2021:05:12:48 +0000] "GET / HTTP/1.1" 302 5 "-" "ELB-HealthChecker/2.0"
10.10.10.65 - - [25/Jun/2021:05:12:51 +0000] "GET / HTTP/1.1" 302 5 "-" "ELB-HealthChecker/2.0"
10.10.40.22 - - [25/Jun/2021:05:12:53 +0000] "GET / HTTP/1.1" 302 5 "-" "ELB-HealthChecker/2.0"
10.10.0.25 - - [25/Jun/2021:05:12:59 +0000] "GET / HTTP/1.1" 302 5 "-" "ELB-HealthChecker/2.0"
10.10.0.238 - - [25/Jun/2021:05:13:03 +0000] "GET / HTTP/1.1" 302 5 "-" "ELB-HealthChecker/2.0"
10.10.10.65 - - [25/Jun/2021:05:13:06 +0000] "GET / HTTP/1.1" 302 5 "-" "ELB-HealthChecker/2.0"
10.10.40.22 - - [25/Jun/2021:05:13:08 +0000] "GET / HTTP/1.1" 302 5 "-" "ELB-HealthChecker/2.0"
10.10.0.25 - - [25/Jun/2021:05:13:14 +0000] "GET / HTTP/1.1" 302 5 "-" "ELB-HealthChecker/2.0"
10.10.0.238 - - [25/Jun/2021:05:13:18 +0000] "GET / HTTP/1.1" 302 5 "-" "ELB-HealthChecker/2.0"
10.10.10.65 - - [25/Jun/2021:05:13:21 +0000] "GET / HTTP/1.1" 302 5 "-" "ELB-HealthChecker/2.0"
10.10.40.22 - - [25/Jun/2021:05:13:23 +0000] "GET / HTTP/1.1" 302 5 "-" "ELB-HealthChecker/2.0"
10.10.0.25 - - [25/Jun/2021:05:13:30 +0000] "GET / HTTP/1.1" 302 5 "-" "ELB-HealthChecker/2.0"
10.10.0.238 - - [25/Jun/2021:05:13:33 +0000] "GET / HTTP/1.1" 302 5 "-" "ELB-HealthChecker/2.0"
10.10.10.65 - - [25/Jun/2021:05:13:36 +0000] "GET / HTTP/1.1" 302 5 "-" "ELB-HealthChecker/2.0"
10.10.40.22 - - [25/Jun/2021:05:13:38 +0000] "GET / HTTP/1.1" 302 5 "-" "ELB-HealthChecker/2.0"
10.10.0.25 - - [25/Jun/2021:05:13:45 +0000] "GET / HTTP/1.1" 302 5 "-" "ELB-HealthChecker/2.0"
10.10.0.238 - - [25/Jun/2021:05:13:48 +0000] "GET / HTTP/1.1" 302 5 "-" "ELB-HealthChecker/2.0"
10.10.10.65 - - [25/Jun/2021:05:13:51 +0000] "GET / HTTP/1.1" 302 5 "-" "ELB-HealthChecker/2.0"
10.10.40.22 - - [25/Jun/2021:05:13:53 +0000] "GET / HTTP/1.1" 302 5 "-" "ELB-HealthChecker/2.0"
10.10.0.25 - - [25/Jun/2021:05:14:00 +0000] "GET / HTTP/1.1" 302 5 "-" "ELB-HealthChecker/2.0"
10.10.0.238 - - [25/Jun/2021:05:14:03 +0000] "GET / HTTP/1.1" 302 5 "-" "ELB-HealthChecker/2.0"
10.10.10.65 - - [25/Jun/2021:05:14:06 +0000] "GET / HTTP/1.1" 302 5 "-" "ELB-HealthChecker/2.0"
10.10.40.22 - - [25/Jun/2021:05:14:08 +0000] "GET / HTTP/1.1" 302 5 "-" "ELB-HealthChecker/2.0"
10.10.0.25 - - [25/Jun/2021:05:14:15 +0000] "GET / HTTP/1.1" 302 5 "-" "ELB-HealthChecker/2.0"
10.10.0.238 - - [25/Jun/2021:05:14:18 +0000] "GET / HTTP/1.1" 302 5 "-" "ELB-HealthChecker/2.0"
86.31.122.22 - - [25/Jun/2021:05:14:19 +0000] "GET /crpts/assessments/rpa/rpa9dWz5F/ucWS3UPhhfuqk/jrjNLuI1Dk HTTP/1.1" 200 4644 "https://crpt.crucibleapp.com/crpts/assessments/rpa/rpa9dWz5F/ucWS3UPhhfuqk/jrjNLuI1Dk" "Mozilla/5.0 (Linux; Android 10; MAR-LX1A) AppleWebKit/537.36 (KHTML, like Gecko) Chrome/91.0.4472.101 Mobile Safari/537.36"
10.10.10.65 - - [25/Jun/2021:05:14:21 +0000] "GET / HTTP/1.1" 302 5 "-" "ELB-HealthChecker/2.0"
88.98.48.161 - - [25/Jun/2021:05:14:22 +0000] "GET /users/users/login HTTP/1.1" 200 11828 "-" "Zabbix"
10.10.40.22 - - [25/Jun/2021:05:14:23 +0000] "GET / HTTP/1.1" 302 5 "-" "ELB-HealthChecker/2.0"
107.222.101.220 - - [25/Jun/2021:05:14:29 +0000] "GET /crpts/assessments/cfa/cfalA3rL7/sNCqckYKndHkK/jr7pVpOqlH HTTP/1.1" 200 8500 "https://crpt.crucibleapp.com/crpts/assessments/cfa/cfalA3rL7/sNCqckYKndHkK/jr7pVpOqlH" "Mozilla/5.0 (Macintosh; Intel Mac OS X 10_15_6) AppleWebKit/605.1.15 (KHTML, like Gecko) Version/14.1.1 Safari/605.1.15"
10.10.0.25 - - [25/Jun/2021:05:14:30 +0000] "GET / HTTP/1.1" 302 5 "-" "ELB-HealthChecker/2.0"
10.10.0.238 - - [25/Jun/2021:05:14:33 +0000] "GET / HTTP/1.1" 302 5 "-" "ELB-HealthChecker/2.0"
10.10.10.65 - - [25/Jun/2021:05:14:36 +0000] "GET / HTTP/1.1" 302 5 "-" "ELB-HealthChecker/2.0"
10.10.40.22 - - [25/Jun/2021:05:14:38 +0000] "GET / HTTP/1.1" 302 5 "-" "ELB-HealthChecker/2.0"
10.10.0.25 - - [25/Jun/2021:05:14:45 +0000] "GET / HTTP/1.1" 302 5 "-" "ELB-HealthChecker/2.0"
10.10.0.238 - - [25/Jun/2021:05:14:48 +0000] "GET / HTTP/1.1" 302 5 "-" "ELB-HealthChecker/2.0"
10.10.10.65 - - [25/Jun/2021:05:14:51 +0000] "GET / HTTP/1.1" 302 5 "-" "ELB-HealthChecker/2.0"
10.10.40.22 - - [25/Jun/2021:05:14:53 +0000] "GET / HTTP/1.1" 302 5 "-" "ELB-HealthChecker/2.0"
10.10.0.25 - - [25/Jun/2021:05:15:00 +0000] "GET / HTTP/1.1" 302 5 "-" "ELB-HealthChecker/2.0"
10.10.0.238 - - [25/Jun/2021:05:15:03 +0000] "GET / HTTP/1.1" 302 5 "-" "ELB-HealthChecker/2.0"
10.10.10.65 - - [25/Jun/2021:05:15:06 +0000] "GET / HTTP/1.1" 302 5 "-" "ELB-HealthChecker/2.0"
107.222.101.220 - - [25/Jun/2021:05:15:07 +0000] "POST /crpts/assessments/cfa/cfalA3rL7/sNCqckYKndHkK/jr7pVpOqlH HTTP/1.1" 302 5 "https://crpt.crucibleapp.com/crpts/assessments/cfa/cfalA3rL7/sNCqckYKndHkK/jr7pVpOqlH" "Mozilla/5.0 (Macintosh; Intel Mac OS X 10_15_6) AppleWebKit/605.1.15 (KHTML, like Gecko) Version/14.1.1 Safari/605.1.15"
10.10.40.22 - - [25/Jun/2021:05:15:08 +0000] "GET / HTTP/1.1" 302 5 "-" "ELB-HealthChecker/2.0"
10.10.0.25 - - [25/Jun/2021:05:15:15 +0000] "GET / HTTP/1.1" 302 5 "-" "ELB-HealthChecker/2.0"
10.10.0.238 - - [25/Jun/2021:05:15:18 +0000] "GET / HTTP/1.1" 302 5 "-" "ELB-HealthChecker/2.0"
10.10.10.65 - - [25/Jun/2021:05:15:21 +0000] "GET / HTTP/1.1" 302 5 "-" "ELB-HealthChecker/2.0"
88.98.48.161 - - [25/Jun/2021:05:15:22 +0000] "GET /users/users/login HTTP/1.1" 200 11830 "-" "Zabbix"
10.10.40.22 - - [25/Jun/2021:05:15:23 +0000] "GET / HTTP/1.1" 302 5 "-" "ELB-HealthChecker/2.0"
107.222.101.220 - - [25/Jun/2021:05:15:25 +0000] "GET /crpts/assessments/cfa/cfalA3rL7/sNCqckYKndHkK/jr7pVpOqlH HTTP/1.1" 200 8453 "https://crpt.crucibleapp.com/crpts/assessments/cfa/cfalA3rL7/sNCqckYKndHkK/jr7pVpOqlH" "Mozilla/5.0 (Macintosh; Intel Mac OS X 10_15_6) AppleWebKit/605.1.15 (KHTML, like Gecko) Version/14.1.1 Safari/605.1.15"
10.10.0.25 - - [25/Jun/2021:05:15:30 +0000] "GET / HTTP/1.1" 302 5 "-" "ELB-HealthChecker/2.0"
10.10.0.238 - - [25/Jun/2021:05:15:33 +0000] "GET / HTTP/1.1" 302 5 "-" "ELB-HealthChecker/2.0"
10.10.10.65 - - [25/Jun/2021:05:15:36 +0000] "GET / HTTP/1.1" 302 5 "-" "ELB-HealthChecker/2.0"
10.10.40.22 - - [25/Jun/2021:05:15:38 +0000] "GET / HTTP/1.1" 302 5 "-" "ELB-HealthChecker/2.0"
10.10.0.25 - - [25/Jun/2021:05:15:45 +0000] "GET / HTTP/1.1" 302 5 "-" "ELB-HealthChecker/2.0"
10.10.0.238 - - [25/Jun/2021:05:15:48 +0000] "GET / HTTP/1.1" 302 5 "-" "ELB-HealthChecker/2.0"
10.10.10.65 - - [25/Jun/2021:05:15:51 +0000] "GET / HTTP/1.1" 302 5 "-" "ELB-HealthChecker/2.0"
10.10.40.22 - - [25/Jun/2021:05:15:53 +0000] "GET / HTTP/1.1" 302 5 "-" "ELB-HealthChecker/2.0"
107.222.101.220 - - [25/Jun/2021:05:15:54 +0000] "GET /crpts/assessments/cfa/cfalA3rL7/sNCqckYKndHkK/jr7pVpOqlH HTTP/1.1" 200 8531 "https://crpt.crucibleapp.com/crpts/assessments/cfa/cfalA3rL7/sNCqckYKndHkK/jr7pVpOqlH" "Mozilla/5.0 (Macintosh; Intel Mac OS X 10_15_6) AppleWebKit/605.1.15 (KHTML, like Gecko) Version/14.1.1 Safari/605.1.15"
10.10.0.25 - - [25/Jun/2021:05:16:00 +0000] "GET / HTTP/1.1" 302 5 "-" "ELB-HealthChecker/2.0"
10.10.0.238 - - [25/Jun/2021:05:16:03 +0000] "GET / HTTP/1.1" 302 5 "-" "ELB-HealthChecker/2.0"
10.10.10.65 - - [25/Jun/2021:05:16:06 +0000] "GET / HTTP/1.1" 302 5 "-" "ELB-HealthChecker/2.0"
10.10.40.22 - - [25/Jun/2021:05:16:08 +0000] "GET / HTTP/1.1" 302 5 "-" "ELB-HealthChecker/2.0"
10.10.0.25 - - [25/Jun/2021:05:16:15 +0000] "GET / HTTP/1.1" 302 5 "-" "ELB-HealthChecker/2.0"
10.10.0.238 - - [25/Jun/2021:05:16:18 +0000] "GET / HTTP/1.1" 302 5 "-" "ELB-HealthChecker/2.0"
107.222.101.220 - - [25/Jun/2021:05:16:18 +0000] "POST /crpts/assessments/cfa/cfalA3rL7/sNCqckYKndHkK/jr7pVpOqlH HTTP/1.1" 302 5 "https://crpt.crucibleapp.com/crpts/assessments/cfa/cfalA3rL7/sNCqckYKndHkK/jr7pVpOqlH" "Mozilla/5.0 (Macintosh; Intel Mac OS X 10_15_6) AppleWebKit/605.1.15 (KHTML, like Gecko) Version/14.1.1 Safari/605.1.15"
10.10.10.65 - - [25/Jun/2021:05:16:21 +0000] "GET / HTTP/1.1" 302 5 "-" "ELB-HealthChecker/2.0"
88.98.48.161 - - [25/Jun/2021:05:16:22 +0000] "GET /users/users/login HTTP/1.1" 200 11829 "-" "Zabbix"
10.10.40.22 - - [25/Jun/2021:05:16:23 +0000] "GET / HTTP/1.1" 302 5 "-" "ELB-HealthChecker/2.0"
10.10.0.25 - - [25/Jun/2021:05:16:30 +0000] "GET / HTTP/1.1" 302 5 "-" "ELB-HealthChecker/2.0"
10.10.0.238 - - [25/Jun/2021:05:16:33 +0000] "GET / HTTP/1.1" 302 5 "-" "ELB-HealthChecker/2.0"
10.10.10.65 - - [25/Jun/2021:05:16:36 +0000] "GET / HTTP/1.1" 302 5 "-" "ELB-HealthChecker/2.0"
10.10.40.22 - - [25/Jun/2021:05:16:38 +0000] "GET / HTTP/1.1" 302 5 "-" "ELB-HealthChecker/2.0"
10.10.0.25 - - [25/Jun/2021:05:16:45 +0000] "GET / HTTP/1.1" 302 5 "-" "ELB-HealthChecker/2.0"
10.10.0.238 - - [25/Jun/2021:05:16:48 +0000] "GET / HTTP/1.1" 302 5 "-" "ELB-HealthChecker/2.0"
10.10.10.65 - - [25/Jun/2021:05:16:51 +0000] "GET / HTTP/1.1" 302 5 "-" "ELB-HealthChecker/2.0"
10.10.40.22 - - [25/Jun/2021:05:16:53 +0000] "GET / HTTP/1.1" 302 5 "-" "ELB-HealthChecker/2.0"
86.31.122.22 - - [25/Jun/2021:05:16:54 +0000] "GET /crpts/assessments/rpa/rpa9dWz5F/ucWS3UPhhfuqk/jrjNLuI1Dk HTTP/1.1" 200 4628 "https://crpt.crucibleapp.com/crpts/assessments/rpa/rpa9dWz5F/ucWS3UPhhfuqk/jrjNLuI1Dk" "Mozilla/5.0 (Linux; Android 10; MAR-LX1A) AppleWebKit/537.36 (KHTML, like Gecko) Chrome/91.0.4472.101 Mobile Safari/537.36"
10.10.0.25 - - [25/Jun/2021:05:17:00 +0000] "GET / HTTP/1.1" 302 5 "-" "ELB-HealthChecker/2.0"
10.10.0.238 - - [25/Jun/2021:05:17:03 +0000] "GET / HTTP/1.1" 302 5 "-" "ELB-HealthChecker/2.0"
10.10.10.65 - - [25/Jun/2021:05:17:06 +0000] "GET / HTTP/1.1" 302 5 "-" "ELB-HealthChecker/2.0"
10.10.40.22 - - [25/Jun/2021:05:17:08 +0000] "GET / HTTP/1.1" 302 5 "-" "ELB-HealthChecker/2.0"
10.10.0.25 - - [25/Jun/2021:05:17:15 +0000] "GET / HTTP/1.1" 302 5 "-" "ELB-HealthChecker/2.0"
107.222.101.220 - - [25/Jun/2021:05:17:18 +0000] "POST /crpts/assessments/cfa/cfalA3rL7/sNCqckYKndHkK/jr7pVpOqlH HTTP/1.1" 302 5 "https://crpt.crucibleapp.com/crpts/assessments/cfa/cfalA3rL7/sNCqckYKndHkK/jr7pVpOqlH" "Mozilla/5.0 (Macintosh; Intel Mac OS X 10_15_6) AppleWebKit/605.1.15 (KHTML, like Gecko) Version/14.1.1 Safari/605.1.15"
10.10.0.238 - - [25/Jun/2021:05:17:18 +0000] "GET / HTTP/1.1" 302 5 "-" "ELB-HealthChecker/2.0"
10.10.10.65 - - [25/Jun/2021:05:17:21 +0000] "GET / HTTP/1.1" 302 5 "-" "ELB-HealthChecker/2.0"
10.10.40.22 - - [25/Jun/2021:05:17:23 +0000] "GET / HTTP/1.1" 302 5 "-" "ELB-HealthChecker/2.0"
10.10.0.25 - - [25/Jun/2021:05:17:30 +0000] "GET / HTTP/1.1" 302 5 "-" "ELB-HealthChecker/2.0"
10.10.0.238 - - [25/Jun/2021:05:17:33 +0000] "GET / HTTP/1.1" 302 5 "-" "ELB-HealthChecker/2.0"
10.10.10.65 - - [25/Jun/2021:05:17:36 +0000] "GET / HTTP/1.1" 302 5 "-" "ELB-HealthChecker/2.0"
10.10.40.22 - - [25/Jun/2021:05:17:38 +0000] "GET / HTTP/1.1" 302 5 "-" "ELB-HealthChecker/2.0"
10.10.0.25 - - [25/Jun/2021:05:17:45 +0000] "GET / HTTP/1.1" 302 5 "-" "ELB-HealthChecker/2.0"
10.10.0.238 - - [25/Jun/2021:05:17:48 +0000] "GET / HTTP/1.1" 302 5 "-" "ELB-HealthChecker/2.0"
10.10.10.65 - - [25/Jun/2021:05:17:51 +0000] "GET / HTTP/1.1" 302 5 "-" "ELB-HealthChecker/2.0"
10.10.40.22 - - [25/Jun/2021:05:17:53 +0000] "GET / HTTP/1.1" 302 5 "-" "ELB-HealthChecker/2.0"
10.10.0.25 - - [25/Jun/2021:05:18:00 +0000] "GET / HTTP/1.1" 302 5 "-" "ELB-HealthChecker/2.0"
10.10.0.238 - - [25/Jun/2021:05:18:03 +0000] "GET / HTTP/1.1" 302 5 "-" "ELB-HealthChecker/2.0"
10.10.10.65 - - [25/Jun/2021:05:18:06 +0000] "GET / HTTP/1.1" 302 5 "-" "ELB-HealthChecker/2.0"
175.176.187.174 - - [25/Jun/2021:05:18:08 +0000] "GET /css/bootstrap.css HTTP/1.1" 200 18620 "https://crpt.crucibleapp.com/users/candidates/add/jr3ywjyWTc" "Mozilla/5.0 (Windows NT 10.0; Win64; x64) AppleWebKit/537.36 (KHTML, like Gecko) Chrome/91.0.4472.101 Safari/537.36 OPR/77.0.4054.90"
175.176.187.174 - - [25/Jun/2021:05:18:08 +0000] "GET /css/crucible-widget.css HTTP/1.1" 200 812 "https://crpt.crucibleapp.com/users/candidates/add/jr3ywjyWTc" "Mozilla/5.0 (Windows NT 10.0; Win64; x64) AppleWebKit/537.36 (KHTML, like Gecko) Chrome/91.0.4472.101 Safari/537.36 OPR/77.0.4054.90"
175.176.187.174 - - [25/Jun/2021:05:18:08 +0000] "GET /js/jQuery/jquery.validation.functions.js HTTP/1.1" 200 2199 "https://crpt.crucibleapp.com/users/candidates/add/jr3ywjyWTc" "Mozilla/5.0 (Windows NT 10.0; Win64; x64) AppleWebKit/537.36 (KHTML, like Gecko) Chrome/91.0.4472.101 Safari/537.36 OPR/77.0.4054.90"
175.176.187.174 - - [25/Jun/2021:05:18:08 +0000] "GET /js/jquery-1.8.3.js HTTP/1.1" 200 92150 "https://crpt.crucibleapp.com/users/candidates/add/jr3ywjyWTc" "Mozilla/5.0 (Windows NT 10.0; Win64; x64) AppleWebKit/537.36 (KHTML, like Gecko) Chrome/91.0.4472.101 Safari/537.36 OPR/77.0.4054.90"
175.176.187.174 - - [25/Jun/2021:05:18:08 +0000] "GET /js/iframe-remover.js HTTP/1.1" 200 176 "https://crpt.crucibleapp.com/users/candidates/add/jr3ywjyWTc" "Mozilla/5.0 (Windows NT 10.0; Win64; x64) AppleWebKit/537.36 (KHTML, like Gecko) Chrome/91.0.4472.101 Safari/537.36 OPR/77.0.4054.90"
10.10.40.22 - - [25/Jun/2021:05:18:08 +0000] "GET / HTTP/1.1" 302 5 "-" "ELB-HealthChecker/2.0"
175.176.187.174 - - [25/Jun/2021:05:18:08 +0000] "GET /css/fancybox/jquery.fancybox-1.3.4.css HTTP/1.1" 200 2148 "https://crpt.crucibleapp.com/users/candidates/add/jr3ywjyWTc" "Mozilla/5.0 (Windows NT 10.0; Win64; x64) AppleWebKit/537.36 (KHTML, like Gecko) Chrome/91.0.4472.101 Safari/537.36 OPR/77.0.4054.90"
175.176.187.174 - - [25/Jun/2021:05:18:08 +0000] "GET /js/vanilla/custom.js HTTP/1.1" 200 2752 "https://crpt.crucibleapp.com/users/candidates/add/jr3ywjyWTc" "Mozilla/5.0 (Windows NT 10.0; Win64; x64) AppleWebKit/537.36 (KHTML, like Gecko) Chrome/91.0.4472.101 Safari/537.36 OPR/77.0.4054.90"
175.176.187.174 - - [25/Jun/2021:05:18:08 +0000] "GET /js/validations/client-site-validation.js HTTP/1.1" 200 442 "https://crpt.crucibleapp.com/users/candidates/add/jr3ywjyWTc" "Mozilla/5.0 (Windows NT 10.0; Win64; x64) AppleWebKit/537.36 (KHTML, like Gecko) Chrome/91.0.4472.101 Safari/537.36 OPR/77.0.4054.90"
175.176.187.174 - - [25/Jun/2021:05:18:08 +0000] "GET /theme/Vanilla/img/transpBack.png HTTP/1.1" 200 932 "https://crpt.crucibleapp.com/theme/Vanilla/css/custom.css" "Mozilla/5.0 (Windows NT 10.0; Win64; x64) AppleWebKit/537.36 (KHTML, like Gecko) Chrome/91.0.4472.101 Safari/537.36 OPR/77.0.4054.90"
10.10.0.25 - - [25/Jun/2021:05:18:15 +0000] "GET / HTTP/1.1" 302 5 "-" "ELB-HealthChecker/2.0"
10.10.0.238 - - [25/Jun/2021:05:18:18 +0000] "GET / HTTP/1.1" 302 5 "-" "ELB-HealthChecker/2.0"
10.10.10.65 - - [25/Jun/2021:05:18:21 +0000] "GET / HTTP/1.1" 302 5 "-" "ELB-HealthChecker/2.0"
34.86.35.10 - - [25/Jun/2021:05:18:22 +0000] "GET / HTTP/1.1" 302 5 "-" "Expanse, a Palo Alto Networks company, searches across the global IPv4 space multiple times per day to identify customers&#39; presences on the Internet. If you would like to be excluded from our scans, please send IP addresses/domains to: scaninfo@paloaltonetworks.com"
88.98.48.161 - - [25/Jun/2021:05:18:23 +0000] "GET /users/users/login HTTP/1.1" 200 11828 "-" "Zabbix"
10.10.40.22 - - [25/Jun/2021:05:18:23 +0000] "GET / HTTP/1.1" 302 5 "-" "ELB-HealthChecker/2.0"
175.176.187.174 - - [25/Jun/2021:05:18:26 +0000] "GET /crpts/assessments/rpa_instruction/rpa2hc6V7/mCuECshiCYjTp/jr3ywjyWTc HTTP/1.1" 200 5755 "https://crpt.crucibleapp.com/users/candidates/add/jr3ywjyWTc" "Mozilla/5.0 (Windows NT 10.0; Win64; x64) AppleWebKit/537.36 (KHTML, like Gecko) Chrome/91.0.4472.101 Safari/537.36 OPR/77.0.4054.90"
175.176.187.174 - - [25/Jun/2021:05:18:30 +0000] "GET /js/assessments/rpa.js HTTP/1.1" 200 1388 "https://crpt.crucibleapp.com/crpts/assessments/rpa/rpa2hc6V7/mCuECshiCYjTp/jr3ywjyWTc" "Mozilla/5.0 (Windows NT 10.0; Win64; x64) AppleWebKit/537.36 (KHTML, like Gecko) Chrome/91.0.4472.101 Safari/537.36 OPR/77.0.4054.90"
175.176.187.174 - - [25/Jun/2021:05:18:30 +0000] "GET /theme/Vanilla/img/progressBar.png HTTP/1.1" 200 1699 "https://crpt.crucibleapp.com/theme/Vanilla/css/custom.css" "Mozilla/5.0 (Windows NT 10.0; Win64; x64) AppleWebKit/537.36 (KHTML, like Gecko) Chrome/91.0.4472.101 Safari/537.36 OPR/77.0.4054.90"
10.10.0.25 - - [25/Jun/2021:05:18:30 +0000] "GET / HTTP/1.1" 302 5 "-" "ELB-HealthChecker/2.0"
107.222.101.220 - - [25/Jun/2021:05:18:30 +0000] "POST /crpts/assessments/cfa/cfalA3rL7/sNCqckYKndHkK/jr7pVpOqlH HTTP/1.1" 302 5 "https://crpt.crucibleapp.com/crpts/assessments/cfa/cfalA3rL7/sNCqckYKndHkK/jr7pVpOqlH" "Mozilla/5.0 (Macintosh; Intel Mac OS X 10_15_6) AppleWebKit/605.1.15 (KHTML, like Gecko) Version/14.1.1 Safari/605.1.15"
10.10.0.238 - - [25/Jun/2021:05:18:33 +0000] "GET / HTTP/1.1" 302 5 "-" "ELB-HealthChecker/2.0"
10.10.10.65 - - [25/Jun/2021:05:18:36 +0000] "GET / HTTP/1.1" 302 5 "-" "ELB-HealthChecker/2.0"
10.10.40.22 - - [25/Jun/2021:05:18:38 +0000] "GET / HTTP/1.1" 302 5 "-" "ELB-HealthChecker/2.0"
10.10.0.25 - - [25/Jun/2021:05:18:45 +0000] "GET / HTTP/1.1" 302 5 "-" "ELB-HealthChecker/2.0"
10.10.0.238 - - [25/Jun/2021:05:18:48 +0000] "GET / HTTP/1.1" 302 5 "-" "ELB-HealthChecker/2.0"
10.10.10.65 - - [25/Jun/2021:05:18:51 +0000] "GET / HTTP/1.1" 302 5 "-" "ELB-HealthChecker/2.0"
10.10.40.22 - - [25/Jun/2021:05:18:53 +0000] "GET / HTTP/1.1" 302 5 "-" "ELB-HealthChecker/2.0"
10.10.0.25 - - [25/Jun/2021:05:19:00 +0000] "GET / HTTP/1.1" 302 5 "-" "ELB-HealthChecker/2.0"
10.10.0.238 - - [25/Jun/2021:05:19:03 +0000] "GET / HTTP/1.1" 302 5 "-" "ELB-HealthChecker/2.0"
10.10.10.65 - - [25/Jun/2021:05:19:06 +0000] "GET / HTTP/1.1" 302 5 "-" "ELB-HealthChecker/2.0"
10.10.40.22 - - [25/Jun/2021:05:19:08 +0000] "GET / HTTP/1.1" 302 5 "-" "ELB-HealthChecker/2.0"
10.10.0.25 - - [25/Jun/2021:05:19:15 +0000] "GET / HTTP/1.1" 302 5 "-" "ELB-HealthChecker/2.0"
107.222.101.220 - - [25/Jun/2021:05:19:17 +0000] "GET /crpts/assessments/cfa_complete/cfalA3rL7/sNCqckYKndHkK/jr7pVpOqlH HTTP/1.1" 200 6194 "https://crpt.crucibleapp.com/crpts/assessments/cfa/cfalA3rL7/sNCqckYKndHkK/jr7pVpOqlH" "Mozilla/5.0 (Macintosh; Intel Mac OS X 10_15_6) AppleWebKit/605.1.15 (KHTML, like Gecko) Version/14.1.1 Safari/605.1.15"
10.10.0.238 - - [25/Jun/2021:05:19:18 +0000] "GET / HTTP/1.1" 302 5 "-" "ELB-HealthChecker/2.0"
10.10.10.65 - - [25/Jun/2021:05:19:21 +0000] "GET / HTTP/1.1" 302 5 "-" "ELB-HealthChecker/2.0"
88.98.48.161 - - [25/Jun/2021:05:19:23 +0000] "GET / HTTP/1.1" 302 5 "-" "Zabbix"
10.10.40.22 - - [25/Jun/2021:05:19:23 +0000] "GET / HTTP/1.1" 302 5 "-" "ELB-HealthChecker/2.0"
10.10.0.25 - - [25/Jun/2021:05:19:30 +0000] "GET / HTTP/1.1" 302 5 "-" "ELB-HealthChecker/2.0"
107.222.101.220 - - [25/Jun/2021:05:19:31 +0000] "GET /crpts/assessments/rpa/rpa1gHibe/ywqSR9GgQijeV/jr7pVpOqlH HTTP/1.1" 200 8252 "https://crpt.crucibleapp.com/crpts/assessments/rpa_instruction/rpa1gHibe/ywqSR9GgQijeV/jr7pVpOqlH" "Mozilla/5.0 (Macintosh; Intel Mac OS X 10_15_6) AppleWebKit/605.1.15 (KHTML, like Gecko) Version/14.1.1 Safari/605.1.15"
10.10.0.238 - - [25/Jun/2021:05:19:33 +0000] "GET / HTTP/1.1" 302 5 "-" "ELB-HealthChecker/2.0"
10.10.10.65 - - [25/Jun/2021:05:19:37 +0000] "GET / HTTP/1.1" 302 5 "-" "ELB-HealthChecker/2.0"
10.10.40.22 - - [25/Jun/2021:05:19:38 +0000] "GET / HTTP/1.1" 302 5 "-" "ELB-HealthChecker/2.0"
10.10.0.25 - - [25/Jun/2021:05:19:45 +0000] "GET / HTTP/1.1" 302 5 "-" "ELB-HealthChecker/2.0"
10.10.0.238 - - [25/Jun/2021:05:19:48 +0000] "GET / HTTP/1.1" 302 5 "-" "ELB-HealthChecker/2.0"
10.10.10.65 - - [25/Jun/2021:05:19:52 +0000] "GET / HTTP/1.1" 302 5 "-" "ELB-HealthChecker/2.0"
10.10.40.22 - - [25/Jun/2021:05:19:53 +0000] "GET / HTTP/1.1" 302 5 "-" "ELB-HealthChecker/2.0"
10.10.0.25 - - [25/Jun/2021:05:20:00 +0000] "GET / HTTP/1.1" 302 5 "-" "ELB-HealthChecker/2.0"
10.10.0.238 - - [25/Jun/2021:05:20:03 +0000] "GET / HTTP/1.1" 302 5 "-" "ELB-HealthChecker/2.0"
10.10.10.65 - - [25/Jun/2021:05:20:07 +0000] "GET / HTTP/1.1" 302 5 "-" "ELB-HealthChecker/2.0"
10.10.40.22 - - [25/Jun/2021:05:20:08 +0000] "GET / HTTP/1.1" 302 5 "-" "ELB-HealthChecker/2.0"
10.10.0.25 - - [25/Jun/2021:05:20:15 +0000] "GET / HTTP/1.1" 302 5 "-" "ELB-HealthChecker/2.0"
175.176.187.174 - - [25/Jun/2021:05:20:18 +0000] "GET /crpts/assessments/rpa/rpa2hc6V7/mCuECshiCYjTp/jr3ywjyWTc HTTP/1.1" 200 6783 "https://crpt.crucibleapp.com/crpts/assessments/rpa/rpa2hc6V7/mCuECshiCYjTp/jr3ywjyWTc" "Mozilla/5.0 (Windows NT 10.0; Win64; x64) AppleWebKit/537.36 (KHTML, like Gecko) Chrome/91.0.4472.101 Safari/537.36 OPR/77.0.4054.90"
10.10.0.238 - - [25/Jun/2021:05:20:18 +0000] "GET / HTTP/1.1" 302 5 "-" "ELB-HealthChecker/2.0"
10.10.10.65 - - [25/Jun/2021:05:20:22 +0000] "GET / HTTP/1.1" 302 5 "-" "ELB-HealthChecker/2.0"
10.10.40.22 - - [25/Jun/2021:05:20:23 +0000] "GET / HTTP/1.1" 302 5 "-" "ELB-HealthChecker/2.0"
88.98.48.161 - - [25/Jun/2021:05:20:24 +0000] "GET / HTTP/1.1" 302 5 "-" "Zabbix"
10.10.0.25 - - [25/Jun/2021:05:20:30 +0000] "GET / HTTP/1.1" 302 5 "-" "ELB-HealthChecker/2.0"
10.10.0.238 - - [25/Jun/2021:05:20:33 +0000] "GET / HTTP/1.1" 302 5 "-" "ELB-HealthChecker/2.0"
10.10.10.65 - - [25/Jun/2021:05:20:37 +0000] "GET / HTTP/1.1" 302 5 "-" "ELB-HealthChecker/2.0"
10.10.40.22 - - [25/Jun/2021:05:20:38 +0000] "GET / HTTP/1.1" 302 5 "-" "ELB-HealthChecker/2.0"
10.10.0.25 - - [25/Jun/2021:05:20:45 +0000] "GET / HTTP/1.1" 302 5 "-" "ELB-HealthChecker/2.0"
10.10.0.238 - - [25/Jun/2021:05:20:48 +0000] "GET / HTTP/1.1" 302 5 "-" "ELB-HealthChecker/2.0"
10.10.10.65 - - [25/Jun/2021:05:20:52 +0000] "GET / HTTP/1.1" 302 5 "-" "ELB-HealthChecker/2.0"
10.10.40.22 - - [25/Jun/2021:05:20:53 +0000] "GET / HTTP/1.1" 302 5 "-" "ELB-HealthChecker/2.0"
10.10.0.25 - - [25/Jun/2021:05:21:00 +0000] "GET / HTTP/1.1" 302 5 "-" "ELB-HealthChecker/2.0"
10.10.0.238 - - [25/Jun/2021:05:21:03 +0000] "GET / HTTP/1.1" 302 5 "-" "ELB-HealthChecker/2.0"
10.10.10.65 - - [25/Jun/2021:05:21:07 +0000] "GET / HTTP/1.1" 302 5 "-" "ELB-HealthChecker/2.0"
10.10.40.22 - - [25/Jun/2021:05:21:08 +0000] "GET / HTTP/1.1" 302 5 "-" "ELB-HealthChecker/2.0"
10.10.0.25 - - [25/Jun/2021:05:21:15 +0000] "GET / HTTP/1.1" 302 5 "-" "ELB-HealthChecker/2.0"
86.31.122.22 - - [25/Jun/2021:05:21:15 +0000] "POST /crpts/assessments/rpa/rpa9dWz5F/ucWS3UPhhfuqk/jrjNLuI1Dk HTTP/1.1" 302 5 "https://crpt.crucibleapp.com/crpts/assessments/rpa/rpa9dWz5F/ucWS3UPhhfuqk/jrjNLuI1Dk" "Mozilla/5.0 (Linux; Android 10; MAR-LX1A) AppleWebKit/537.36 (KHTML, like Gecko) Chrome/91.0.4472.101 Mobile Safari/537.36"
10.10.0.238 - - [25/Jun/2021:05:21:18 +0000] "GET / HTTP/1.1" 302 5 "-" "ELB-HealthChecker/2.0"
10.10.10.65 - - [25/Jun/2021:05:21:22 +0000] "GET / HTTP/1.1" 302 5 "-" "ELB-HealthChecker/2.0"
10.10.40.22 - - [25/Jun/2021:05:21:23 +0000] "GET / HTTP/1.1" 302 5 "-" "ELB-HealthChecker/2.0"
88.98.48.161 - - [25/Jun/2021:05:21:25 +0000] "GET /users/users/login HTTP/1.1" 200 11829 "-" "Zabbix"
10.10.0.25 - - [25/Jun/2021:05:21:30 +0000] "GET / HTTP/1.1" 302 5 "-" "ELB-HealthChecker/2.0"
