81.159.157.169 - - [25/Jun/2021:03:21:20 +0000] "GET /crpts/assessments/cfa/cfaS4yyT6/zrFGUgtix6C7h/jrku05FJMr HTTP/1.1" 200 3734 "https://crpt.crucibleapp.com/crpts/assessments/cfa/cfaS4yyT6/zrFGUgtix6C7h/jrku05FJMr" "Mozilla/5.0 (iPhone; CPU iPhone OS 14_6 like Mac OS X) AppleWebKit/605.1.15 (KHTML, like Gecko) Version/14.1.1 Mobile/15E148 Safari/604.1"
10.10.0.25 - - [25/Jun/2021:03:21:24 +0000] "GET / HTTP/1.1" 302 5 "-" "ELB-HealthChecker/2.0"
10.10.0.238 - - [25/Jun/2021:03:21:27 +0000] "GET / HTTP/1.1" 302 5 "-" "ELB-HealthChecker/2.0"
10.10.10.65 - - [25/Jun/2021:03:21:30 +0000] "GET / HTTP/1.1" 302 5 "-" "ELB-HealthChecker/2.0"
10.10.40.22 - - [25/Jun/2021:03:21:32 +0000] "GET / HTTP/1.1" 302 5 "-" "ELB-HealthChecker/2.0"
81.159.157.169 - - [25/Jun/2021:03:21:38 +0000] "POST /crpts/assessments/cfa/cfaS4yyT6/zrFGUgtix6C7h/jrku05FJMr HTTP/1.1" 302 5 "https://crpt.crucibleapp.com/crpts/assessments/cfa/cfaS4yyT6/zrFGUgtix6C7h/jrku05FJMr" "Mozilla/5.0 (iPhone; CPU iPhone OS 14_6 like Mac OS X) AppleWebKit/605.1.15 (KHTML, like Gecko) Version/14.1.1 Mobile/15E148 Safari/604.1"
10.10.0.25 - - [25/Jun/2021:03:21:39 +0000] "GET / HTTP/1.1" 302 5 "-" "ELB-HealthChecker/2.0"
81.159.157.169 - - [25/Jun/2021:03:21:42 +0000] "GET /crpts/assessments/cfa/cfaS4yyT6/zrFGUgtix6C7h/jrku05FJMr HTTP/1.1" 200 3718 "https://crpt.crucibleapp.com/crpts/assessments/cfa/cfaS4yyT6/zrFGUgtix6C7h/jrku05FJMr" "Mozilla/5.0 (iPhone; CPU iPhone OS 14_6 like Mac OS X) AppleWebKit/605.1.15 (KHTML, like Gecko) Version/14.1.1 Mobile/15E148 Safari/604.1"
10.10.0.238 - - [25/Jun/2021:03:21:42 +0000] "GET / HTTP/1.1" 302 5 "-" "ELB-HealthChecker/2.0"
81.159.157.169 - - [25/Jun/2021:03:21:45 +0000] "GET /crpts/assessments/cfa/cfaS4yyT6/zrFGUgtix6C7h/jrku05FJMr HTTP/1.1" 200 3764 "https://crpt.crucibleapp.com/crpts/assessments/cfa/cfaS4yyT6/zrFGUgtix6C7h/jrku05FJMr" "Mozilla/5.0 (iPhone; CPU iPhone OS 14_6 like Mac OS X) AppleWebKit/605.1.15 (KHTML, like Gecko) Version/14.1.1 Mobile/15E148 Safari/604.1"
10.10.10.65 - - [25/Jun/2021:03:21:46 +0000] "GET / HTTP/1.1" 302 5 "-" "ELB-HealthChecker/2.0"
10.10.40.22 - - [25/Jun/2021:03:21:47 +0000] "GET / HTTP/1.1" 302 5 "-" "ELB-HealthChecker/2.0"
81.159.157.169 - - [25/Jun/2021:03:21:53 +0000] "GET /crpts/assessments/cfa/cfaS4yyT6/zrFGUgtix6C7h/jrku05FJMr HTTP/1.1" 200 3759 "https://crpt.crucibleapp.com/crpts/assessments/cfa/cfaS4yyT6/zrFGUgtix6C7h/jrku05FJMr" "Mozilla/5.0 (iPhone; CPU iPhone OS 14_6 like Mac OS X) AppleWebKit/605.1.15 (KHTML, like Gecko) Version/14.1.1 Mobile/15E148 Safari/604.1"
10.10.0.25 - - [25/Jun/2021:03:21:54 +0000] "GET / HTTP/1.1" 302 5 "-" "ELB-HealthChecker/2.0"
10.10.0.238 - - [25/Jun/2021:03:21:57 +0000] "GET / HTTP/1.1" 302 5 "-" "ELB-HealthChecker/2.0"
10.10.10.65 - - [25/Jun/2021:03:22:01 +0000] "GET / HTTP/1.1" 302 5 "-" "ELB-HealthChecker/2.0"
10.10.40.22 - - [25/Jun/2021:03:22:02 +0000] "GET / HTTP/1.1" 302 5 "-" "ELB-HealthChecker/2.0"
81.159.157.169 - - [25/Jun/2021:03:22:06 +0000] "GET /crpts/assessments/cfa/cfaS4yyT6/zrFGUgtix6C7h/jrku05FJMr HTTP/1.1" 200 3720 "https://crpt.crucibleapp.com/crpts/assessments/cfa/cfaS4yyT6/zrFGUgtix6C7h/jrku05FJMr" "Mozilla/5.0 (iPhone; CPU iPhone OS 14_6 like Mac OS X) AppleWebKit/605.1.15 (KHTML, like Gecko) Version/14.1.1 Mobile/15E148 Safari/604.1"
160.2.94.244 - - [25/Jun/2021:03:22:07 +0000] "GET /crpts/assessments/rpa/rpa1gHibe/G7FP9tyuwmK7m/jr7pVpOqlH HTTP/1.1" 200 8234 "https://crpt.crucibleapp.com/crpts/assessments/rpa/rpa1gHibe/G7FP9tyuwmK7m/jr7pVpOqlH" "Mozilla/5.0 (Windows NT 10.0; Win64; x64) AppleWebKit/537.36 (KHTML, like Gecko) Chrome/91.0.4472.114 Safari/537.36"
10.10.0.25 - - [25/Jun/2021:03:22:09 +0000] "GET / HTTP/1.1" 302 5 "-" "ELB-HealthChecker/2.0"
88.98.48.161 - - [25/Jun/2021:03:22:11 +0000] "GET / HTTP/1.1" 302 5 "-" "Zabbix"
10.10.0.238 - - [25/Jun/2021:03:22:12 +0000] "GET / HTTP/1.1" 302 5 "-" "ELB-HealthChecker/2.0"
81.159.157.169 - - [25/Jun/2021:03:22:12 +0000] "POST /crpts/assessments/cfa/cfaS4yyT6/zrFGUgtix6C7h/jrku05FJMr HTTP/1.1" 302 5 "https://crpt.crucibleapp.com/crpts/assessments/cfa/cfaS4yyT6/zrFGUgtix6C7h/jrku05FJMr" "Mozilla/5.0 (iPhone; CPU iPhone OS 14_6 like Mac OS X) AppleWebKit/605.1.15 (KHTML, like Gecko) Version/14.1.1 Mobile/15E148 Safari/604.1"
10.10.10.65 - - [25/Jun/2021:03:22:16 +0000] "GET / HTTP/1.1" 302 5 "-" "ELB-HealthChecker/2.0"
10.10.40.22 - - [25/Jun/2021:03:22:17 +0000] "GET / HTTP/1.1" 302 5 "-" "ELB-HealthChecker/2.0"
81.159.157.169 - - [25/Jun/2021:03:22:18 +0000] "GET /crpts/assessments/cfa/cfaS4yyT6/zrFGUgtix6C7h/jrku05FJMr HTTP/1.1" 200 3725 "https://crpt.crucibleapp.com/crpts/assessments/cfa/cfaS4yyT6/zrFGUgtix6C7h/jrku05FJMr" "Mozilla/5.0 (iPhone; CPU iPhone OS 14_6 like Mac OS X) AppleWebKit/605.1.15 (KHTML, like Gecko) Version/14.1.1 Mobile/15E148 Safari/604.1"
81.159.157.169 - - [25/Jun/2021:03:22:22 +0000] "POST /crpts/assessments/cfa/cfaS4yyT6/zrFGUgtix6C7h/jrku05FJMr HTTP/1.1" 302 5 "https://crpt.crucibleapp.com/crpts/assessments/cfa/cfaS4yyT6/zrFGUgtix6C7h/jrku05FJMr" "Mozilla/5.0 (iPhone; CPU iPhone OS 14_6 like Mac OS X) AppleWebKit/605.1.15 (KHTML, like Gecko) Version/14.1.1 Mobile/15E148 Safari/604.1"
10.10.0.25 - - [25/Jun/2021:03:22:24 +0000] "GET / HTTP/1.1" 302 5 "-" "ELB-HealthChecker/2.0"
160.2.94.244 - - [25/Jun/2021:03:22:25 +0000] "POST /crpts/assessments/rpa/rpa1gHibe/G7FP9tyuwmK7m/jr7pVpOqlH HTTP/1.1" 302 5 "https://crpt.crucibleapp.com/crpts/assessments/rpa/rpa1gHibe/G7FP9tyuwmK7m/jr7pVpOqlH" "Mozilla/5.0 (Windows NT 10.0; Win64; x64) AppleWebKit/537.36 (KHTML, like Gecko) Chrome/91.0.4472.114 Safari/537.36"
81.159.157.169 - - [25/Jun/2021:03:22:25 +0000] "GET /crpts/assessments/cfa/cfaS4yyT6/zrFGUgtix6C7h/jrku05FJMr HTTP/1.1" 200 3722 "https://crpt.crucibleapp.com/crpts/assessments/cfa/cfaS4yyT6/zrFGUgtix6C7h/jrku05FJMr" "Mozilla/5.0 (iPhone; CPU iPhone OS 14_6 like Mac OS X) AppleWebKit/605.1.15 (KHTML, like Gecko) Version/14.1.1 Mobile/15E148 Safari/604.1"
10.10.0.238 - - [25/Jun/2021:03:22:27 +0000] "GET / HTTP/1.1" 302 5 "-" "ELB-HealthChecker/2.0"
81.159.157.169 - - [25/Jun/2021:03:22:28 +0000] "POST /crpts/assessments/cfa/cfaS4yyT6/zrFGUgtix6C7h/jrku05FJMr HTTP/1.1" 302 5 "https://crpt.crucibleapp.com/crpts/assessments/cfa/cfaS4yyT6/zrFGUgtix6C7h/jrku05FJMr" "Mozilla/5.0 (iPhone; CPU iPhone OS 14_6 like Mac OS X) AppleWebKit/605.1.15 (KHTML, like Gecko) Version/14.1.1 Mobile/15E148 Safari/604.1"
10.10.10.65 - - [25/Jun/2021:03:22:31 +0000] "GET / HTTP/1.1" 302 5 "-" "ELB-HealthChecker/2.0"
81.159.157.169 - - [25/Jun/2021:03:22:32 +0000] "GET /crpts/assessments/rpa/rpa8S8lrS/CtcaNTTnHk39V/jrku05FJMr HTTP/1.1" 200 4611 "https://crpt.crucibleapp.com/crpts/assessments/rpa_instruction/rpa8S8lrS/CtcaNTTnHk39V/jrku05FJMr" "Mozilla/5.0 (iPhone; CPU iPhone OS 14_6 like Mac OS X) AppleWebKit/605.1.15 (KHTML, like Gecko) Version/14.1.1 Mobile/15E148 Safari/604.1"
10.10.40.22 - - [25/Jun/2021:03:22:32 +0000] "GET / HTTP/1.1" 302 5 "-" "ELB-HealthChecker/2.0"
10.10.0.25 - - [25/Jun/2021:03:22:39 +0000] "GET / HTTP/1.1" 302 5 "-" "ELB-HealthChecker/2.0"
10.10.0.238 - - [25/Jun/2021:03:22:42 +0000] "GET / HTTP/1.1" 302 5 "-" "ELB-HealthChecker/2.0"
34.252.14.181 - - [25/Jun/2021:03:22:44 +0000] "GET /css/jquery-ui.css HTTP/1.1" 200 7289 "-" "Mozilla/5.0 (X11; U; Linux x86_64; C) AppleWebKit/533.3 (KHTML, like Gecko) Qt/4.8.0 Safari/533.3"
10.10.10.65 - - [25/Jun/2021:03:22:46 +0000] "GET / HTTP/1.1" 302 5 "-" "ELB-HealthChecker/2.0"
10.10.40.22 - - [25/Jun/2021:03:22:47 +0000] "GET / HTTP/1.1" 302 5 "-" "ELB-HealthChecker/2.0"
160.2.94.244 - - [25/Jun/2021:03:22:48 +0000] "GET /crpts/assessments/rpa_complete/rpa1gHibe/G7FP9tyuwmK7m/jr7pVpOqlH HTTP/1.1" 200 6115 "https://crpt.crucibleapp.com/crpts/assessments/rpa/rpa1gHibe/G7FP9tyuwmK7m/jr7pVpOqlH" "Mozilla/5.0 (Windows NT 10.0; Win64; x64) AppleWebKit/537.36 (KHTML, like Gecko) Chrome/91.0.4472.114 Safari/537.36"
10.10.0.25 - - [25/Jun/2021:03:22:54 +0000] "GET / HTTP/1.1" 302 5 "-" "ELB-HealthChecker/2.0"
10.10.0.238 - - [25/Jun/2021:03:22:57 +0000] "GET / HTTP/1.1" 302 5 "-" "ELB-HealthChecker/2.0"
10.10.10.65 - - [25/Jun/2021:03:23:01 +0000] "GET / HTTP/1.1" 302 5 "-" "ELB-HealthChecker/2.0"
10.10.40.22 - - [25/Jun/2021:03:23:02 +0000] "GET / HTTP/1.1" 302 5 "-" "ELB-HealthChecker/2.0"
10.10.0.25 - - [25/Jun/2021:03:23:09 +0000] "GET / HTTP/1.1" 302 5 "-" "ELB-HealthChecker/2.0"
10.10.0.238 - - [25/Jun/2021:03:23:12 +0000] "GET / HTTP/1.1" 302 5 "-" "ELB-HealthChecker/2.0"
10.10.10.65 - - [25/Jun/2021:03:23:16 +0000] "GET / HTTP/1.1" 302 5 "-" "ELB-HealthChecker/2.0"
10.10.40.22 - - [25/Jun/2021:03:23:17 +0000] "GET / HTTP/1.1" 302 5 "-" "ELB-HealthChecker/2.0"
10.10.0.25 - - [25/Jun/2021:03:23:24 +0000] "GET / HTTP/1.1" 302 5 "-" "ELB-HealthChecker/2.0"
10.10.0.238 - - [25/Jun/2021:03:23:27 +0000] "GET / HTTP/1.1" 302 5 "-" "ELB-HealthChecker/2.0"
10.10.10.65 - - [25/Jun/2021:03:23:31 +0000] "GET / HTTP/1.1" 302 5 "-" "ELB-HealthChecker/2.0"
10.10.40.22 - - [25/Jun/2021:03:23:32 +0000] "GET / HTTP/1.1" 302 5 "-" "ELB-HealthChecker/2.0"
10.10.0.25 - - [25/Jun/2021:03:23:39 +0000] "GET / HTTP/1.1" 302 5 "-" "ELB-HealthChecker/2.0"
10.10.0.238 - - [25/Jun/2021:03:23:42 +0000] "GET / HTTP/1.1" 302 5 "-" "ELB-HealthChecker/2.0"
10.10.10.65 - - [25/Jun/2021:03:23:46 +0000] "GET / HTTP/1.1" 302 5 "-" "ELB-HealthChecker/2.0"
10.10.40.22 - - [25/Jun/2021:03:23:47 +0000] "GET / HTTP/1.1" 302 5 "-" "ELB-HealthChecker/2.0"
81.159.157.169 - - [25/Jun/2021:03:23:48 +0000] "POST /crpts/assessments/rpa/rpa8S8lrS/CtcaNTTnHk39V/jrku05FJMr HTTP/1.1" 302 5 "https://crpt.crucibleapp.com/crpts/assessments/rpa/rpa8S8lrS/CtcaNTTnHk39V/jrku05FJMr" "Mozilla/5.0 (iPhone; CPU iPhone OS 14_6 like Mac OS X) AppleWebKit/605.1.15 (KHTML, like Gecko) Version/14.1.1 Mobile/15E148 Safari/604.1"
10.10.0.25 - - [25/Jun/2021:03:23:54 +0000] "GET / HTTP/1.1" 302 5 "-" "ELB-HealthChecker/2.0"
10.10.0.238 - - [25/Jun/2021:03:23:57 +0000] "GET / HTTP/1.1" 302 5 "-" "ELB-HealthChecker/2.0"
10.10.10.65 - - [25/Jun/2021:03:24:01 +0000] "GET / HTTP/1.1" 302 5 "-" "ELB-HealthChecker/2.0"
10.10.40.22 - - [25/Jun/2021:03:24:02 +0000] "GET / HTTP/1.1" 302 5 "-" "ELB-HealthChecker/2.0"
10.10.0.25 - - [25/Jun/2021:03:24:09 +0000] "GET / HTTP/1.1" 302 5 "-" "ELB-HealthChecker/2.0"
10.10.0.238 - - [25/Jun/2021:03:24:12 +0000] "GET / HTTP/1.1" 302 5 "-" "ELB-HealthChecker/2.0"
10.10.10.65 - - [25/Jun/2021:03:24:16 +0000] "GET / HTTP/1.1" 302 5 "-" "ELB-HealthChecker/2.0"
10.10.40.22 - - [25/Jun/2021:03:24:17 +0000] "GET / HTTP/1.1" 302 5 "-" "ELB-HealthChecker/2.0"
88.98.48.161 - - [25/Jun/2021:03:24:21 +0000] "GET /users/users/login HTTP/1.1" 200 11827 "-" "Zabbix"
10.10.0.25 - - [25/Jun/2021:03:24:24 +0000] "GET / HTTP/1.1" 302 5 "-" "ELB-HealthChecker/2.0"
10.10.0.238 - - [25/Jun/2021:03:24:27 +0000] "GET / HTTP/1.1" 302 5 "-" "ELB-HealthChecker/2.0"
10.10.10.65 - - [25/Jun/2021:03:24:31 +0000] "GET / HTTP/1.1" 302 5 "-" "ELB-HealthChecker/2.0"
10.10.40.22 - - [25/Jun/2021:03:24:32 +0000] "GET / HTTP/1.1" 302 5 "-" "ELB-HealthChecker/2.0"
81.159.157.169 - - [25/Jun/2021:03:24:32 +0000] "GET /crpts/assessments/rpa/rpa8S8lrS/CtcaNTTnHk39V/jrku05FJMr HTTP/1.1" 200 4563 "https://crpt.crucibleapp.com/crpts/assessments/rpa/rpa8S8lrS/CtcaNTTnHk39V/jrku05FJMr" "Mozilla/5.0 (iPhone; CPU iPhone OS 14_6 like Mac OS X) AppleWebKit/605.1.15 (KHTML, like Gecko) Version/14.1.1 Mobile/15E148 Safari/604.1"
10.10.0.25 - - [25/Jun/2021:03:24:39 +0000] "GET / HTTP/1.1" 302 5 "-" "ELB-HealthChecker/2.0"
10.10.0.238 - - [25/Jun/2021:03:24:42 +0000] "GET / HTTP/1.1" 302 5 "-" "ELB-HealthChecker/2.0"
10.10.10.65 - - [25/Jun/2021:03:24:46 +0000] "GET / HTTP/1.1" 302 5 "-" "ELB-HealthChecker/2.0"
10.10.40.22 - - [25/Jun/2021:03:24:47 +0000] "GET / HTTP/1.1" 302 5 "-" "ELB-HealthChecker/2.0"
10.10.0.25 - - [25/Jun/2021:03:24:54 +0000] "GET / HTTP/1.1" 302 5 "-" "ELB-HealthChecker/2.0"
10.10.0.238 - - [25/Jun/2021:03:24:57 +0000] "GET / HTTP/1.1" 302 5 "-" "ELB-HealthChecker/2.0"
10.10.10.65 - - [25/Jun/2021:03:25:01 +0000] "GET / HTTP/1.1" 302 5 "-" "ELB-HealthChecker/2.0"
10.10.40.22 - - [25/Jun/2021:03:25:02 +0000] "GET / HTTP/1.1" 302 5 "-" "ELB-HealthChecker/2.0"
10.10.0.25 - - [25/Jun/2021:03:25:09 +0000] "GET / HTTP/1.1" 302 5 "-" "ELB-HealthChecker/2.0"
10.10.0.238 - - [25/Jun/2021:03:25:12 +0000] "GET / HTTP/1.1" 302 5 "-" "ELB-HealthChecker/2.0"
10.10.10.65 - - [25/Jun/2021:03:25:16 +0000] "GET / HTTP/1.1" 302 5 "-" "ELB-HealthChecker/2.0"
10.10.40.22 - - [25/Jun/2021:03:25:17 +0000] "GET / HTTP/1.1" 302 5 "-" "ELB-HealthChecker/2.0"
88.98.48.161 - - [25/Jun/2021:03:25:22 +0000] "GET /users/users/login HTTP/1.1" 200 11828 "-" "Zabbix"
10.10.0.25 - - [25/Jun/2021:03:25:24 +0000] "GET / HTTP/1.1" 302 5 "-" "ELB-HealthChecker/2.0"
10.10.0.238 - - [25/Jun/2021:03:25:27 +0000] "GET / HTTP/1.1" 302 5 "-" "ELB-HealthChecker/2.0"
10.10.10.65 - - [25/Jun/2021:03:25:31 +0000] "GET / HTTP/1.1" 302 5 "-" "ELB-HealthChecker/2.0"
10.10.40.22 - - [25/Jun/2021:03:25:32 +0000] "GET / HTTP/1.1" 302 5 "-" "ELB-HealthChecker/2.0"
10.10.0.25 - - [25/Jun/2021:03:25:39 +0000] "GET / HTTP/1.1" 302 5 "-" "ELB-HealthChecker/2.0"
10.10.0.238 - - [25/Jun/2021:03:25:42 +0000] "GET / HTTP/1.1" 302 5 "-" "ELB-HealthChecker/2.0"
10.10.10.65 - - [25/Jun/2021:03:25:46 +0000] "GET / HTTP/1.1" 302 5 "-" "ELB-HealthChecker/2.0"
10.10.40.22 - - [25/Jun/2021:03:25:47 +0000] "GET / HTTP/1.1" 302 5 "-" "ELB-HealthChecker/2.0"
10.10.0.25 - - [25/Jun/2021:03:25:54 +0000] "GET / HTTP/1.1" 302 5 "-" "ELB-HealthChecker/2.0"
10.10.0.238 - - [25/Jun/2021:03:25:57 +0000] "GET / HTTP/1.1" 302 5 "-" "ELB-HealthChecker/2.0"
81.159.157.169 - - [25/Jun/2021:03:25:59 +0000] "GET /crpts/assessments/rpa/rpa8S8lrS/CtcaNTTnHk39V/jrku05FJMr HTTP/1.1" 200 4709 "https://crpt.crucibleapp.com/crpts/assessments/rpa/rpa8S8lrS/CtcaNTTnHk39V/jrku05FJMr" "Mozilla/5.0 (iPhone; CPU iPhone OS 14_6 like Mac OS X) AppleWebKit/605.1.15 (KHTML, like Gecko) Version/14.1.1 Mobile/15E148 Safari/604.1"
10.10.10.65 - - [25/Jun/2021:03:26:01 +0000] "GET / HTTP/1.1" 302 5 "-" "ELB-HealthChecker/2.0"
10.10.40.22 - - [25/Jun/2021:03:26:02 +0000] "GET / HTTP/1.1" 302 5 "-" "ELB-HealthChecker/2.0"
10.10.0.25 - - [25/Jun/2021:03:26:09 +0000] "GET / HTTP/1.1" 302 5 "-" "ELB-HealthChecker/2.0"
10.10.0.238 - - [25/Jun/2021:03:26:12 +0000] "GET / HTTP/1.1" 302 5 "-" "ELB-HealthChecker/2.0"
10.10.10.65 - - [25/Jun/2021:03:26:16 +0000] "GET / HTTP/1.1" 302 5 "-" "ELB-HealthChecker/2.0"
10.10.40.22 - - [25/Jun/2021:03:26:17 +0000] "GET / HTTP/1.1" 302 5 "-" "ELB-HealthChecker/2.0"
88.98.48.161 - - [25/Jun/2021:03:26:22 +0000] "GET /users/users/login HTTP/1.1" 200 11829 "-" "Zabbix"
10.10.0.25 - - [25/Jun/2021:03:26:24 +0000] "GET / HTTP/1.1" 302 5 "-" "ELB-HealthChecker/2.0"
10.10.0.238 - - [25/Jun/2021:03:26:27 +0000] "GET / HTTP/1.1" 302 5 "-" "ELB-HealthChecker/2.0"
10.10.10.65 - - [25/Jun/2021:03:26:31 +0000] "GET / HTTP/1.1" 302 5 "-" "ELB-HealthChecker/2.0"
10.10.40.22 - - [25/Jun/2021:03:26:32 +0000] "GET / HTTP/1.1" 302 5 "-" "ELB-HealthChecker/2.0"
10.10.0.25 - - [25/Jun/2021:03:26:39 +0000] "GET / HTTP/1.1" 302 5 "-" "ELB-HealthChecker/2.0"
10.10.0.238 - - [25/Jun/2021:03:26:42 +0000] "GET / HTTP/1.1" 302 5 "-" "ELB-HealthChecker/2.0"
10.10.10.65 - - [25/Jun/2021:03:26:46 +0000] "GET / HTTP/1.1" 302 5 "-" "ELB-HealthChecker/2.0"
10.10.40.22 - - [25/Jun/2021:03:26:47 +0000] "GET / HTTP/1.1" 302 5 "-" "ELB-HealthChecker/2.0"
10.10.0.25 - - [25/Jun/2021:03:26:54 +0000] "GET / HTTP/1.1" 302 5 "-" "ELB-HealthChecker/2.0"
81.159.157.169 - - [25/Jun/2021:03:26:56 +0000] "GET /crpts/assessments/rpa/rpa8S8lrS/CtcaNTTnHk39V/jrku05FJMr HTTP/1.1" 200 4561 "https://crpt.crucibleapp.com/crpts/assessments/rpa/rpa8S8lrS/CtcaNTTnHk39V/jrku05FJMr" "Mozilla/5.0 (iPhone; CPU iPhone OS 14_6 like Mac OS X) AppleWebKit/605.1.15 (KHTML, like Gecko) Version/14.1.1 Mobile/15E148 Safari/604.1"
10.10.0.238 - - [25/Jun/2021:03:26:57 +0000] "GET / HTTP/1.1" 302 5 "-" "ELB-HealthChecker/2.0"
10.10.10.65 - - [25/Jun/2021:03:27:01 +0000] "GET / HTTP/1.1" 302 5 "-" "ELB-HealthChecker/2.0"
10.10.40.22 - - [25/Jun/2021:03:27:02 +0000] "GET / HTTP/1.1" 302 5 "-" "ELB-HealthChecker/2.0"
10.10.0.25 - - [25/Jun/2021:03:27:09 +0000] "GET / HTTP/1.1" 302 5 "-" "ELB-HealthChecker/2.0"
10.10.0.238 - - [25/Jun/2021:03:27:12 +0000] "GET / HTTP/1.1" 302 5 "-" "ELB-HealthChecker/2.0"
10.10.10.65 - - [25/Jun/2021:03:27:16 +0000] "GET / HTTP/1.1" 302 5 "-" "ELB-HealthChecker/2.0"
10.10.40.22 - - [25/Jun/2021:03:27:17 +0000] "GET / HTTP/1.1" 302 5 "-" "ELB-HealthChecker/2.0"
88.98.48.161 - - [25/Jun/2021:03:27:22 +0000] "GET / HTTP/1.1" 302 5 "-" "Zabbix"
10.10.0.25 - - [25/Jun/2021:03:27:24 +0000] "GET / HTTP/1.1" 302 5 "-" "ELB-HealthChecker/2.0"
10.10.0.238 - - [25/Jun/2021:03:27:27 +0000] "GET / HTTP/1.1" 302 5 "-" "ELB-HealthChecker/2.0"
10.10.10.65 - - [25/Jun/2021:03:27:31 +0000] "GET / HTTP/1.1" 302 5 "-" "ELB-HealthChecker/2.0"
10.10.40.22 - - [25/Jun/2021:03:27:32 +0000] "GET / HTTP/1.1" 302 5 "-" "ELB-HealthChecker/2.0"
81.159.157.169 - - [25/Jun/2021:03:27:34 +0000] "GET /crpts/assessments/rpa/rpa8S8lrS/CtcaNTTnHk39V/jrku05FJMr HTTP/1.1" 200 4588 "https://crpt.crucibleapp.com/crpts/assessments/rpa/rpa8S8lrS/CtcaNTTnHk39V/jrku05FJMr" "Mozilla/5.0 (iPhone; CPU iPhone OS 14_6 like Mac OS X) AppleWebKit/605.1.15 (KHTML, like Gecko) Version/14.1.1 Mobile/15E148 Safari/604.1"
10.10.0.25 - - [25/Jun/2021:03:27:39 +0000] "GET / HTTP/1.1" 302 5 "-" "ELB-HealthChecker/2.0"
10.10.0.238 - - [25/Jun/2021:03:27:42 +0000] "GET / HTTP/1.1" 302 5 "-" "ELB-HealthChecker/2.0"
10.10.10.65 - - [25/Jun/2021:03:27:46 +0000] "GET / HTTP/1.1" 302 5 "-" "ELB-HealthChecker/2.0"
10.10.40.22 - - [25/Jun/2021:03:27:47 +0000] "GET / HTTP/1.1" 302 5 "-" "ELB-HealthChecker/2.0"
10.10.0.25 - - [25/Jun/2021:03:27:54 +0000] "GET / HTTP/1.1" 302 5 "-" "ELB-HealthChecker/2.0"
10.10.0.238 - - [25/Jun/2021:03:27:57 +0000] "GET / HTTP/1.1" 302 5 "-" "ELB-HealthChecker/2.0"
10.10.10.65 - - [25/Jun/2021:03:28:01 +0000] "GET / HTTP/1.1" 302 5 "-" "ELB-HealthChecker/2.0"
10.10.40.22 - - [25/Jun/2021:03:28:02 +0000] "GET / HTTP/1.1" 302 5 "-" "ELB-HealthChecker/2.0"
10.10.0.25 - - [25/Jun/2021:03:28:09 +0000] "GET / HTTP/1.1" 302 5 "-" "ELB-HealthChecker/2.0"
10.10.0.238 - - [25/Jun/2021:03:28:12 +0000] "GET / HTTP/1.1" 302 5 "-" "ELB-HealthChecker/2.0"
10.10.10.65 - - [25/Jun/2021:03:28:16 +0000] "GET / HTTP/1.1" 302 5 "-" "ELB-HealthChecker/2.0"
10.10.40.22 - - [25/Jun/2021:03:28:17 +0000] "GET / HTTP/1.1" 302 5 "-" "ELB-HealthChecker/2.0"
88.98.48.161 - - [25/Jun/2021:03:28:24 +0000] "GET /users/users/login HTTP/1.1" 200 11827 "-" "Zabbix"
10.10.0.25 - - [25/Jun/2021:03:28:24 +0000] "GET / HTTP/1.1" 302 5 "-" "ELB-HealthChecker/2.0"
94.6.244.54 - - [25/Jun/2021:03:28:25 +0000] "GET /crpts/assessments/cfa_complete/cfa8KlzMD/eWkqgttMMSPCK/jrWpr5HNpC HTTP/1.1" 302 5 "-" "Mozilla/5.0 (Linux; Android 11; SAMSUNG SM-A125F) AppleWebKit/537.36 (KHTML, like Gecko) SamsungBrowser/14.0 Chrome/87.0.4280.141 Mobile Safari/537.36"
10.10.0.238 - - [25/Jun/2021:03:28:27 +0000] "GET / HTTP/1.1" 302 5 "-" "ELB-HealthChecker/2.0"
52.48.216.108 - - [25/Jun/2021:03:28:30 +0000] "GET /css/jquery.validate.css HTTP/1.1" 200 379 "-" "Mozilla/5.0 (X11; U; Linux x86_64; C) AppleWebKit/533.3 (KHTML, like Gecko) Qt/4.8.0 Safari/533.3"
52.48.216.108 - - [25/Jun/2021:03:28:30 +0000] "GET /css/bootstrap.css HTTP/1.1" 200 18620 "-" "Mozilla/5.0 (X11; U; Linux x86_64; C) AppleWebKit/533.3 (KHTML, like Gecko) Qt/4.8.0 Safari/533.3"
10.10.10.65 - - [25/Jun/2021:03:28:31 +0000] "GET / HTTP/1.1" 302 5 "-" "ELB-HealthChecker/2.0"
10.10.40.22 - - [25/Jun/2021:03:28:32 +0000] "GET / HTTP/1.1" 302 5 "-" "ELB-HealthChecker/2.0"
81.159.157.169 - - [25/Jun/2021:03:28:38 +0000] "POST /crpts/assessments/rpa/rpa8S8lrS/CtcaNTTnHk39V/jrku05FJMr HTTP/1.1" 302 5 "https://crpt.crucibleapp.com/crpts/assessments/rpa/rpa8S8lrS/CtcaNTTnHk39V/jrku05FJMr" "Mozilla/5.0 (iPhone; CPU iPhone OS 14_6 like Mac OS X) AppleWebKit/605.1.15 (KHTML, like Gecko) Version/14.1.1 Mobile/15E148 Safari/604.1"
10.10.0.25 - - [25/Jun/2021:03:28:39 +0000] "GET / HTTP/1.1" 302 5 "-" "ELB-HealthChecker/2.0"
10.10.0.238 - - [25/Jun/2021:03:28:42 +0000] "GET / HTTP/1.1" 302 5 "-" "ELB-HealthChecker/2.0"
10.10.10.65 - - [25/Jun/2021:03:28:46 +0000] "GET / HTTP/1.1" 302 5 "-" "ELB-HealthChecker/2.0"
10.10.40.22 - - [25/Jun/2021:03:28:47 +0000] "GET / HTTP/1.1" 302 5 "-" "ELB-HealthChecker/2.0"
10.10.0.25 - - [25/Jun/2021:03:28:54 +0000] "GET / HTTP/1.1" 302 5 "-" "ELB-HealthChecker/2.0"
10.10.0.238 - - [25/Jun/2021:03:28:57 +0000] "GET / HTTP/1.1" 302 5 "-" "ELB-HealthChecker/2.0"
10.10.10.65 - - [25/Jun/2021:03:29:01 +0000] "GET / HTTP/1.1" 302 5 "-" "ELB-HealthChecker/2.0"
10.10.40.22 - - [25/Jun/2021:03:29:02 +0000] "GET / HTTP/1.1" 302 5 "-" "ELB-HealthChecker/2.0"
10.10.0.25 - - [25/Jun/2021:03:29:09 +0000] "GET / HTTP/1.1" 302 5 "-" "ELB-HealthChecker/2.0"
10.10.0.238 - - [25/Jun/2021:03:29:12 +0000] "GET / HTTP/1.1" 302 5 "-" "ELB-HealthChecker/2.0"
10.10.10.65 - - [25/Jun/2021:03:29:16 +0000] "GET / HTTP/1.1" 302 5 "-" "ELB-HealthChecker/2.0"
10.10.40.22 - - [25/Jun/2021:03:29:17 +0000] "GET / HTTP/1.1" 302 5 "-" "ELB-HealthChecker/2.0"
10.10.0.25 - - [25/Jun/2021:03:29:24 +0000] "GET / HTTP/1.1" 302 5 "-" "ELB-HealthChecker/2.0"
88.98.48.161 - - [25/Jun/2021:03:29:25 +0000] "GET / HTTP/1.1" 302 5 "-" "Zabbix"
10.10.0.238 - - [25/Jun/2021:03:29:27 +0000] "GET / HTTP/1.1" 302 5 "-" "ELB-HealthChecker/2.0"
10.10.10.65 - - [25/Jun/2021:03:29:31 +0000] "GET / HTTP/1.1" 302 5 "-" "ELB-HealthChecker/2.0"
10.10.40.22 - - [25/Jun/2021:03:29:32 +0000] "GET / HTTP/1.1" 302 5 "-" "ELB-HealthChecker/2.0"
81.159.157.169 - - [25/Jun/2021:03:29:36 +0000] "POST /crpts/assessments/rpa/rpa8S8lrS/CtcaNTTnHk39V/jrku05FJMr HTTP/1.1" 302 5 "https://crpt.crucibleapp.com/crpts/assessments/rpa/rpa8S8lrS/CtcaNTTnHk39V/jrku05FJMr" "Mozilla/5.0 (iPhone; CPU iPhone OS 14_6 like Mac OS X) AppleWebKit/605.1.15 (KHTML, like Gecko) Version/14.1.1 Mobile/15E148 Safari/604.1"
10.10.0.25 - - [25/Jun/2021:03:29:39 +0000] "GET / HTTP/1.1" 302 5 "-" "ELB-HealthChecker/2.0"
10.10.0.238 - - [25/Jun/2021:03:29:42 +0000] "GET / HTTP/1.1" 302 5 "-" "ELB-HealthChecker/2.0"
10.10.10.65 - - [25/Jun/2021:03:29:46 +0000] "GET / HTTP/1.1" 302 5 "-" "ELB-HealthChecker/2.0"
10.10.40.22 - - [25/Jun/2021:03:29:47 +0000] "GET / HTTP/1.1" 302 5 "-" "ELB-HealthChecker/2.0"
10.10.0.25 - - [25/Jun/2021:03:29:54 +0000] "GET / HTTP/1.1" 302 5 "-" "ELB-HealthChecker/2.0"
10.10.0.238 - - [25/Jun/2021:03:29:57 +0000] "GET / HTTP/1.1" 302 5 "-" "ELB-HealthChecker/2.0"
10.10.10.65 - - [25/Jun/2021:03:30:01 +0000] "GET / HTTP/1.1" 302 5 "-" "ELB-HealthChecker/2.0"
10.10.40.22 - - [25/Jun/2021:03:30:02 +0000] "GET / HTTP/1.1" 302 5 "-" "ELB-HealthChecker/2.0"
10.10.0.25 - - [25/Jun/2021:03:30:09 +0000] "GET / HTTP/1.1" 302 5 "-" "ELB-HealthChecker/2.0"
10.10.0.238 - - [25/Jun/2021:03:30:12 +0000] "GET / HTTP/1.1" 302 5 "-" "ELB-HealthChecker/2.0"
10.10.10.65 - - [25/Jun/2021:03:30:16 +0000] "GET / HTTP/1.1" 302 5 "-" "ELB-HealthChecker/2.0"
10.10.40.22 - - [25/Jun/2021:03:30:17 +0000] "GET / HTTP/1.1" 302 5 "-" "ELB-HealthChecker/2.0"
10.10.0.25 - - [25/Jun/2021:03:30:24 +0000] "GET / HTTP/1.1" 302 5 "-" "ELB-HealthChecker/2.0"
10.10.0.238 - - [25/Jun/2021:03:30:27 +0000] "GET / HTTP/1.1" 302 5 "-" "ELB-HealthChecker/2.0"
10.10.10.65 - - [25/Jun/2021:03:30:31 +0000] "GET / HTTP/1.1" 302 5 "-" "ELB-HealthChecker/2.0"
10.10.40.22 - - [25/Jun/2021:03:30:32 +0000] "GET / HTTP/1.1" 302 5 "-" "ELB-HealthChecker/2.0"
10.10.0.25 - - [25/Jun/2021:03:30:39 +0000] "GET / HTTP/1.1" 302 5 "-" "ELB-HealthChecker/2.0"
10.10.0.238 - - [25/Jun/2021:03:30:42 +0000] "GET / HTTP/1.1" 302 5 "-" "ELB-HealthChecker/2.0"
10.10.10.65 - - [25/Jun/2021:03:30:46 +0000] "GET / HTTP/1.1" 302 5 "-" "ELB-HealthChecker/2.0"
10.10.40.22 - - [25/Jun/2021:03:30:47 +0000] "GET / HTTP/1.1" 302 5 "-" "ELB-HealthChecker/2.0"
10.10.0.25 - - [25/Jun/2021:03:30:54 +0000] "GET / HTTP/1.1" 302 5 "-" "ELB-HealthChecker/2.0"
10.10.0.238 - - [25/Jun/2021:03:30:57 +0000] "GET / HTTP/1.1" 302 5 "-" "ELB-HealthChecker/2.0"
10.10.10.65 - - [25/Jun/2021:03:31:01 +0000] "GET / HTTP/1.1" 302 5 "-" "ELB-HealthChecker/2.0"
10.10.40.22 - - [25/Jun/2021:03:31:02 +0000] "GET / HTTP/1.1" 302 5 "-" "ELB-HealthChecker/2.0"
10.10.0.25 - - [25/Jun/2021:03:31:09 +0000] "GET / HTTP/1.1" 302 5 "-" "ELB-HealthChecker/2.0"
10.10.0.238 - - [25/Jun/2021:03:31:12 +0000] "GET / HTTP/1.1" 302 5 "-" "ELB-HealthChecker/2.0"
10.10.10.65 - - [25/Jun/2021:03:31:16 +0000] "GET / HTTP/1.1" 302 5 "-" "ELB-HealthChecker/2.0"
10.10.40.22 - - [25/Jun/2021:03:31:17 +0000] "GET / HTTP/1.1" 302 5 "-" "ELB-HealthChecker/2.0"
10.10.0.25 - - [25/Jun/2021:03:31:24 +0000] "GET / HTTP/1.1" 302 5 "-" "ELB-HealthChecker/2.0"
10.10.0.238 - - [25/Jun/2021:03:31:27 +0000] "GET / HTTP/1.1" 302 5 "-" "ELB-HealthChecker/2.0"
10.10.10.65 - - [25/Jun/2021:03:31:31 +0000] "GET / HTTP/1.1" 302 5 "-" "ELB-HealthChecker/2.0"
10.10.40.22 - - [25/Jun/2021:03:31:32 +0000] "GET / HTTP/1.1" 302 5 "-" "ELB-HealthChecker/2.0"
10.10.0.25 - - [25/Jun/2021:03:31:39 +0000] "GET / HTTP/1.1" 302 5 "-" "ELB-HealthChecker/2.0"
10.10.0.238 - - [25/Jun/2021:03:31:42 +0000] "GET / HTTP/1.1" 302 5 "-" "ELB-HealthChecker/2.0"
10.10.10.65 - - [25/Jun/2021:03:31:46 +0000] "GET / HTTP/1.1" 302 5 "-" "ELB-HealthChecker/2.0"
10.10.40.22 - - [25/Jun/2021:03:31:47 +0000] "GET / HTTP/1.1" 302 5 "-" "ELB-HealthChecker/2.0"
10.10.0.25 - - [25/Jun/2021:03:31:54 +0000] "GET / HTTP/1.1" 302 5 "-" "ELB-HealthChecker/2.0"
10.10.0.238 - - [25/Jun/2021:03:31:57 +0000] "GET / HTTP/1.1" 302 5 "-" "ELB-HealthChecker/2.0"
10.10.10.65 - - [25/Jun/2021:03:32:01 +0000] "GET / HTTP/1.1" 302 5 "-" "ELB-HealthChecker/2.0"
10.10.40.22 - - [25/Jun/2021:03:32:02 +0000] "GET / HTTP/1.1" 302 5 "-" "ELB-HealthChecker/2.0"
10.10.0.25 - - [25/Jun/2021:03:32:09 +0000] "GET / HTTP/1.1" 302 5 "-" "ELB-HealthChecker/2.0"
78.145.26.27 - - [25/Jun/2021:03:32:12 +0000] "GET /users/candidates/add/cfaS4yyT6/byTPdFxv7D7tf/jrku05FJMr HTTP/1.1" 200 17045 "https://cooperative.taleo.net/careersection/careersection/candidateacquisition/flow.jsf" "Mozilla/5.0 (iPad; CPU OS 14_4_2 like Mac OS X) AppleWebKit/605.1.15 (KHTML, like Gecko) Mobile/15E148 Indeed App 98.0"
78.145.26.27 - - [25/Jun/2021:03:32:12 +0000] "GET /css/jquery.validate.css HTTP/1.1" 200 379 "https://crpt.crucibleapp.com/users/candidates/add/cfaS4yyT6/byTPdFxv7D7tf/jrku05FJMr" "Mozilla/5.0 (iPad; CPU OS 14_4_2 like Mac OS X) AppleWebKit/605.1.15 (KHTML, like Gecko) Mobile/15E148 Indeed App 98.0"
78.145.26.27 - - [25/Jun/2021:03:32:12 +0000] "GET /css/responsive/cpa-responsive.css HTTP/1.1" 200 2072 "https://crpt.crucibleapp.com/users/candidates/add/cfaS4yyT6/byTPdFxv7D7tf/jrku05FJMr" "Mozilla/5.0 (iPad; CPU OS 14_4_2 like Mac OS X) AppleWebKit/605.1.15 (KHTML, like Gecko) Mobile/15E148 Indeed App 98.0"
78.145.26.27 - - [25/Jun/2021:03:32:12 +0000] "GET /js/jquery-ui.js HTTP/1.1" 200 131912 "https://crpt.crucibleapp.com/users/candidates/add/cfaS4yyT6/byTPdFxv7D7tf/jrku05FJMr" "Mozilla/5.0 (iPad; CPU OS 14_4_2 like Mac OS X) AppleWebKit/605.1.15 (KHTML, like Gecko) Mobile/15E148 Indeed App 98.0"
78.145.26.27 - - [25/Jun/2021:03:32:12 +0000] "GET /theme/Vanilla/css/flags.css HTTP/1.1" 200 3329 "https://crpt.crucibleapp.com/users/candidates/add/cfaS4yyT6/byTPdFxv7D7tf/jrku05FJMr" "Mozilla/5.0 (iPad; CPU OS 14_4_2 like Mac OS X) AppleWebKit/605.1.15 (KHTML, like Gecko) Mobile/15E148 Indeed App 98.0"
78.145.26.27 - - [25/Jun/2021:03:32:12 +0000] "GET /js/jQuery/jquery.validate.js HTTP/1.1" 200 1150 "https://crpt.crucibleapp.com/users/candidates/add/cfaS4yyT6/byTPdFxv7D7tf/jrku05FJMr" "Mozilla/5.0 (iPad; CPU OS 14_4_2 like Mac OS X) AppleWebKit/605.1.15 (KHTML, like Gecko) Mobile/15E148 Indeed App 98.0"
78.145.26.27 - - [25/Jun/2021:03:32:12 +0000] "GET /css/fancybox/jquery.fancybox-1.3.4.css HTTP/1.1" 200 2148 "https://crpt.crucibleapp.com/users/candidates/add/cfaS4yyT6/byTPdFxv7D7tf/jrku05FJMr" "Mozilla/5.0 (iPad; CPU OS 14_4_2 like Mac OS X) AppleWebKit/605.1.15 (KHTML, like Gecko) Mobile/15E148 Indeed App 98.0"
78.145.26.27 - - [25/Jun/2021:03:32:12 +0000] "GET /js/autoCompleteLazyLoad.js HTTP/1.1" 200 700 "https://crpt.crucibleapp.com/users/candidates/add/cfaS4yyT6/byTPdFxv7D7tf/jrku05FJMr" "Mozilla/5.0 (iPad; CPU OS 14_4_2 like Mac OS X) AppleWebKit/605.1.15 (KHTML, like Gecko) Mobile/15E148 Indeed App 98.0"
10.10.0.238 - - [25/Jun/2021:03:32:12 +0000] "GET / HTTP/1.1" 302 5 "-" "ELB-HealthChecker/2.0"
10.10.10.65 - - [25/Jun/2021:03:32:16 +0000] "GET / HTTP/1.1" 302 5 "-" "ELB-HealthChecker/2.0"
78.145.26.27 - - [25/Jun/2021:03:32:17 +0000] "GET /crpts/assessments/cfa_instruction/cfaS4yyT6/byTPdFxv7D7tf/jrku05FJMr HTTP/1.1" 200 3160 "https://crpt.crucibleapp.com/users/candidates/add/cfaS4yyT6/byTPdFxv7D7tf/jrku05FJMr" "Mozilla/5.0 (iPad; CPU OS 14_4_2 like Mac OS X) AppleWebKit/605.1.15 (KHTML, like Gecko) Mobile/15E148 Indeed App 98.0"
10.10.40.22 - - [25/Jun/2021:03:32:17 +0000] "GET / HTTP/1.1" 302 5 "-" "ELB-HealthChecker/2.0"
10.10.0.25 - - [25/Jun/2021:03:32:24 +0000] "GET / HTTP/1.1" 302 5 "-" "ELB-HealthChecker/2.0"
88.98.48.161 - - [25/Jun/2021:03:32:25 +0000] "GET / HTTP/1.1" 302 5 "-" "Zabbix"
10.10.0.238 - - [25/Jun/2021:03:32:27 +0000] "GET / HTTP/1.1" 302 5 "-" "ELB-HealthChecker/2.0"
10.10.10.65 - - [25/Jun/2021:03:32:31 +0000] "GET / HTTP/1.1" 302 5 "-" "ELB-HealthChecker/2.0"
10.10.40.22 - - [25/Jun/2021:03:32:32 +0000] "GET / HTTP/1.1" 302 5 "-" "ELB-HealthChecker/2.0"
78.145.26.27 - - [25/Jun/2021:03:32:33 +0000] "GET /crpts/assessments/cfa/cfaS4yyT6/byTPdFxv7D7tf/jrku05FJMr HTTP/1.1" 200 3727 "https://crpt.crucibleapp.com/crpts/assessments/cfa_instruction/cfaS4yyT6/byTPdFxv7D7tf/jrku05FJMr" "Mozilla/5.0 (iPad; CPU OS 14_4_2 like Mac OS X) AppleWebKit/605.1.15 (KHTML, like Gecko) Mobile/15E148 Indeed App 98.0"
10.10.0.25 - - [25/Jun/2021:03:32:39 +0000] "GET / HTTP/1.1" 302 5 "-" "ELB-HealthChecker/2.0"
10.10.0.238 - - [25/Jun/2021:03:32:42 +0000] "GET / HTTP/1.1" 302 5 "-" "ELB-HealthChecker/2.0"
10.10.10.65 - - [25/Jun/2021:03:32:46 +0000] "GET / HTTP/1.1" 302 5 "-" "ELB-HealthChecker/2.0"
10.10.40.22 - - [25/Jun/2021:03:32:47 +0000] "GET / HTTP/1.1" 302 5 "-" "ELB-HealthChecker/2.0"
10.10.0.25 - - [25/Jun/2021:03:32:54 +0000] "GET / HTTP/1.1" 302 5 "-" "ELB-HealthChecker/2.0"
10.10.0.238 - - [25/Jun/2021:03:32:57 +0000] "GET / HTTP/1.1" 302 5 "-" "ELB-HealthChecker/2.0"
10.10.10.65 - - [25/Jun/2021:03:33:01 +0000] "GET / HTTP/1.1" 302 5 "-" "ELB-HealthChecker/2.0"
10.10.40.22 - - [25/Jun/2021:03:33:02 +0000] "GET / HTTP/1.1" 302 5 "-" "ELB-HealthChecker/2.0"
10.10.0.25 - - [25/Jun/2021:03:33:09 +0000] "GET / HTTP/1.1" 302 5 "-" "ELB-HealthChecker/2.0"
10.10.0.238 - - [25/Jun/2021:03:33:12 +0000] "GET / HTTP/1.1" 302 5 "-" "ELB-HealthChecker/2.0"
10.10.10.65 - - [25/Jun/2021:03:33:16 +0000] "GET / HTTP/1.1" 302 5 "-" "ELB-HealthChecker/2.0"
10.10.40.22 - - [25/Jun/2021:03:33:17 +0000] "GET / HTTP/1.1" 302 5 "-" "ELB-HealthChecker/2.0"
10.10.0.25 - - [25/Jun/2021:03:33:24 +0000] "GET / HTTP/1.1" 302 5 "-" "ELB-HealthChecker/2.0"
88.98.48.161 - - [25/Jun/2021:03:33:26 +0000] "GET /users/users/login HTTP/1.1" 200 11826 "-" "Zabbix"
10.10.0.238 - - [25/Jun/2021:03:33:27 +0000] "GET / HTTP/1.1" 302 5 "-" "ELB-HealthChecker/2.0"
10.10.10.65 - - [25/Jun/2021:03:33:31 +0000] "GET / HTTP/1.1" 302 5 "-" "ELB-HealthChecker/2.0"
10.10.40.22 - - [25/Jun/2021:03:33:32 +0000] "GET / HTTP/1.1" 302 5 "-" "ELB-HealthChecker/2.0"
10.10.0.25 - - [25/Jun/2021:03:33:39 +0000] "GET / HTTP/1.1" 302 5 "-" "ELB-HealthChecker/2.0"
78.145.26.27 - - [25/Jun/2021:03:33:42 +0000] "GET /crpts/assessments/cfa/cfaS4yyT6/byTPdFxv7D7tf/jrku05FJMr HTTP/1.1" 200 3732 "https://crpt.crucibleapp.com/crpts/assessments/cfa/cfaS4yyT6/byTPdFxv7D7tf/jrku05FJMr" "Mozilla/5.0 (iPad; CPU OS 14_4_2 like Mac OS X) AppleWebKit/605.1.15 (KHTML, like Gecko) Mobile/15E148 Indeed App 98.0"
10.10.0.238 - - [25/Jun/2021:03:33:42 +0000] "GET / HTTP/1.1" 302 5 "-" "ELB-HealthChecker/2.0"
10.10.10.65 - - [25/Jun/2021:03:33:46 +0000] "GET / HTTP/1.1" 302 5 "-" "ELB-HealthChecker/2.0"
10.10.40.22 - - [25/Jun/2021:03:33:47 +0000] "GET / HTTP/1.1" 302 5 "-" "ELB-HealthChecker/2.0"
78.145.26.27 - - [25/Jun/2021:03:33:48 +0000] "GET /crpts/assessments/cfa/cfaS4yyT6/byTPdFxv7D7tf/jrku05FJMr HTTP/1.1" 200 3719 "https://crpt.crucibleapp.com/crpts/assessments/cfa/cfaS4yyT6/byTPdFxv7D7tf/jrku05FJMr" "Mozilla/5.0 (iPad; CPU OS 14_4_2 like Mac OS X) AppleWebKit/605.1.15 (KHTML, like Gecko) Mobile/15E148 Indeed App 98.0"
78.145.26.27 - - [25/Jun/2021:03:33:50 +0000] "GET /crpts/assessments/cfa/cfaS4yyT6/byTPdFxv7D7tf/jrku05FJMr HTTP/1.1" 200 3751 "https://crpt.crucibleapp.com/crpts/assessments/cfa/cfaS4yyT6/byTPdFxv7D7tf/jrku05FJMr" "Mozilla/5.0 (iPad; CPU OS 14_4_2 like Mac OS X) AppleWebKit/605.1.15 (KHTML, like Gecko) Mobile/15E148 Indeed App 98.0"
78.145.26.27 - - [25/Jun/2021:03:33:52 +0000] "GET /crpts/assessments/cfa/cfaS4yyT6/byTPdFxv7D7tf/jrku05FJMr HTTP/1.1" 200 3716 "https://crpt.crucibleapp.com/crpts/assessments/cfa/cfaS4yyT6/byTPdFxv7D7tf/jrku05FJMr" "Mozilla/5.0 (iPad; CPU OS 14_4_2 like Mac OS X) AppleWebKit/605.1.15 (KHTML, like Gecko) Mobile/15E148 Indeed App 98.0"
10.10.0.25 - - [25/Jun/2021:03:33:54 +0000] "GET / HTTP/1.1" 302 5 "-" "ELB-HealthChecker/2.0"
10.10.0.238 - - [25/Jun/2021:03:33:58 +0000] "GET / HTTP/1.1" 302 5 "-" "ELB-HealthChecker/2.0"
10.10.10.65 - - [25/Jun/2021:03:34:01 +0000] "GET / HTTP/1.1" 302 5 "-" "ELB-HealthChecker/2.0"
78.145.26.27 - - [25/Jun/2021:03:34:02 +0000] "POST /crpts/assessments/cfa/cfaS4yyT6/byTPdFxv7D7tf/jrku05FJMr HTTP/1.1" 302 5 "https://crpt.crucibleapp.com/crpts/assessments/cfa/cfaS4yyT6/byTPdFxv7D7tf/jrku05FJMr" "Mozilla/5.0 (iPad; CPU OS 14_4_2 like Mac OS X) AppleWebKit/605.1.15 (KHTML, like Gecko) Mobile/15E148 Indeed App 98.0"
10.10.40.22 - - [25/Jun/2021:03:34:03 +0000] "GET / HTTP/1.1" 302 5 "-" "ELB-HealthChecker/2.0"
78.145.26.27 - - [25/Jun/2021:03:34:05 +0000] "GET /crpts/assessments/cfa/cfaS4yyT6/byTPdFxv7D7tf/jrku05FJMr HTTP/1.1" 200 3707 "https://crpt.crucibleapp.com/crpts/assessments/cfa/cfaS4yyT6/byTPdFxv7D7tf/jrku05FJMr" "Mozilla/5.0 (iPad; CPU OS 14_4_2 like Mac OS X) AppleWebKit/605.1.15 (KHTML, like Gecko) Mobile/15E148 Indeed App 98.0"
10.10.0.25 - - [25/Jun/2021:03:34:09 +0000] "GET / HTTP/1.1" 302 5 "-" "ELB-HealthChecker/2.0"
78.145.26.27 - - [25/Jun/2021:03:34:11 +0000] "POST /crpts/assessments/cfa/cfaS4yyT6/byTPdFxv7D7tf/jrku05FJMr HTTP/1.1" 302 5 "https://crpt.crucibleapp.com/crpts/assessments/cfa/cfaS4yyT6/byTPdFxv7D7tf/jrku05FJMr" "Mozilla/5.0 (iPad; CPU OS 14_4_2 like Mac OS X) AppleWebKit/605.1.15 (KHTML, like Gecko) Mobile/15E148 Indeed App 98.0"
10.10.0.238 - - [25/Jun/2021:03:34:13 +0000] "GET / HTTP/1.1" 302 5 "-" "ELB-HealthChecker/2.0"
10.10.10.65 - - [25/Jun/2021:03:34:16 +0000] "GET / HTTP/1.1" 302 5 "-" "ELB-HealthChecker/2.0"
10.10.40.22 - - [25/Jun/2021:03:34:18 +0000] "GET / HTTP/1.1" 302 5 "-" "ELB-HealthChecker/2.0"
10.10.0.25 - - [25/Jun/2021:03:34:24 +0000] "GET / HTTP/1.1" 302 5 "-" "ELB-HealthChecker/2.0"
88.98.48.161 - - [25/Jun/2021:03:34:26 +0000] "GET /users/users/login HTTP/1.1" 200 11828 "-" "Zabbix"
10.10.0.238 - - [25/Jun/2021:03:34:28 +0000] "GET / HTTP/1.1" 302 5 "-" "ELB-HealthChecker/2.0"
10.10.10.65 - - [25/Jun/2021:03:34:31 +0000] "GET / HTTP/1.1" 302 5 "-" "ELB-HealthChecker/2.0"
10.10.40.22 - - [25/Jun/2021:03:34:33 +0000] "GET / HTTP/1.1" 302 5 "-" "ELB-HealthChecker/2.0"
10.10.0.25 - - [25/Jun/2021:03:34:39 +0000] "GET / HTTP/1.1" 302 5 "-" "ELB-HealthChecker/2.0"
10.10.0.238 - - [25/Jun/2021:03:34:43 +0000] "GET / HTTP/1.1" 302 5 "-" "ELB-HealthChecker/2.0"
10.10.10.65 - - [25/Jun/2021:03:34:46 +0000] "GET / HTTP/1.1" 302 5 "-" "ELB-HealthChecker/2.0"
10.10.40.22 - - [25/Jun/2021:03:34:48 +0000] "GET / HTTP/1.1" 302 5 "-" "ELB-HealthChecker/2.0"
78.145.26.27 - - [25/Jun/2021:03:34:48 +0000] "POST /crpts/assessments/cfa/cfaS4yyT6/byTPdFxv7D7tf/jrku05FJMr HTTP/1.1" 302 5 "https://crpt.crucibleapp.com/crpts/assessments/cfa/cfaS4yyT6/byTPdFxv7D7tf/jrku05FJMr" "Mozilla/5.0 (iPad; CPU OS 14_4_2 like Mac OS X) AppleWebKit/605.1.15 (KHTML, like Gecko) Mobile/15E148 Indeed App 98.0"
10.10.0.25 - - [25/Jun/2021:03:34:54 +0000] "GET / HTTP/1.1" 302 5 "-" "ELB-HealthChecker/2.0"
78.145.26.27 - - [25/Jun/2021:03:34:55 +0000] "POST /crpts/assessments/cfa/cfaS4yyT6/byTPdFxv7D7tf/jrku05FJMr HTTP/1.1" 302 5 "https://crpt.crucibleapp.com/crpts/assessments/cfa/cfaS4yyT6/byTPdFxv7D7tf/jrku05FJMr" "Mozilla/5.0 (iPad; CPU OS 14_4_2 like Mac OS X) AppleWebKit/605.1.15 (KHTML, like Gecko) Mobile/15E148 Indeed App 98.0"
10.10.0.238 - - [25/Jun/2021:03:34:58 +0000] "GET / HTTP/1.1" 302 5 "-" "ELB-HealthChecker/2.0"
10.10.10.65 - - [25/Jun/2021:03:35:01 +0000] "GET / HTTP/1.1" 302 5 "-" "ELB-HealthChecker/2.0"
10.10.40.22 - - [25/Jun/2021:03:35:03 +0000] "GET / HTTP/1.1" 302 5 "-" "ELB-HealthChecker/2.0"
10.10.0.25 - - [25/Jun/2021:03:35:09 +0000] "GET / HTTP/1.1" 302 5 "-" "ELB-HealthChecker/2.0"
10.10.0.238 - - [25/Jun/2021:03:35:13 +0000] "GET / HTTP/1.1" 302 5 "-" "ELB-HealthChecker/2.0"
10.10.10.65 - - [25/Jun/2021:03:35:16 +0000] "GET / HTTP/1.1" 302 5 "-" "ELB-HealthChecker/2.0"
10.10.40.22 - - [25/Jun/2021:03:35:18 +0000] "GET / HTTP/1.1" 302 5 "-" "ELB-HealthChecker/2.0"
78.145.26.27 - - [25/Jun/2021:03:35:20 +0000] "POST /crpts/assessments/cfa/cfaS4yyT6/byTPdFxv7D7tf/jrku05FJMr HTTP/1.1" 302 5 "https://crpt.crucibleapp.com/crpts/assessments/cfa/cfaS4yyT6/byTPdFxv7D7tf/jrku05FJMr" "Mozilla/5.0 (iPad; CPU OS 14_4_2 like Mac OS X) AppleWebKit/605.1.15 (KHTML, like Gecko) Mobile/15E148 Indeed App 98.0"
10.10.0.25 - - [25/Jun/2021:03:35:24 +0000] "GET / HTTP/1.1" 302 5 "-" "ELB-HealthChecker/2.0"
88.98.48.161 - - [25/Jun/2021:03:35:26 +0000] "GET /users/users/login HTTP/1.1" 200 11829 "-" "Zabbix"
78.145.26.27 - - [25/Jun/2021:03:35:27 +0000] "POST /crpts/assessments/cfa/cfaS4yyT6/byTPdFxv7D7tf/jrku05FJMr HTTP/1.1" 302 5 "https://crpt.crucibleapp.com/crpts/assessments/cfa/cfaS4yyT6/byTPdFxv7D7tf/jrku05FJMr" "Mozilla/5.0 (iPad; CPU OS 14_4_2 like Mac OS X) AppleWebKit/605.1.15 (KHTML, like Gecko) Mobile/15E148 Indeed App 98.0"
10.10.0.238 - - [25/Jun/2021:03:35:28 +0000] "GET / HTTP/1.1" 302 5 "-" "ELB-HealthChecker/2.0"
35.228.213.137 - - [25/Jun/2021:03:35:28 +0000] "POST / HTTP/1.1" 302 5 "-" "Mozilla/5.0 (X11; Linux x86_64) AppleWebKit/537.36 (KHTML, like Gecko) Chrome/81.0.4044.129 Safari/537.36"
10.10.10.65 - - [25/Jun/2021:03:35:31 +0000] "GET / HTTP/1.1" 302 5 "-" "ELB-HealthChecker/2.0"
78.145.26.27 - - [25/Jun/2021:03:35:32 +0000] "POST /crpts/assessments/cfa/cfaS4yyT6/byTPdFxv7D7tf/jrku05FJMr HTTP/1.1" 302 5 "https://crpt.crucibleapp.com/crpts/assessments/cfa/cfaS4yyT6/byTPdFxv7D7tf/jrku05FJMr" "Mozilla/5.0 (iPad; CPU OS 14_4_2 like Mac OS X) AppleWebKit/605.1.15 (KHTML, like Gecko) Mobile/15E148 Indeed App 98.0"
10.10.40.22 - - [25/Jun/2021:03:35:33 +0000] "GET / HTTP/1.1" 302 5 "-" "ELB-HealthChecker/2.0"
78.145.26.27 - - [25/Jun/2021:03:35:34 +0000] "POST /crpts/assessments/cfa/cfaS4yyT6/byTPdFxv7D7tf/jrku05FJMr HTTP/1.1" 302 5 "https://crpt.crucibleapp.com/crpts/assessments/cfa/cfaS4yyT6/byTPdFxv7D7tf/jrku05FJMr" "Mozilla/5.0 (iPad; CPU OS 14_4_2 like Mac OS X) AppleWebKit/605.1.15 (KHTML, like Gecko) Mobile/15E148 Indeed App 98.0"
10.10.0.25 - - [25/Jun/2021:03:35:39 +0000] "GET / HTTP/1.1" 302 5 "-" "ELB-HealthChecker/2.0"
78.145.26.27 - - [25/Jun/2021:03:35:40 +0000] "POST /crpts/assessments/cfa/cfaS4yyT6/byTPdFxv7D7tf/jrku05FJMr HTTP/1.1" 302 5 "https://crpt.crucibleapp.com/crpts/assessments/cfa/cfaS4yyT6/byTPdFxv7D7tf/jrku05FJMr" "Mozilla/5.0 (iPad; CPU OS 14_4_2 like Mac OS X) AppleWebKit/605.1.15 (KHTML, like Gecko) Mobile/15E148 Indeed App 98.0"
10.10.0.238 - - [25/Jun/2021:03:35:43 +0000] "GET / HTTP/1.1" 302 5 "-" "ELB-HealthChecker/2.0"
10.10.10.65 - - [25/Jun/2021:03:35:46 +0000] "GET / HTTP/1.1" 302 5 "-" "ELB-HealthChecker/2.0"
10.10.40.22 - - [25/Jun/2021:03:35:48 +0000] "GET / HTTP/1.1" 302 5 "-" "ELB-HealthChecker/2.0"
78.145.26.27 - - [25/Jun/2021:03:35:48 +0000] "GET /crpts/assessments/cfa/cfaS4yyT6/byTPdFxv7D7tf/jrku05FJMr HTTP/1.1" 200 3726 "https://crpt.crucibleapp.com/crpts/assessments/cfa/cfaS4yyT6/byTPdFxv7D7tf/jrku05FJMr" "Mozilla/5.0 (iPad; CPU OS 14_4_2 like Mac OS X) AppleWebKit/605.1.15 (KHTML, like Gecko) Mobile/15E148 Indeed App 98.0"
10.10.0.25 - - [25/Jun/2021:03:35:54 +0000] "GET / HTTP/1.1" 302 5 "-" "ELB-HealthChecker/2.0"
10.10.0.238 - - [25/Jun/2021:03:35:58 +0000] "GET / HTTP/1.1" 302 5 "-" "ELB-HealthChecker/2.0"
78.145.26.27 - - [25/Jun/2021:03:36:00 +0000] "POST /crpts/assessments/cfa/cfaS4yyT6/byTPdFxv7D7tf/jrku05FJMr HTTP/1.1" 302 5 "https://crpt.crucibleapp.com/crpts/assessments/cfa/cfaS4yyT6/byTPdFxv7D7tf/jrku05FJMr" "Mozilla/5.0 (iPad; CPU OS 14_4_2 like Mac OS X) AppleWebKit/605.1.15 (KHTML, like Gecko) Mobile/15E148 Indeed App 98.0"
10.10.10.65 - - [25/Jun/2021:03:36:01 +0000] "GET / HTTP/1.1" 302 5 "-" "ELB-HealthChecker/2.0"
10.10.40.22 - - [25/Jun/2021:03:36:03 +0000] "GET / HTTP/1.1" 302 5 "-" "ELB-HealthChecker/2.0"
10.10.0.25 - - [25/Jun/2021:03:36:09 +0000] "GET / HTTP/1.1" 302 5 "-" "ELB-HealthChecker/2.0"
10.10.0.238 - - [25/Jun/2021:03:36:13 +0000] "GET / HTTP/1.1" 302 5 "-" "ELB-HealthChecker/2.0"
78.145.26.27 - - [25/Jun/2021:03:36:14 +0000] "POST /crpts/assessments/cfa/cfaS4yyT6/byTPdFxv7D7tf/jrku05FJMr HTTP/1.1" 302 5 "https://crpt.crucibleapp.com/crpts/assessments/cfa/cfaS4yyT6/byTPdFxv7D7tf/jrku05FJMr" "Mozilla/5.0 (iPad; CPU OS 14_4_2 like Mac OS X) AppleWebKit/605.1.15 (KHTML, like Gecko) Mobile/15E148 Indeed App 98.0"
10.10.10.65 - - [25/Jun/2021:03:36:16 +0000] "GET / HTTP/1.1" 302 5 "-" "ELB-HealthChecker/2.0"
78.145.26.27 - - [25/Jun/2021:03:36:18 +0000] "POST /crpts/assessments/cfa/cfaS4yyT6/byTPdFxv7D7tf/jrku05FJMr HTTP/1.1" 302 5 "https://crpt.crucibleapp.com/crpts/assessments/cfa/cfaS4yyT6/byTPdFxv7D7tf/jrku05FJMr" "Mozilla/5.0 (iPad; CPU OS 14_4_2 like Mac OS X) AppleWebKit/605.1.15 (KHTML, like Gecko) Mobile/15E148 Indeed App 98.0"
10.10.40.22 - - [25/Jun/2021:03:36:18 +0000] "GET / HTTP/1.1" 302 5 "-" "ELB-HealthChecker/2.0"
78.145.26.27 - - [25/Jun/2021:03:36:20 +0000] "GET /crpts/assessments/cfa/cfaS4yyT6/byTPdFxv7D7tf/jrku05FJMr HTTP/1.1" 200 3718 "https://crpt.crucibleapp.com/crpts/assessments/cfa/cfaS4yyT6/byTPdFxv7D7tf/jrku05FJMr" "Mozilla/5.0 (iPad; CPU OS 14_4_2 like Mac OS X) AppleWebKit/605.1.15 (KHTML, like Gecko) Mobile/15E148 Indeed App 98.0"
10.10.0.25 - - [25/Jun/2021:03:36:24 +0000] "GET / HTTP/1.1" 302 5 "-" "ELB-HealthChecker/2.0"
10.10.0.238 - - [25/Jun/2021:03:36:28 +0000] "GET / HTTP/1.1" 302 5 "-" "ELB-HealthChecker/2.0"
10.10.10.65 - - [25/Jun/2021:03:36:31 +0000] "GET / HTTP/1.1" 302 5 "-" "ELB-HealthChecker/2.0"
10.10.40.22 - - [25/Jun/2021:03:36:33 +0000] "GET / HTTP/1.1" 302 5 "-" "ELB-HealthChecker/2.0"
78.145.26.27 - - [25/Jun/2021:03:36:38 +0000] "GET /crpts/assessments/cfa/cfaS4yyT6/byTPdFxv7D7tf/jrku05FJMr HTTP/1.1" 200 3728 "https://crpt.crucibleapp.com/crpts/assessments/cfa/cfaS4yyT6/byTPdFxv7D7tf/jrku05FJMr" "Mozilla/5.0 (iPad; CPU OS 14_4_2 like Mac OS X) AppleWebKit/605.1.15 (KHTML, like Gecko) Mobile/15E148 Indeed App 98.0"
10.10.0.25 - - [25/Jun/2021:03:36:39 +0000] "GET / HTTP/1.1" 302 5 "-" "ELB-HealthChecker/2.0"
10.10.0.238 - - [25/Jun/2021:03:36:43 +0000] "GET / HTTP/1.1" 302 5 "-" "ELB-HealthChecker/2.0"
78.145.26.27 - - [25/Jun/2021:03:36:43 +0000] "GET /crpts/assessments/cfa/cfaS4yyT6/byTPdFxv7D7tf/jrku05FJMr HTTP/1.1" 200 3762 "https://crpt.crucibleapp.com/crpts/assessments/cfa/cfaS4yyT6/byTPdFxv7D7tf/jrku05FJMr" "Mozilla/5.0 (iPad; CPU OS 14_4_2 like Mac OS X) AppleWebKit/605.1.15 (KHTML, like Gecko) Mobile/15E148 Indeed App 98.0"
10.10.10.65 - - [25/Jun/2021:03:36:46 +0000] "GET / HTTP/1.1" 302 5 "-" "ELB-HealthChecker/2.0"
10.10.40.22 - - [25/Jun/2021:03:36:48 +0000] "GET / HTTP/1.1" 302 5 "-" "ELB-HealthChecker/2.0"
10.10.0.25 - - [25/Jun/2021:03:36:54 +0000] "GET / HTTP/1.1" 302 5 "-" "ELB-HealthChecker/2.0"
104.248.68.63 - - [25/Jun/2021:03:36:58 +0000] "HEAD / HTTP/1.1" 301 0 "http://www.google.com" "Mozilla/4.0 (compatible; MSIE 8.0; Windows NT 6.1; WOW64; Trident/4.0; SLCC2; .NET CLR 2.0.50727; .NET CLR 3.5.30729; .NET CLR 3.0.30729; Media Center PC 6.0; .NET4.0C; .NET4.0E)"
10.10.0.238 - - [25/Jun/2021:03:36:58 +0000] "GET / HTTP/1.1" 302 5 "-" "ELB-HealthChecker/2.0"
10.10.10.65 - - [25/Jun/2021:03:37:01 +0000] "GET / HTTP/1.1" 302 5 "-" "ELB-HealthChecker/2.0"
10.10.40.22 - - [25/Jun/2021:03:37:03 +0000] "GET / HTTP/1.1" 302 5 "-" "ELB-HealthChecker/2.0"
64.62.197.62 - - [25/Jun/2021:03:37:03 +0000] "GET / HTTP/1.1" 302 5 "-" "-"
10.10.0.25 - - [25/Jun/2021:03:37:09 +0000] "GET / HTTP/1.1" 302 5 "-" "ELB-HealthChecker/2.0"
78.145.26.27 - - [25/Jun/2021:03:37:12 +0000] "POST /crpts/assessments/cfa/cfaS4yyT6/byTPdFxv7D7tf/jrku05FJMr HTTP/1.1" 302 5 "https://crpt.crucibleapp.com/crpts/assessments/cfa/cfaS4yyT6/byTPdFxv7D7tf/jrku05FJMr" "Mozilla/5.0 (iPad; CPU OS 14_4_2 like Mac OS X) AppleWebKit/605.1.15 (KHTML, like Gecko) Mobile/15E148 Indeed App 98.0"
10.10.0.238 - - [25/Jun/2021:03:37:13 +0000] "GET / HTTP/1.1" 302 5 "-" "ELB-HealthChecker/2.0"
78.145.26.27 - - [25/Jun/2021:03:37:16 +0000] "POST /crpts/assessments/cfa/cfaS4yyT6/byTPdFxv7D7tf/jrku05FJMr HTTP/1.1" 302 5 "https://crpt.crucibleapp.com/crpts/assessments/cfa/cfaS4yyT6/byTPdFxv7D7tf/jrku05FJMr" "Mozilla/5.0 (iPad; CPU OS 14_4_2 like Mac OS X) AppleWebKit/605.1.15 (KHTML, like Gecko) Mobile/15E148 Indeed App 98.0"
10.10.10.65 - - [25/Jun/2021:03:37:16 +0000] "GET / HTTP/1.1" 302 5 "-" "ELB-HealthChecker/2.0"
10.10.40.22 - - [25/Jun/2021:03:37:18 +0000] "GET / HTTP/1.1" 302 5 "-" "ELB-HealthChecker/2.0"
10.10.0.25 - - [25/Jun/2021:03:37:25 +0000] "GET / HTTP/1.1" 302 5 "-" "ELB-HealthChecker/2.0"
78.145.26.27 - - [25/Jun/2021:03:37:26 +0000] "GET /crpts/assessments/cfa_complete/cfaS4yyT6/byTPdFxv7D7tf/jrku05FJMr HTTP/1.1" 200 2939 "https://crpt.crucibleapp.com/crpts/assessments/cfa/cfaS4yyT6/byTPdFxv7D7tf/jrku05FJMr" "Mozilla/5.0 (iPad; CPU OS 14_4_2 like Mac OS X) AppleWebKit/605.1.15 (KHTML, like Gecko) Mobile/15E148 Indeed App 98.0"
10.10.0.238 - - [25/Jun/2021:03:37:28 +0000] "GET / HTTP/1.1" 302 5 "-" "ELB-HealthChecker/2.0"
10.10.10.65 - - [25/Jun/2021:03:37:31 +0000] "GET / HTTP/1.1" 302 5 "-" "ELB-HealthChecker/2.0"
10.10.40.22 - - [25/Jun/2021:03:37:33 +0000] "GET / HTTP/1.1" 302 5 "-" "ELB-HealthChecker/2.0"
10.10.0.25 - - [25/Jun/2021:03:37:40 +0000] "GET / HTTP/1.1" 302 5 "-" "ELB-HealthChecker/2.0"
10.10.0.238 - - [25/Jun/2021:03:37:43 +0000] "GET / HTTP/1.1" 302 5 "-" "ELB-HealthChecker/2.0"
78.145.26.27 - - [25/Jun/2021:03:37:45 +0000] "GET /crpts/assessments/rpa/rpa8S8lrS/GECHm5WTtpHfj/jrku05FJMr HTTP/1.1" 200 4574 "https://crpt.crucibleapp.com/crpts/assessments/rpa_instruction/rpa8S8lrS/GECHm5WTtpHfj/jrku05FJMr" "Mozilla/5.0 (iPad; CPU OS 14_4_2 like Mac OS X) AppleWebKit/605.1.15 (KHTML, like Gecko) Mobile/15E148 Indeed App 98.0"
10.10.10.65 - - [25/Jun/2021:03:37:46 +0000] "GET / HTTP/1.1" 302 5 "-" "ELB-HealthChecker/2.0"
10.10.40.22 - - [25/Jun/2021:03:37:48 +0000] "GET / HTTP/1.1" 302 5 "-" "ELB-HealthChecker/2.0"
10.10.0.25 - - [25/Jun/2021:03:37:55 +0000] "GET / HTTP/1.1" 302 5 "-" "ELB-HealthChecker/2.0"
10.10.0.238 - - [25/Jun/2021:03:37:58 +0000] "GET / HTTP/1.1" 302 5 "-" "ELB-HealthChecker/2.0"
10.10.10.65 - - [25/Jun/2021:03:38:01 +0000] "GET / HTTP/1.1" 302 5 "-" "ELB-HealthChecker/2.0"
10.10.40.22 - - [25/Jun/2021:03:38:03 +0000] "GET / HTTP/1.1" 302 5 "-" "ELB-HealthChecker/2.0"
10.10.0.25 - - [25/Jun/2021:03:38:10 +0000] "GET / HTTP/1.1" 302 5 "-" "ELB-HealthChecker/2.0"
10.10.0.238 - - [25/Jun/2021:03:38:13 +0000] "GET / HTTP/1.1" 302 5 "-" "ELB-HealthChecker/2.0"
10.10.10.65 - - [25/Jun/2021:03:38:16 +0000] "GET / HTTP/1.1" 302 5 "-" "ELB-HealthChecker/2.0"
10.10.40.22 - - [25/Jun/2021:03:38:18 +0000] "GET / HTTP/1.1" 302 5 "-" "ELB-HealthChecker/2.0"
10.10.0.25 - - [25/Jun/2021:03:38:25 +0000] "GET / HTTP/1.1" 302 5 "-" "ELB-HealthChecker/2.0"
88.98.48.161 - - [25/Jun/2021:03:38:27 +0000] "GET / HTTP/1.1" 302 5 "-" "Zabbix"
10.10.0.238 - - [25/Jun/2021:03:38:28 +0000] "GET / HTTP/1.1" 302 5 "-" "ELB-HealthChecker/2.0"
10.10.10.65 - - [25/Jun/2021:03:38:31 +0000] "GET / HTTP/1.1" 302 5 "-" "ELB-HealthChecker/2.0"
10.10.40.22 - - [25/Jun/2021:03:38:33 +0000] "GET / HTTP/1.1" 302 5 "-" "ELB-HealthChecker/2.0"
10.10.0.25 - - [25/Jun/2021:03:38:40 +0000] "GET / HTTP/1.1" 302 5 "-" "ELB-HealthChecker/2.0"
10.10.0.238 - - [25/Jun/2021:03:38:43 +0000] "GET / HTTP/1.1" 302 5 "-" "ELB-HealthChecker/2.0"
10.10.10.65 - - [25/Jun/2021:03:38:46 +0000] "GET / HTTP/1.1" 302 5 "-" "ELB-HealthChecker/2.0"
10.10.40.22 - - [25/Jun/2021:03:38:48 +0000] "GET / HTTP/1.1" 302 5 "-" "ELB-HealthChecker/2.0"
10.10.0.25 - - [25/Jun/2021:03:38:55 +0000] "GET / HTTP/1.1" 302 5 "-" "ELB-HealthChecker/2.0"
10.10.0.238 - - [25/Jun/2021:03:38:58 +0000] "GET / HTTP/1.1" 302 5 "-" "ELB-HealthChecker/2.0"
10.10.10.65 - - [25/Jun/2021:03:39:01 +0000] "GET / HTTP/1.1" 302 5 "-" "ELB-HealthChecker/2.0"
10.10.40.22 - - [25/Jun/2021:03:39:03 +0000] "GET / HTTP/1.1" 302 5 "-" "ELB-HealthChecker/2.0"
10.10.0.25 - - [25/Jun/2021:03:39:10 +0000] "GET / HTTP/1.1" 302 5 "-" "ELB-HealthChecker/2.0"
10.10.0.238 - - [25/Jun/2021:03:39:13 +0000] "GET / HTTP/1.1" 302 5 "-" "ELB-HealthChecker/2.0"
10.10.10.65 - - [25/Jun/2021:03:39:16 +0000] "GET / HTTP/1.1" 302 5 "-" "ELB-HealthChecker/2.0"
10.10.40.22 - - [25/Jun/2021:03:39:18 +0000] "GET / HTTP/1.1" 302 5 "-" "ELB-HealthChecker/2.0"
10.10.0.25 - - [25/Jun/2021:03:39:25 +0000] "GET / HTTP/1.1" 302 5 "-" "ELB-HealthChecker/2.0"
88.98.48.161 - - [25/Jun/2021:03:39:27 +0000] "GET / HTTP/1.1" 302 5 "-" "Zabbix"
10.10.0.238 - - [25/Jun/2021:03:39:28 +0000] "GET / HTTP/1.1" 302 5 "-" "ELB-HealthChecker/2.0"
10.10.10.65 - - [25/Jun/2021:03:39:31 +0000] "GET / HTTP/1.1" 302 5 "-" "ELB-HealthChecker/2.0"
10.10.40.22 - - [25/Jun/2021:03:39:33 +0000] "GET / HTTP/1.1" 302 5 "-" "ELB-HealthChecker/2.0"
