34.254.248.223 - - [25/Jun/2021:05:39:18 +0000] "GET /users/candidates/add/cfaU4PIOm/dmaC9QyYNwg6q/jrxvvKa8zB HTTP/1.1" 200 20114 "-" "Mozilla/5.0 (Windows NT 10.0; Win64; x64) AppleWebKit/537.36 (KHTML, like Gecko) Chrome/89.0.4389.82 Safari/537.36 - Virtuoso - spotqa.com/virtuoso - If this request is unexpected or unwelcome, please contact abuse@spotqa.com"
34.254.248.223 - - [25/Jun/2021:05:39:19 +0000] "GET /css/jquery.validate.css HTTP/1.1" 200 379 "https://crpt.crucibleapp.com/users/candidates/add/cfaU4PIOm/dmaC9QyYNwg6q/jrxvvKa8zB" "Mozilla/5.0 (Windows NT 10.0; Win64; x64) AppleWebKit/537.36 (KHTML, like Gecko) Chrome/89.0.4389.82 Safari/537.36 - Virtuoso - spotqa.com/virtuoso - If this request is unexpected or unwelcome, please contact abuse@spotqa.com"
34.254.248.223 - - [25/Jun/2021:05:39:19 +0000] "GET /js/jQuery/jquery.validate.js HTTP/1.1" 200 1150 "https://crpt.crucibleapp.com/users/candidates/add/cfaU4PIOm/dmaC9QyYNwg6q/jrxvvKa8zB" "Mozilla/5.0 (Windows NT 10.0; Win64; x64) AppleWebKit/537.36 (KHTML, like Gecko) Chrome/89.0.4389.82 Safari/537.36 - Virtuoso - spotqa.com/virtuoso - If this request is unexpected or unwelcome, please contact abuse@spotqa.com"
34.254.248.223 - - [25/Jun/2021:05:39:19 +0000] "GET /js/back_disabled.js HTTP/1.1" 200 83 "https://crpt.crucibleapp.com/users/candidates/add/cfaU4PIOm/dmaC9QyYNwg6q/jrxvvKa8zB" "Mozilla/5.0 (Windows NT 10.0; Win64; x64) AppleWebKit/537.36 (KHTML, like Gecko) Chrome/89.0.4389.82 Safari/537.36 - Virtuoso - spotqa.com/virtuoso - If this request is unexpected or unwelcome, please contact abuse@spotqa.com"
34.254.248.223 - - [25/Jun/2021:05:39:19 +0000] "GET /theme/Vanilla/css/flags.css HTTP/1.1" 200 3329 "https://crpt.crucibleapp.com/users/candidates/add/cfaU4PIOm/dmaC9QyYNwg6q/jrxvvKa8zB" "Mozilla/5.0 (Windows NT 10.0; Win64; x64) AppleWebKit/537.36 (KHTML, like Gecko) Chrome/89.0.4389.82 Safari/537.36 - Virtuoso - spotqa.com/virtuoso - If this request is unexpected or unwelcome, please contact abuse@spotqa.com"
34.254.248.223 - - [25/Jun/2021:05:39:19 +0000] "GET /css/fancybox/jquery.fancybox-1.3.4.css HTTP/1.1" 200 2148 "https://crpt.crucibleapp.com/users/candidates/add/cfaU4PIOm/dmaC9QyYNwg6q/jrxvvKa8zB" "Mozilla/5.0 (Windows NT 10.0; Win64; x64) AppleWebKit/537.36 (KHTML, like Gecko) Chrome/89.0.4389.82 Safari/537.36 - Virtuoso - spotqa.com/virtuoso - If this request is unexpected or unwelcome, please contact abuse@spotqa.com"
34.254.248.223 - - [25/Jun/2021:05:39:19 +0000] "GET /js/autoCompleteLazyLoad.js HTTP/1.1" 200 700 "https://crpt.crucibleapp.com/users/candidates/add/cfaU4PIOm/dmaC9QyYNwg6q/jrxvvKa8zB" "Mozilla/5.0 (Windows NT 10.0; Win64; x64) AppleWebKit/537.36 (KHTML, like Gecko) Chrome/89.0.4389.82 Safari/537.36 - Virtuoso - spotqa.com/virtuoso - If this request is unexpected or unwelcome, please contact abuse@spotqa.com"
34.254.248.223 - - [25/Jun/2021:05:39:19 +0000] "GET /theme/Vanilla/img/flagsIcon.png HTTP/1.1" 200 88484 "https://crpt.crucibleapp.com/theme/Vanilla/css/flags.css" "Mozilla/5.0 (Windows NT 10.0; Win64; x64) AppleWebKit/537.36 (KHTML, like Gecko) Chrome/89.0.4389.82 Safari/537.36 - Virtuoso - spotqa.com/virtuoso - If this request is unexpected or unwelcome, please contact abuse@spotqa.com"
34.254.248.223 - - [25/Jun/2021:05:39:19 +0000] "GET /theme/Vanilla/img/colorPalette.png HTTP/1.1" 200 2785 "https://crpt.crucibleapp.com/theme/Vanilla/css/custom.css" "Mozilla/5.0 (Windows NT 10.0; Win64; x64) AppleWebKit/537.36 (KHTML, like Gecko) Chrome/89.0.4389.82 Safari/537.36 - Virtuoso - spotqa.com/virtuoso - If this request is unexpected or unwelcome, please contact abuse@spotqa.com"
10.10.0.238 - - [25/Jun/2021:05:39:19 +0000] "GET / HTTP/1.1" 302 5 "-" "ELB-HealthChecker/2.0"
52.50.189.105 - - [25/Jun/2021:05:39:20 +0000] "GET /users/candidates/details/cfaU4PIOm/EjqtViWWRzYjr/jrxvvKa8zB HTTP/1.1" 200 6446 "https://crpt.crucibleapp.com/users/candidates/add/cfaU4PIOm/EjqtViWWRzYjr/jrxvvKa8zB" "Mozilla/5.0 (Windows NT 10.0; Win64; x64) AppleWebKit/537.36 (KHTML, like Gecko) Chrome/89.0.4389.82 Safari/537.36 - Virtuoso - spotqa.com/virtuoso - If this request is unexpected or unwelcome, please contact abuse@spotqa.com"
3.248.197.187 - - [25/Jun/2021:05:39:20 +0000] "GET /users/candidates/ApiTakeAssessment/cfaU4PIOm/m9U3Lrc6YwUHy/jrxvvKa8zB/resume HTTP/1.1" 302 5 "-" "Mozilla/5.0 (Windows NT 10.0; Win64; x64) AppleWebKit/537.36 (KHTML, like Gecko) Chrome/89.0.4389.82 Safari/537.36 - Virtuoso - spotqa.com/virtuoso - If this request is unexpected or unwelcome, please contact abuse@spotqa.com"
34.254.222.39 - - [25/Jun/2021:05:39:20 +0000] "GET /crpts/assessments/cfa_instruction/cfaU4PIOm/WqjNPq7m7HudH/jrxvvKa8zB HTTP/1.1" 200 5575 "https://crpt.crucibleapp.com/users/candidates/details/cfaU4PIOm/WqjNPq7m7HudH/jrxvvKa8zB" "Mozilla/5.0 (Windows NT 10.0; Win64; x64) AppleWebKit/537.36 (KHTML, like Gecko) Chrome/89.0.4389.82 Safari/537.36 - Virtuoso - spotqa.com/virtuoso - If this request is unexpected or unwelcome, please contact abuse@spotqa.com"
3.248.197.187 - - [25/Jun/2021:05:39:20 +0000] "GET /css/jquery-ui.css HTTP/1.1" 200 7289 "https://crpt.crucibleapp.com/users/candidates/add/cfaU4PIOm/m9U3Lrc6YwUHy/jrxvvKa8zB" "Mozilla/5.0 (Windows NT 10.0; Win64; x64) AppleWebKit/537.36 (KHTML, like Gecko) Chrome/89.0.4389.82 Safari/537.36 - Virtuoso - spotqa.com/virtuoso - If this request is unexpected or unwelcome, please contact abuse@spotqa.com"
3.248.197.187 - - [25/Jun/2021:05:39:20 +0000] "GET /js/jquery-ui.js HTTP/1.1" 200 131912 "https://crpt.crucibleapp.com/users/candidates/add/cfaU4PIOm/m9U3Lrc6YwUHy/jrxvvKa8zB" "Mozilla/5.0 (Windows NT 10.0; Win64; x64) AppleWebKit/537.36 (KHTML, like Gecko) Chrome/89.0.4389.82 Safari/537.36 - Virtuoso - spotqa.com/virtuoso - If this request is unexpected or unwelcome, please contact abuse@spotqa.com"
3.248.197.187 - - [25/Jun/2021:05:39:20 +0000] "GET /theme/Vanilla/css/custom.css HTTP/1.1" 200 11150 "https://crpt.crucibleapp.com/users/candidates/add/cfaU4PIOm/m9U3Lrc6YwUHy/jrxvvKa8zB" "Mozilla/5.0 (Windows NT 10.0; Win64; x64) AppleWebKit/537.36 (KHTML, like Gecko) Chrome/89.0.4389.82 Safari/537.36 - Virtuoso - spotqa.com/virtuoso - If this request is unexpected or unwelcome, please contact abuse@spotqa.com"
3.248.197.187 - - [25/Jun/2021:05:39:20 +0000] "GET /js/iframe-remover.js HTTP/1.1" 200 176 "https://crpt.crucibleapp.com/users/candidates/add/cfaU4PIOm/m9U3Lrc6YwUHy/jrxvvKa8zB" "Mozilla/5.0 (Windows NT 10.0; Win64; x64) AppleWebKit/537.36 (KHTML, like Gecko) Chrome/89.0.4389.82 Safari/537.36 - Virtuoso - spotqa.com/virtuoso - If this request is unexpected or unwelcome, please contact abuse@spotqa.com"
3.248.197.187 - - [25/Jun/2021:05:39:20 +0000] "GET /js/crucible-widget.js HTTP/1.1" 200 749 "https://crpt.crucibleapp.com/users/candidates/add/cfaU4PIOm/m9U3Lrc6YwUHy/jrxvvKa8zB" "Mozilla/5.0 (Windows NT 10.0; Win64; x64) AppleWebKit/537.36 (KHTML, like Gecko) Chrome/89.0.4389.82 Safari/537.36 - Virtuoso - spotqa.com/virtuoso - If this request is unexpected or unwelcome, please contact abuse@spotqa.com"
3.248.197.187 - - [25/Jun/2021:05:39:20 +0000] "GET /js/fancybox/jquery.fancybox-1.3.4.js HTTP/1.1" 200 8604 "https://crpt.crucibleapp.com/users/candidates/add/cfaU4PIOm/m9U3Lrc6YwUHy/jrxvvKa8zB" "Mozilla/5.0 (Windows NT 10.0; Win64; x64) AppleWebKit/537.36 (KHTML, like Gecko) Chrome/89.0.4389.82 Safari/537.36 - Virtuoso - spotqa.com/virtuoso - If this request is unexpected or unwelcome, please contact abuse@spotqa.com"
3.248.197.187 - - [25/Jun/2021:05:39:20 +0000] "GET /js/jQuery/jquery.session.js HTTP/1.1" 200 1037 "https://crpt.crucibleapp.com/users/candidates/add/cfaU4PIOm/m9U3Lrc6YwUHy/jrxvvKa8zB" "Mozilla/5.0 (Windows NT 10.0; Win64; x64) AppleWebKit/537.36 (KHTML, like Gecko) Chrome/89.0.4389.82 Safari/537.36 - Virtuoso - spotqa.com/virtuoso - If this request is unexpected or unwelcome, please contact abuse@spotqa.com"
3.248.197.187 - - [25/Jun/2021:05:39:20 +0000] "GET /theme/Vanilla/img/contrast_a.png HTTP/1.1" 200 1282 "https://crpt.crucibleapp.com/theme/Vanilla/css/custom.css" "Mozilla/5.0 (Windows NT 10.0; Win64; x64) AppleWebKit/537.36 (KHTML, like Gecko) Chrome/89.0.4389.82 Safari/537.36 - Virtuoso - spotqa.com/virtuoso - If this request is unexpected or unwelcome, please contact abuse@spotqa.com"
176.251.165.45 - - [25/Jun/2021:05:39:21 +0000] "GET /crpts/assessments/cfa/cfaS4yyT6/tkactQKDt7xq3/jryQnbWEsS HTTP/1.1" 200 3723 "https://crpt.crucibleapp.com/crpts/assessments/cfa/cfaS4yyT6/tkactQKDt7xq3/jryQnbWEsS" "Mozilla/5.0 (Linux; Android 11; SAMSUNG SM-G996B) AppleWebKit/537.36 (KHTML, like Gecko) SamsungBrowser/14.0 Chrome/87.0.4280.141 Mobile Safari/537.36"
3.250.6.52 - - [25/Jun/2021:05:39:21 +0000] "POST /users/candidates/details/cfaU4PIOm/csxFpX66MEWic/jrxvvKa8zB HTTP/1.1" 302 5 "https://crpt.crucibleapp.com/users/candidates/details/cfaU4PIOm/csxFpX66MEWic/jrxvvKa8zB" "Mozilla/5.0 (Windows NT 10.0; Win64; x64) AppleWebKit/537.36 (KHTML, like Gecko) Chrome/89.0.4389.82 Safari/537.36 - Virtuoso - spotqa.com/virtuoso - If this request is unexpected or unwelcome, please contact abuse@spotqa.com"
54.194.137.243 - - [25/Jun/2021:05:39:21 +0000] "GET /crpts/assessments/cfa/cfaU4PIOm/MMUrV9MNG9dYm/jrxvvKa8zB HTTP/1.1" 200 7745 "https://crpt.crucibleapp.com/crpts/assessments/cfa_instruction/cfaU4PIOm/MMUrV9MNG9dYm/jrxvvKa8zB" "Mozilla/5.0 (Windows NT 10.0; Win64; x64) AppleWebKit/537.36 (KHTML, like Gecko) Chrome/89.0.4389.82 Safari/537.36 - Virtuoso - spotqa.com/virtuoso - If this request is unexpected or unwelcome, please contact abuse@spotqa.com"
54.194.137.243 - - [25/Jun/2021:05:39:21 +0000] "GET /js/assessments/back_button_disabled.js HTTP/1.1" 200 280 "https://crpt.crucibleapp.com/crpts/assessments/cfa/cfaU4PIOm/MMUrV9MNG9dYm/jrxvvKa8zB" "Mozilla/5.0 (Windows NT 10.0; Win64; x64) AppleWebKit/537.36 (KHTML, like Gecko) Chrome/89.0.4389.82 Safari/537.36 - Virtuoso - spotqa.com/virtuoso - If this request is unexpected or unwelcome, please contact abuse@spotqa.com"
54.194.137.243 - - [25/Jun/2021:05:39:21 +0000] "GET /theme/Vanilla/img/progressBar.png HTTP/1.1" 200 1699 "https://crpt.crucibleapp.com/theme/Vanilla/css/custom.css" "Mozilla/5.0 (Windows NT 10.0; Win64; x64) AppleWebKit/537.36 (KHTML, like Gecko) Chrome/89.0.4389.82 Safari/537.36 - Virtuoso - spotqa.com/virtuoso - If this request is unexpected or unwelcome, please contact abuse@spotqa.com"
54.75.39.220 - - [25/Jun/2021:05:39:21 +0000] "POST /users/candidates/add/cfaU4PIOm/gUCEEcqacpegK/jrxvvKa8zB HTTP/1.1" 302 5 "https://crpt.crucibleapp.com/users/candidates/add/cfaU4PIOm/gUCEEcqacpegK/jrxvvKa8zB" "Mozilla/5.0 (Windows NT 10.0; Win64; x64) AppleWebKit/537.36 (KHTML, like Gecko) Chrome/89.0.4389.82 Safari/537.36 - Virtuoso - spotqa.com/virtuoso - If this request is unexpected or unwelcome, please contact abuse@spotqa.com"
34.244.195.233 - - [25/Jun/2021:05:39:21 +0000] "GET /theme/Vanilla/img/arrow1.png HTTP/1.1" 200 2924 "https://crpt.crucibleapp.com/theme/Vanilla/css/custom.css" "Mozilla/5.0 (Windows NT 10.0; Win64; x64) AppleWebKit/537.36 (KHTML, like Gecko) Chrome/89.0.4389.82 Safari/537.36 - Virtuoso - spotqa.com/virtuoso - If this request is unexpected or unwelcome, please contact abuse@spotqa.com"
52.50.189.105 - - [25/Jun/2021:05:39:22 +0000] "GET /crpts/assessments/cfa_instruction/cfaU4PIOm/EjqtViWWRzYjr/jrxvvKa8zB HTTP/1.1" 200 5575 "https://crpt.crucibleapp.com/users/candidates/details/cfaU4PIOm/EjqtViWWRzYjr/jrxvvKa8zB" "Mozilla/5.0 (Windows NT 10.0; Win64; x64) AppleWebKit/537.36 (KHTML, like Gecko) Chrome/89.0.4389.82 Safari/537.36 - Virtuoso - spotqa.com/virtuoso - If this request is unexpected or unwelcome, please contact abuse@spotqa.com"
18.203.252.200 - - [25/Jun/2021:05:39:22 +0000] "GET /js/assessments/back_button_disabled.js HTTP/1.1" 200 280 "https://crpt.crucibleapp.com/crpts/assessments/cfa/cfaU4PIOm/Pzn3NcStX9mcd/jrxvvKa8zB" "Mozilla/5.0 (Windows NT 10.0; Win64; x64) AppleWebKit/537.36 (KHTML, like Gecko) Chrome/89.0.4389.82 Safari/537.36 - Virtuoso - spotqa.com/virtuoso - If this request is unexpected or unwelcome, please contact abuse@spotqa.com"
18.203.252.200 - - [25/Jun/2021:05:39:22 +0000] "GET /theme/Vanilla/img/progressBar.png HTTP/1.1" 200 1699 "https://crpt.crucibleapp.com/theme/Vanilla/css/custom.css" "Mozilla/5.0 (Windows NT 10.0; Win64; x64) AppleWebKit/537.36 (KHTML, like Gecko) Chrome/89.0.4389.82 Safari/537.36 - Virtuoso - spotqa.com/virtuoso - If this request is unexpected or unwelcome, please contact abuse@spotqa.com"
34.244.86.3 - - [25/Jun/2021:05:39:22 +0000] "GET /js/assessments/cfa_5.js HTTP/1.1" 200 973 "https://crpt.crucibleapp.com/crpts/assessments/cfa/cfaU4PIOm/jTsCanTXkTJ4U/jrxvvKa8zB" "Mozilla/5.0 (Windows NT 10.0; Win64; x64) AppleWebKit/537.36 (KHTML, like Gecko) Chrome/89.0.4389.82 Safari/537.36 - Virtuoso - spotqa.com/virtuoso - If this request is unexpected or unwelcome, please contact abuse@spotqa.com"
10.10.10.65 - - [25/Jun/2021:05:39:22 +0000] "GET / HTTP/1.1" 302 5 "-" "ELB-HealthChecker/2.0"
34.244.86.3 - - [25/Jun/2021:05:39:23 +0000] "GET /theme/Vanilla/img/info-icon.png HTTP/1.1" 200 925 "https://crpt.crucibleapp.com/theme/Vanilla/css/custom.css" "Mozilla/5.0 (Windows NT 10.0; Win64; x64) AppleWebKit/537.36 (KHTML, like Gecko) Chrome/89.0.4389.82 Safari/537.36 - Virtuoso - spotqa.com/virtuoso - If this request is unexpected or unwelcome, please contact abuse@spotqa.com"
34.254.248.223 - - [25/Jun/2021:05:39:23 +0000] "GET /users/candidates/details/cfaU4PIOm/dmaC9QyYNwg6q/jrxvvKa8zB HTTP/1.1" 200 6439 "https://crpt.crucibleapp.com/users/candidates/add/cfaU4PIOm/dmaC9QyYNwg6q/jrxvvKa8zB" "Mozilla/5.0 (Windows NT 10.0; Win64; x64) AppleWebKit/537.36 (KHTML, like Gecko) Chrome/89.0.4389.82 Safari/537.36 - Virtuoso - spotqa.com/virtuoso - If this request is unexpected or unwelcome, please contact abuse@spotqa.com"
54.75.39.220 - - [25/Jun/2021:05:39:24 +0000] "POST /users/candidates/details/cfaU4PIOm/gUCEEcqacpegK/jrxvvKa8zB HTTP/1.1" 302 5 "https://crpt.crucibleapp.com/users/candidates/details/cfaU4PIOm/gUCEEcqacpegK/jrxvvKa8zB" "Mozilla/5.0 (Windows NT 10.0; Win64; x64) AppleWebKit/537.36 (KHTML, like Gecko) Chrome/89.0.4389.82 Safari/537.36 - Virtuoso - spotqa.com/virtuoso - If this request is unexpected or unwelcome, please contact abuse@spotqa.com"
18.203.252.200 - - [25/Jun/2021:05:39:24 +0000] "POST /crpts/assessments/cfa/cfaU4PIOm/Pzn3NcStX9mcd/jrxvvKa8zB HTTP/1.1" 302 5 "https://crpt.crucibleapp.com/crpts/assessments/cfa/cfaU4PIOm/Pzn3NcStX9mcd/jrxvvKa8zB" "Mozilla/5.0 (Windows NT 10.0; Win64; x64) AppleWebKit/537.36 (KHTML, like Gecko) Chrome/89.0.4389.82 Safari/537.36 - Virtuoso - spotqa.com/virtuoso - If this request is unexpected or unwelcome, please contact abuse@spotqa.com"
18.203.252.200 - - [25/Jun/2021:05:39:24 +0000] "GET /crpts/assessments/cfa/cfaU4PIOm/Pzn3NcStX9mcd/jrxvvKa8zB HTTP/1.1" 200 7749 "https://crpt.crucibleapp.com/crpts/assessments/cfa/cfaU4PIOm/Pzn3NcStX9mcd/jrxvvKa8zB" "Mozilla/5.0 (Windows NT 10.0; Win64; x64) AppleWebKit/537.36 (KHTML, like Gecko) Chrome/89.0.4389.82 Safari/537.36 - Virtuoso - spotqa.com/virtuoso - If this request is unexpected or unwelcome, please contact abuse@spotqa.com"
10.10.40.22 - - [25/Jun/2021:05:39:24 +0000] "GET / HTTP/1.1" 302 5 "-" "ELB-HealthChecker/2.0"
34.244.86.3 - - [25/Jun/2021:05:39:24 +0000] "GET /crpts/assessments/cfa/cfaU4PIOm/jTsCanTXkTJ4U/jrxvvKa8zB HTTP/1.1" 200 7723 "https://crpt.crucibleapp.com/crpts/assessments/cfa/cfaU4PIOm/jTsCanTXkTJ4U/jrxvvKa8zB" "Mozilla/5.0 (Windows NT 10.0; Win64; x64) AppleWebKit/537.36 (KHTML, like Gecko) Chrome/89.0.4389.82 Safari/537.36 - Virtuoso - spotqa.com/virtuoso - If this request is unexpected or unwelcome, please contact abuse@spotqa.com"
34.254.222.39 - - [25/Jun/2021:05:39:25 +0000] "GET /crpts/assessments/cfa/cfaU4PIOm/WqjNPq7m7HudH/jrxvvKa8zB HTTP/1.1" 200 7676 "https://crpt.crucibleapp.com/crpts/assessments/cfa_instruction/cfaU4PIOm/WqjNPq7m7HudH/jrxvvKa8zB" "Mozilla/5.0 (Windows NT 10.0; Win64; x64) AppleWebKit/537.36 (KHTML, like Gecko) Chrome/89.0.4389.82 Safari/537.36 - Virtuoso - spotqa.com/virtuoso - If this request is unexpected or unwelcome, please contact abuse@spotqa.com"
34.254.222.39 - - [25/Jun/2021:05:39:25 +0000] "GET /theme/Vanilla/img/sprite.png HTTP/1.1" 200 1947 "https://crpt.crucibleapp.com/theme/Vanilla/css/custom.css" "Mozilla/5.0 (Windows NT 10.0; Win64; x64) AppleWebKit/537.36 (KHTML, like Gecko) Chrome/89.0.4389.82 Safari/537.36 - Virtuoso - spotqa.com/virtuoso - If this request is unexpected or unwelcome, please contact abuse@spotqa.com"
3.248.197.187 - - [25/Jun/2021:05:39:25 +0000] "GET /users/candidates/details/cfaU4PIOm/m9U3Lrc6YwUHy/jrxvvKa8zB HTTP/1.1" 200 6448 "https://crpt.crucibleapp.com/users/candidates/add/cfaU4PIOm/m9U3Lrc6YwUHy/jrxvvKa8zB" "Mozilla/5.0 (Windows NT 10.0; Win64; x64) AppleWebKit/537.36 (KHTML, like Gecko) Chrome/89.0.4389.82 Safari/537.36 - Virtuoso - spotqa.com/virtuoso - If this request is unexpected or unwelcome, please contact abuse@spotqa.com"
34.254.248.223 - - [25/Jun/2021:05:39:25 +0000] "POST /users/candidates/details/cfaU4PIOm/dmaC9QyYNwg6q/jrxvvKa8zB HTTP/1.1" 302 5 "https://crpt.crucibleapp.com/users/candidates/details/cfaU4PIOm/dmaC9QyYNwg6q/jrxvvKa8zB" "Mozilla/5.0 (Windows NT 10.0; Win64; x64) AppleWebKit/537.36 (KHTML, like Gecko) Chrome/89.0.4389.82 Safari/537.36 - Virtuoso - spotqa.com/virtuoso - If this request is unexpected or unwelcome, please contact abuse@spotqa.com"
176.251.165.45 - - [25/Jun/2021:05:39:26 +0000] "GET /crpts/assessments/cfa/cfaS4yyT6/tkactQKDt7xq3/jryQnbWEsS HTTP/1.1" 200 3714 "https://crpt.crucibleapp.com/crpts/assessments/cfa/cfaS4yyT6/tkactQKDt7xq3/jryQnbWEsS" "Mozilla/5.0 (Linux; Android 11; SAMSUNG SM-G996B) AppleWebKit/537.36 (KHTML, like Gecko) SamsungBrowser/14.0 Chrome/87.0.4280.141 Mobile Safari/537.36"
54.194.137.243 - - [25/Jun/2021:05:39:26 +0000] "GET /crpts/assessments/cfa/cfaU4PIOm/MMUrV9MNG9dYm/jrxvvKa8zB HTTP/1.1" 200 7787 "https://crpt.crucibleapp.com/crpts/assessments/cfa/cfaU4PIOm/MMUrV9MNG9dYm/jrxvvKa8zB" "Mozilla/5.0 (Windows NT 10.0; Win64; x64) AppleWebKit/537.36 (KHTML, like Gecko) Chrome/89.0.4389.82 Safari/537.36 - Virtuoso - spotqa.com/virtuoso - If this request is unexpected or unwelcome, please contact abuse@spotqa.com"
3.250.6.52 - - [25/Jun/2021:05:39:26 +0000] "GET /js/assessments/back_button_disabled.js HTTP/1.1" 200 280 "https://crpt.crucibleapp.com/crpts/assessments/cfa/cfaU4PIOm/csxFpX66MEWic/jrxvvKa8zB" "Mozilla/5.0 (Windows NT 10.0; Win64; x64) AppleWebKit/537.36 (KHTML, like Gecko) Chrome/89.0.4389.82 Safari/537.36 - Virtuoso - spotqa.com/virtuoso - If this request is unexpected or unwelcome, please contact abuse@spotqa.com"
3.250.6.52 - - [25/Jun/2021:05:39:26 +0000] "GET /theme/Vanilla/img/info-icon.png HTTP/1.1" 200 925 "https://crpt.crucibleapp.com/theme/Vanilla/css/custom.css" "Mozilla/5.0 (Windows NT 10.0; Win64; x64) AppleWebKit/537.36 (KHTML, like Gecko) Chrome/89.0.4389.82 Safari/537.36 - Virtuoso - spotqa.com/virtuoso - If this request is unexpected or unwelcome, please contact abuse@spotqa.com"
52.50.189.105 - - [25/Jun/2021:05:39:26 +0000] "GET /js/assessments/cfa_5.js HTTP/1.1" 200 973 "https://crpt.crucibleapp.com/crpts/assessments/cfa/cfaU4PIOm/EjqtViWWRzYjr/jrxvvKa8zB" "Mozilla/5.0 (Windows NT 10.0; Win64; x64) AppleWebKit/537.36 (KHTML, like Gecko) Chrome/89.0.4389.82 Safari/537.36 - Virtuoso - spotqa.com/virtuoso - If this request is unexpected or unwelcome, please contact abuse@spotqa.com"
52.50.189.105 - - [25/Jun/2021:05:39:26 +0000] "GET /theme/Vanilla/img/info-icon.png HTTP/1.1" 200 925 "https://crpt.crucibleapp.com/theme/Vanilla/css/custom.css" "Mozilla/5.0 (Windows NT 10.0; Win64; x64) AppleWebKit/537.36 (KHTML, like Gecko) Chrome/89.0.4389.82 Safari/537.36 - Virtuoso - spotqa.com/virtuoso - If this request is unexpected or unwelcome, please contact abuse@spotqa.com"
2.31.143.53 - - [25/Jun/2021:05:39:27 +0000] "POST /crpts/assessments/cfa/cfaS4yyT6/ctvYJ7SzKzhD5/jryQnbWEsS HTTP/1.1" 302 5 "https://crpt.crucibleapp.com/crpts/assessments/cfa/cfaS4yyT6/ctvYJ7SzKzhD5/jryQnbWEsS" "Mozilla/5.0 (iPhone; CPU iPhone OS 14_6 like Mac OS X) AppleWebKit/605.1.15 (KHTML, like Gecko) Version/14.1.1 Mobile/15E148 Safari/604.1"
3.248.197.187 - - [25/Jun/2021:05:39:27 +0000] "POST /users/candidates/details/cfaU4PIOm/m9U3Lrc6YwUHy/jrxvvKa8zB HTTP/1.1" 302 5 "https://crpt.crucibleapp.com/users/candidates/details/cfaU4PIOm/m9U3Lrc6YwUHy/jrxvvKa8zB" "Mozilla/5.0 (Windows NT 10.0; Win64; x64) AppleWebKit/537.36 (KHTML, like Gecko) Chrome/89.0.4389.82 Safari/537.36 - Virtuoso - spotqa.com/virtuoso - If this request is unexpected or unwelcome, please contact abuse@spotqa.com"
18.203.252.200 - - [25/Jun/2021:05:39:28 +0000] "POST /crpts/assessments/cfa/cfaU4PIOm/Pzn3NcStX9mcd/jrxvvKa8zB HTTP/1.1" 302 5 "https://crpt.crucibleapp.com/crpts/assessments/cfa/cfaU4PIOm/Pzn3NcStX9mcd/jrxvvKa8zB" "Mozilla/5.0 (Windows NT 10.0; Win64; x64) AppleWebKit/537.36 (KHTML, like Gecko) Chrome/89.0.4389.82 Safari/537.36 - Virtuoso - spotqa.com/virtuoso - If this request is unexpected or unwelcome, please contact abuse@spotqa.com"
54.75.39.220 - - [25/Jun/2021:05:39:28 +0000] "GET /js/assessments/cfa_5.js HTTP/1.1" 200 973 "https://crpt.crucibleapp.com/crpts/assessments/cfa/cfaU4PIOm/gUCEEcqacpegK/jrxvvKa8zB" "Mozilla/5.0 (Windows NT 10.0; Win64; x64) AppleWebKit/537.36 (KHTML, like Gecko) Chrome/89.0.4389.82 Safari/537.36 - Virtuoso - spotqa.com/virtuoso - If this request is unexpected or unwelcome, please contact abuse@spotqa.com"
54.75.39.220 - - [25/Jun/2021:05:39:28 +0000] "GET /theme/Vanilla/img/info-icon.png HTTP/1.1" 200 925 "https://crpt.crucibleapp.com/theme/Vanilla/css/custom.css" "Mozilla/5.0 (Windows NT 10.0; Win64; x64) AppleWebKit/537.36 (KHTML, like Gecko) Chrome/89.0.4389.82 Safari/537.36 - Virtuoso - spotqa.com/virtuoso - If this request is unexpected or unwelcome, please contact abuse@spotqa.com"
52.50.189.105 - - [25/Jun/2021:05:39:29 +0000] "POST /crpts/assessments/cfa/cfaU4PIOm/EjqtViWWRzYjr/jrxvvKa8zB HTTP/1.1" 302 5 "https://crpt.crucibleapp.com/crpts/assessments/cfa/cfaU4PIOm/EjqtViWWRzYjr/jrxvvKa8zB" "Mozilla/5.0 (Windows NT 10.0; Win64; x64) AppleWebKit/537.36 (KHTML, like Gecko) Chrome/89.0.4389.82 Safari/537.36 - Virtuoso - spotqa.com/virtuoso - If this request is unexpected or unwelcome, please contact abuse@spotqa.com"
34.244.195.233 - - [25/Jun/2021:05:39:29 +0000] "GET /crpts/assessments/cfa/cfaU4PIOm/L7qqxb4ADDG4h/jrxvvKa8zB HTTP/1.1" 200 7841 "https://crpt.crucibleapp.com/crpts/assessments/cfa_instruction/cfaU4PIOm/L7qqxb4ADDG4h/jrxvvKa8zB" "Mozilla/5.0 (Windows NT 10.0; Win64; x64) AppleWebKit/537.36 (KHTML, like Gecko) Chrome/89.0.4389.82 Safari/537.36 - Virtuoso - spotqa.com/virtuoso - If this request is unexpected or unwelcome, please contact abuse@spotqa.com"
3.250.6.52 - - [25/Jun/2021:05:39:29 +0000] "GET /crpts/assessments/cfa/cfaU4PIOm/csxFpX66MEWic/jrxvvKa8zB HTTP/1.1" 200 7726 "https://crpt.crucibleapp.com/crpts/assessments/cfa/cfaU4PIOm/csxFpX66MEWic/jrxvvKa8zB" "Mozilla/5.0 (Windows NT 10.0; Win64; x64) AppleWebKit/537.36 (KHTML, like Gecko) Chrome/89.0.4389.82 Safari/537.36 - Virtuoso - spotqa.com/virtuoso - If this request is unexpected or unwelcome, please contact abuse@spotqa.com"
34.244.195.233 - - [25/Jun/2021:05:39:29 +0000] "GET /theme/Vanilla/img/sprite.png HTTP/1.1" 200 1947 "https://crpt.crucibleapp.com/theme/Vanilla/css/custom.css" "Mozilla/5.0 (Windows NT 10.0; Win64; x64) AppleWebKit/537.36 (KHTML, like Gecko) Chrome/89.0.4389.82 Safari/537.36 - Virtuoso - spotqa.com/virtuoso - If this request is unexpected or unwelcome, please contact abuse@spotqa.com"
88.98.48.161 - - [25/Jun/2021:05:39:29 +0000] "GET / HTTP/1.1" 302 5 "-" "Zabbix"
34.254.248.223 - - [25/Jun/2021:05:39:29 +0000] "GET /crpts/assessments/cfa/cfaU4PIOm/dmaC9QyYNwg6q/jrxvvKa8zB HTTP/1.1" 200 7789 "https://crpt.crucibleapp.com/crpts/assessments/cfa_instruction/cfaU4PIOm/dmaC9QyYNwg6q/jrxvvKa8zB" "Mozilla/5.0 (Windows NT 10.0; Win64; x64) AppleWebKit/537.36 (KHTML, like Gecko) Chrome/89.0.4389.82 Safari/537.36 - Virtuoso - spotqa.com/virtuoso - If this request is unexpected or unwelcome, please contact abuse@spotqa.com"
34.254.248.223 - - [25/Jun/2021:05:39:30 +0000] "GET /theme/Vanilla/img/info-icon.png HTTP/1.1" 200 925 "https://crpt.crucibleapp.com/theme/Vanilla/css/custom.css" "Mozilla/5.0 (Windows NT 10.0; Win64; x64) AppleWebKit/537.36 (KHTML, like Gecko) Chrome/89.0.4389.82 Safari/537.36 - Virtuoso - spotqa.com/virtuoso - If this request is unexpected or unwelcome, please contact abuse@spotqa.com"
2.31.143.53 - - [25/Jun/2021:05:39:30 +0000] "POST /crpts/assessments/cfa/cfaS4yyT6/ctvYJ7SzKzhD5/jryQnbWEsS HTTP/1.1" 302 5 "https://crpt.crucibleapp.com/crpts/assessments/cfa/cfaS4yyT6/ctvYJ7SzKzhD5/jryQnbWEsS" "Mozilla/5.0 (iPhone; CPU iPhone OS 14_6 like Mac OS X) AppleWebKit/605.1.15 (KHTML, like Gecko) Version/14.1.1 Mobile/15E148 Safari/604.1"
18.203.252.200 - - [25/Jun/2021:05:39:30 +0000] "POST /crpts/assessments/cfa/cfaU4PIOm/Pzn3NcStX9mcd/jrxvvKa8zB HTTP/1.1" 302 5 "https://crpt.crucibleapp.com/crpts/assessments/cfa/cfaU4PIOm/Pzn3NcStX9mcd/jrxvvKa8zB" "Mozilla/5.0 (Windows NT 10.0; Win64; x64) AppleWebKit/537.36 (KHTML, like Gecko) Chrome/89.0.4389.82 Safari/537.36 - Virtuoso - spotqa.com/virtuoso - If this request is unexpected or unwelcome, please contact abuse@spotqa.com"
10.10.0.25 - - [25/Jun/2021:05:39:31 +0000] "GET / HTTP/1.1" 302 5 "-" "ELB-HealthChecker/2.0"
54.75.39.220 - - [25/Jun/2021:05:39:31 +0000] "GET /crpts/assessments/cfa/cfaU4PIOm/gUCEEcqacpegK/jrxvvKa8zB HTTP/1.1" 200 7753 "https://crpt.crucibleapp.com/crpts/assessments/cfa/cfaU4PIOm/gUCEEcqacpegK/jrxvvKa8zB" "Mozilla/5.0 (Windows NT 10.0; Win64; x64) AppleWebKit/537.36 (KHTML, like Gecko) Chrome/89.0.4389.82 Safari/537.36 - Virtuoso - spotqa.com/virtuoso - If this request is unexpected or unwelcome, please contact abuse@spotqa.com"
34.254.222.39 - - [25/Jun/2021:05:39:31 +0000] "POST /crpts/assessments/cfa/cfaU4PIOm/WqjNPq7m7HudH/jrxvvKa8zB HTTP/1.1" 302 5 "https://crpt.crucibleapp.com/crpts/assessments/cfa/cfaU4PIOm/WqjNPq7m7HudH/jrxvvKa8zB" "Mozilla/5.0 (Windows NT 10.0; Win64; x64) AppleWebKit/537.36 (KHTML, like Gecko) Chrome/89.0.4389.82 Safari/537.36 - Virtuoso - spotqa.com/virtuoso - If this request is unexpected or unwelcome, please contact abuse@spotqa.com"
34.244.86.3 - - [25/Jun/2021:05:39:31 +0000] "GET /crpts/assessments/cfa_complete/cfaU4PIOm/jTsCanTXkTJ4U/jrxvvKa8zB HTTP/1.1" 200 5796 "https://crpt.crucibleapp.com/crpts/assessments/cfa/cfaU4PIOm/jTsCanTXkTJ4U/jrxvvKa8zB" "Mozilla/5.0 (Windows NT 10.0; Win64; x64) AppleWebKit/537.36 (KHTML, like Gecko) Chrome/89.0.4389.82 Safari/537.36 - Virtuoso - spotqa.com/virtuoso - If this request is unexpected or unwelcome, please contact abuse@spotqa.com"
34.244.195.233 - - [25/Jun/2021:05:39:32 +0000] "POST /crpts/assessments/cfa/cfaU4PIOm/L7qqxb4ADDG4h/jrxvvKa8zB HTTP/1.1" 302 5 "https://crpt.crucibleapp.com/crpts/assessments/cfa/cfaU4PIOm/L7qqxb4ADDG4h/jrxvvKa8zB" "Mozilla/5.0 (Windows NT 10.0; Win64; x64) AppleWebKit/537.36 (KHTML, like Gecko) Chrome/89.0.4389.82 Safari/537.36 - Virtuoso - spotqa.com/virtuoso - If this request is unexpected or unwelcome, please contact abuse@spotqa.com"
34.254.248.223 - - [25/Jun/2021:05:39:32 +0000] "POST /crpts/assessments/cfa/cfaU4PIOm/dmaC9QyYNwg6q/jrxvvKa8zB HTTP/1.1" 302 5 "https://crpt.crucibleapp.com/crpts/assessments/cfa/cfaU4PIOm/dmaC9QyYNwg6q/jrxvvKa8zB" "Mozilla/5.0 (Windows NT 10.0; Win64; x64) AppleWebKit/537.36 (KHTML, like Gecko) Chrome/89.0.4389.82 Safari/537.36 - Virtuoso - spotqa.com/virtuoso - If this request is unexpected or unwelcome, please contact abuse@spotqa.com"
3.248.197.187 - - [25/Jun/2021:05:39:33 +0000] "GET /crpts/assessments/cfa/cfaU4PIOm/m9U3Lrc6YwUHy/jrxvvKa8zB HTTP/1.1" 200 7779 "https://crpt.crucibleapp.com/crpts/assessments/cfa_instruction/cfaU4PIOm/m9U3Lrc6YwUHy/jrxvvKa8zB" "Mozilla/5.0 (Windows NT 10.0; Win64; x64) AppleWebKit/537.36 (KHTML, like Gecko) Chrome/89.0.4389.82 Safari/537.36 - Virtuoso - spotqa.com/virtuoso - If this request is unexpected or unwelcome, please contact abuse@spotqa.com"
3.248.197.187 - - [25/Jun/2021:05:39:33 +0000] "GET /js/assessments/back_button_disabled.js HTTP/1.1" 200 280 "https://crpt.crucibleapp.com/crpts/assessments/cfa/cfaU4PIOm/m9U3Lrc6YwUHy/jrxvvKa8zB" "Mozilla/5.0 (Windows NT 10.0; Win64; x64) AppleWebKit/537.36 (KHTML, like Gecko) Chrome/89.0.4389.82 Safari/537.36 - Virtuoso - spotqa.com/virtuoso - If this request is unexpected or unwelcome, please contact abuse@spotqa.com"
3.248.197.187 - - [25/Jun/2021:05:39:33 +0000] "GET /theme/Vanilla/img/progressBar.png HTTP/1.1" 200 1699 "https://crpt.crucibleapp.com/theme/Vanilla/css/custom.css" "Mozilla/5.0 (Windows NT 10.0; Win64; x64) AppleWebKit/537.36 (KHTML, like Gecko) Chrome/89.0.4389.82 Safari/537.36 - Virtuoso - spotqa.com/virtuoso - If this request is unexpected or unwelcome, please contact abuse@spotqa.com"
52.50.189.105 - - [25/Jun/2021:05:39:33 +0000] "POST /crpts/assessments/cfa/cfaU4PIOm/EjqtViWWRzYjr/jrxvvKa8zB HTTP/1.1" 302 5 "https://crpt.crucibleapp.com/crpts/assessments/cfa/cfaU4PIOm/EjqtViWWRzYjr/jrxvvKa8zB" "Mozilla/5.0 (Windows NT 10.0; Win64; x64) AppleWebKit/537.36 (KHTML, like Gecko) Chrome/89.0.4389.82 Safari/537.36 - Virtuoso - spotqa.com/virtuoso - If this request is unexpected or unwelcome, please contact abuse@spotqa.com"
2.31.143.53 - - [25/Jun/2021:05:39:33 +0000] "POST /crpts/assessments/cfa/cfaS4yyT6/ctvYJ7SzKzhD5/jryQnbWEsS HTTP/1.1" 302 5 "https://crpt.crucibleapp.com/crpts/assessments/cfa/cfaS4yyT6/ctvYJ7SzKzhD5/jryQnbWEsS" "Mozilla/5.0 (iPhone; CPU iPhone OS 14_6 like Mac OS X) AppleWebKit/605.1.15 (KHTML, like Gecko) Version/14.1.1 Mobile/15E148 Safari/604.1"
34.254.248.223 - - [25/Jun/2021:05:39:34 +0000] "GET /crpts/assessments/cfa/cfaU4PIOm/dmaC9QyYNwg6q/jrxvvKa8zB HTTP/1.1" 200 7791 "https://crpt.crucibleapp.com/crpts/assessments/cfa/cfaU4PIOm/dmaC9QyYNwg6q/jrxvvKa8zB" "Mozilla/5.0 (Windows NT 10.0; Win64; x64) AppleWebKit/537.36 (KHTML, like Gecko) Chrome/89.0.4389.82 Safari/537.36 - Virtuoso - spotqa.com/virtuoso - If this request is unexpected or unwelcome, please contact abuse@spotqa.com"
10.10.0.238 - - [25/Jun/2021:05:39:34 +0000] "GET / HTTP/1.1" 302 5 "-" "ELB-HealthChecker/2.0"
3.250.6.52 - - [25/Jun/2021:05:39:35 +0000] "GET /crpts/assessments/cfa/cfaU4PIOm/csxFpX66MEWic/jrxvvKa8zB HTTP/1.1" 200 7188 "https://crpt.crucibleapp.com/crpts/assessments/cfa/cfaU4PIOm/csxFpX66MEWic/jrxvvKa8zB" "Mozilla/5.0 (Windows NT 10.0; Win64; x64) AppleWebKit/537.36 (KHTML, like Gecko) Chrome/89.0.4389.82 Safari/537.36 - Virtuoso - spotqa.com/virtuoso - If this request is unexpected or unwelcome, please contact abuse@spotqa.com"
176.251.165.45 - - [25/Jun/2021:05:39:36 +0000] "POST /crpts/assessments/cfa/cfaS4yyT6/tkactQKDt7xq3/jryQnbWEsS HTTP/1.1" 302 5 "https://crpt.crucibleapp.com/crpts/assessments/cfa/cfaS4yyT6/tkactQKDt7xq3/jryQnbWEsS" "Mozilla/5.0 (Linux; Android 11; SAMSUNG SM-G996B) AppleWebKit/537.36 (KHTML, like Gecko) SamsungBrowser/14.0 Chrome/87.0.4280.141 Mobile Safari/537.36"
54.75.39.220 - - [25/Jun/2021:05:39:36 +0000] "POST /crpts/assessments/cfa/cfaU4PIOm/gUCEEcqacpegK/jrxvvKa8zB HTTP/1.1" 302 5 "https://crpt.crucibleapp.com/crpts/assessments/cfa/cfaU4PIOm/gUCEEcqacpegK/jrxvvKa8zB" "Mozilla/5.0 (Windows NT 10.0; Win64; x64) AppleWebKit/537.36 (KHTML, like Gecko) Chrome/89.0.4389.82 Safari/537.36 - Virtuoso - spotqa.com/virtuoso - If this request is unexpected or unwelcome, please contact abuse@spotqa.com"
3.248.197.187 - - [25/Jun/2021:05:39:36 +0000] "POST /crpts/assessments/cfa/cfaU4PIOm/m9U3Lrc6YwUHy/jrxvvKa8zB HTTP/1.1" 302 5 "https://crpt.crucibleapp.com/crpts/assessments/cfa/cfaU4PIOm/m9U3Lrc6YwUHy/jrxvvKa8zB" "Mozilla/5.0 (Windows NT 10.0; Win64; x64) AppleWebKit/537.36 (KHTML, like Gecko) Chrome/89.0.4389.82 Safari/537.36 - Virtuoso - spotqa.com/virtuoso - If this request is unexpected or unwelcome, please contact abuse@spotqa.com"
54.194.137.243 - - [25/Jun/2021:05:39:36 +0000] "GET /crpts/assessments/rpa/rparuTZRQ/MVD4PDmehtUrC/jrxvvKa8zB HTTP/1.1" 200 8037 "https://crpt.crucibleapp.com/crpts/assessments/rpa_instruction/rparuTZRQ/MVD4PDmehtUrC/jrxvvKa8zB" "Mozilla/5.0 (Windows NT 10.0; Win64; x64) AppleWebKit/537.36 (KHTML, like Gecko) Chrome/89.0.4389.82 Safari/537.36 - Virtuoso - spotqa.com/virtuoso - If this request is unexpected or unwelcome, please contact abuse@spotqa.com"
54.194.137.243 - - [25/Jun/2021:05:39:36 +0000] "GET /theme/Vanilla/css/forced-rpa.css HTTP/1.1" 200 216 "https://crpt.crucibleapp.com/crpts/assessments/rpa/rparuTZRQ/MVD4PDmehtUrC/jrxvvKa8zB" "Mozilla/5.0 (Windows NT 10.0; Win64; x64) AppleWebKit/537.36 (KHTML, like Gecko) Chrome/89.0.4389.82 Safari/537.36 - Virtuoso - spotqa.com/virtuoso - If this request is unexpected or unwelcome, please contact abuse@spotqa.com"
45.146.165.123 - - [25/Jun/2021:05:39:36 +0000] "POST /vendor/phpunit/phpunit/src/Util/PHP/eval-stdin.php HTTP/1.1" 301 162 "-" "Mozilla/5.0 (Windows NT 10.0; Win64; x64) AppleWebKit/537.36 (KHTML, like Gecko) Chrome/78.0.3904.108 Safari/537.36"
45.146.165.123 - - [25/Jun/2021:05:39:36 +0000] "GET /solr/admin/info/system?wt=json HTTP/1.1" 301 162 "-" "Mozilla/5.0 (Windows NT 10.0; Win64; x64) AppleWebKit/537.36 (KHTML, like Gecko) Chrome/78.0.3904.108 Safari/537.36"
45.146.165.123 - - [25/Jun/2021:05:39:37 +0000] "GET /?XDEBUG_SESSION_START=phpstorm HTTP/1.1" 301 162 "-" "Mozilla/5.0 (Windows NT 10.0; Win64; x64) AppleWebKit/537.36 (KHTML, like Gecko) Chrome/78.0.3904.108 Safari/537.36"
34.254.248.223 - - [25/Jun/2021:05:39:37 +0000] "POST /crpts/assessments/cfa/cfaU4PIOm/dmaC9QyYNwg6q/jrxvvKa8zB HTTP/1.1" 302 5 "https://crpt.crucibleapp.com/crpts/assessments/cfa/cfaU4PIOm/dmaC9QyYNwg6q/jrxvvKa8zB" "Mozilla/5.0 (Windows NT 10.0; Win64; x64) AppleWebKit/537.36 (KHTML, like Gecko) Chrome/89.0.4389.82 Safari/537.36 - Virtuoso - spotqa.com/virtuoso - If this request is unexpected or unwelcome, please contact abuse@spotqa.com"
45.146.165.123 - - [25/Jun/2021:05:39:37 +0000] "GET /_ignition/execute-solution HTTP/1.1" 301 162 "-" "Mozilla/5.0 (Windows NT 10.0; Win64; x64) AppleWebKit/537.36 (KHTML, like Gecko) Chrome/78.0.3904.108 Safari/537.36"
34.244.86.3 - - [25/Jun/2021:05:39:37 +0000] "GET /js/assessments/rpa.js HTTP/1.1" 200 1388 "https://crpt.crucibleapp.com/crpts/assessments/rpa/rparuTZRQ/vdSPxhRVAHznS/jrxvvKa8zB" "Mozilla/5.0 (Windows NT 10.0; Win64; x64) AppleWebKit/537.36 (KHTML, like Gecko) Chrome/89.0.4389.82 Safari/537.36 - Virtuoso - spotqa.com/virtuoso - If this request is unexpected or unwelcome, please contact abuse@spotqa.com"
10.10.10.65 - - [25/Jun/2021:05:39:38 +0000] "GET / HTTP/1.1" 302 5 "-" "ELB-HealthChecker/2.0"
2.31.143.53 - - [25/Jun/2021:05:39:38 +0000] "GET /crpts/assessments/cfa/cfaS4yyT6/ctvYJ7SzKzhD5/jryQnbWEsS HTTP/1.1" 200 3725 "https://crpt.crucibleapp.com/crpts/assessments/cfa/cfaS4yyT6/ctvYJ7SzKzhD5/jryQnbWEsS" "Mozilla/5.0 (iPhone; CPU iPhone OS 14_6 like Mac OS X) AppleWebKit/605.1.15 (KHTML, like Gecko) Version/14.1.1 Mobile/15E148 Safari/604.1"
34.244.195.233 - - [25/Jun/2021:05:39:38 +0000] "POST /crpts/assessments/cfa/cfaU4PIOm/L7qqxb4ADDG4h/jrxvvKa8zB HTTP/1.1" 302 5 "https://crpt.crucibleapp.com/crpts/assessments/cfa/cfaU4PIOm/L7qqxb4ADDG4h/jrxvvKa8zB" "Mozilla/5.0 (Windows NT 10.0; Win64; x64) AppleWebKit/537.36 (KHTML, like Gecko) Chrome/89.0.4389.82 Safari/537.36 - Virtuoso - spotqa.com/virtuoso - If this request is unexpected or unwelcome, please contact abuse@spotqa.com"
54.75.39.220 - - [25/Jun/2021:05:39:38 +0000] "POST /crpts/assessments/cfa/cfaU4PIOm/gUCEEcqacpegK/jrxvvKa8zB HTTP/1.1" 302 5 "https://crpt.crucibleapp.com/crpts/assessments/cfa/cfaU4PIOm/gUCEEcqacpegK/jrxvvKa8zB" "Mozilla/5.0 (Windows NT 10.0; Win64; x64) AppleWebKit/537.36 (KHTML, like Gecko) Chrome/89.0.4389.82 Safari/537.36 - Virtuoso - spotqa.com/virtuoso - If this request is unexpected or unwelcome, please contact abuse@spotqa.com"
10.10.40.22 - - [25/Jun/2021:05:39:39 +0000] "GET / HTTP/1.1" 302 5 "-" "ELB-HealthChecker/2.0"
34.254.222.39 - - [25/Jun/2021:05:39:39 +0000] "GET /crpts/assessments/rpa/rparuTZRQ/bgYFT3U5Sm6dh/jrxvvKa8zB HTTP/1.1" 200 8006 "https://crpt.crucibleapp.com/crpts/assessments/rpa_instruction/rparuTZRQ/bgYFT3U5Sm6dh/jrxvvKa8zB" "Mozilla/5.0 (Windows NT 10.0; Win64; x64) AppleWebKit/537.36 (KHTML, like Gecko) Chrome/89.0.4389.82 Safari/537.36 - Virtuoso - spotqa.com/virtuoso - If this request is unexpected or unwelcome, please contact abuse@spotqa.com"
34.254.222.39 - - [25/Jun/2021:05:39:39 +0000] "GET /js/assessments/rpa.js HTTP/1.1" 200 1388 "https://crpt.crucibleapp.com/crpts/assessments/rpa/rparuTZRQ/bgYFT3U5Sm6dh/jrxvvKa8zB" "Mozilla/5.0 (Windows NT 10.0; Win64; x64) AppleWebKit/537.36 (KHTML, like Gecko) Chrome/89.0.4389.82 Safari/537.36 - Virtuoso - spotqa.com/virtuoso - If this request is unexpected or unwelcome, please contact abuse@spotqa.com"
3.248.197.187 - - [25/Jun/2021:05:39:39 +0000] "GET /crpts/assessments/cfa/cfaU4PIOm/m9U3Lrc6YwUHy/jrxvvKa8zB HTTP/1.1" 200 7759 "https://crpt.crucibleapp.com/crpts/assessments/cfa/cfaU4PIOm/m9U3Lrc6YwUHy/jrxvvKa8zB" "Mozilla/5.0 (Windows NT 10.0; Win64; x64) AppleWebKit/537.36 (KHTML, like Gecko) Chrome/89.0.4389.82 Safari/537.36 - Virtuoso - spotqa.com/virtuoso - If this request is unexpected or unwelcome, please contact abuse@spotqa.com"
34.244.195.233 - - [25/Jun/2021:05:39:40 +0000] "GET /crpts/assessments/cfa_complete/cfaU4PIOm/L7qqxb4ADDG4h/jrxvvKa8zB HTTP/1.1" 200 5795 "https://crpt.crucibleapp.com/crpts/assessments/cfa/cfaU4PIOm/L7qqxb4ADDG4h/jrxvvKa8zB" "Mozilla/5.0 (Windows NT 10.0; Win64; x64) AppleWebKit/537.36 (KHTML, like Gecko) Chrome/89.0.4389.82 Safari/537.36 - Virtuoso - spotqa.com/virtuoso - If this request is unexpected or unwelcome, please contact abuse@spotqa.com"
45.146.165.123 - - [25/Jun/2021:05:39:41 +0000] "GET /vendor/phpunit/phpunit/src/Util/PHP/eval-stdin.php HTTP/1.1" 404 1384 "http://34.252.231.252:80/vendor/phpunit/phpunit/src/Util/PHP/eval-stdin.php" "Mozilla/5.0 (Windows NT 10.0; Win64; x64) AppleWebKit/537.36 (KHTML, like Gecko) Chrome/78.0.3904.108 Safari/537.36"
3.250.6.52 - - [25/Jun/2021:05:39:41 +0000] "GET /crpts/assessments/rpa_instruction/rparuTZRQ/HMnUtFdajV5k7/jrxvvKa8zB HTTP/1.1" 200 5621 "https://crpt.crucibleapp.com/crpts/assessments/cfa_complete/cfaU4PIOm/csxFpX66MEWic/jrxvvKa8zB" "Mozilla/5.0 (Windows NT 10.0; Win64; x64) AppleWebKit/537.36 (KHTML, like Gecko) Chrome/89.0.4389.82 Safari/537.36 - Virtuoso - spotqa.com/virtuoso - If this request is unexpected or unwelcome, please contact abuse@spotqa.com"
54.75.39.220 - - [25/Jun/2021:05:39:41 +0000] "GET /crpts/assessments/rpa_instruction/rparuTZRQ/6NFs4dFncatpH/jrxvvKa8zB HTTP/1.1" 200 5621 "https://crpt.crucibleapp.com/crpts/assessments/cfa_complete/cfaU4PIOm/gUCEEcqacpegK/jrxvvKa8zB" "Mozilla/5.0 (Windows NT 10.0; Win64; x64) AppleWebKit/537.36 (KHTML, like Gecko) Chrome/89.0.4389.82 Safari/537.36 - Virtuoso - spotqa.com/virtuoso - If this request is unexpected or unwelcome, please contact abuse@spotqa.com"
52.50.189.105 - - [25/Jun/2021:05:39:41 +0000] "GET /crpts/assessments/rpa/rparuTZRQ/hpXLwcPPLGkas/jrxvvKa8zB HTTP/1.1" 200 8003 "https://crpt.crucibleapp.com/crpts/assessments/rpa_instruction/rparuTZRQ/hpXLwcPPLGkas/jrxvvKa8zB" "Mozilla/5.0 (Windows NT 10.0; Win64; x64) AppleWebKit/537.36 (KHTML, like Gecko) Chrome/89.0.4389.82 Safari/537.36 - Virtuoso - spotqa.com/virtuoso - If this request is unexpected or unwelcome, please contact abuse@spotqa.com"
2.31.143.53 - - [25/Jun/2021:05:39:42 +0000] "POST /crpts/assessments/cfa/cfaS4yyT6/ctvYJ7SzKzhD5/jryQnbWEsS HTTP/1.1" 302 5 "https://crpt.crucibleapp.com/crpts/assessments/cfa/cfaS4yyT6/ctvYJ7SzKzhD5/jryQnbWEsS" "Mozilla/5.0 (iPhone; CPU iPhone OS 14_6 like Mac OS X) AppleWebKit/605.1.15 (KHTML, like Gecko) Version/14.1.1 Mobile/15E148 Safari/604.1"
45.146.165.123 - - [25/Jun/2021:05:39:43 +0000] "GET /index.php?s=/Index/\x5Cthink\x5Capp/invokefunction&function=call_user_func_array&vars[0]=md5&vars[1][]=HelloThinkPHP21 HTTP/1.1" 302 5 "http://34.252.231.252:80/index.php?s=/Index/\x5Cthink\x5Capp/invokefunction&function=call_user_func_array&vars[0]=md5&vars[1][]=HelloThinkPHP21" "Mozilla/5.0 (Windows NT 10.0; Win64; x64) AppleWebKit/537.36 (KHTML, like Gecko) Chrome/78.0.3904.108 Safari/537.36"
34.244.195.233 - - [25/Jun/2021:05:39:43 +0000] "GET /crpts/assessments/rpa_instruction/rparuTZRQ/3nGTWfD5sv5Gg/jrxvvKa8zB HTTP/1.1" 200 5622 "https://crpt.crucibleapp.com/crpts/assessments/cfa_complete/cfaU4PIOm/L7qqxb4ADDG4h/jrxvvKa8zB" "Mozilla/5.0 (Windows NT 10.0; Win64; x64) AppleWebKit/537.36 (KHTML, like Gecko) Chrome/89.0.4389.82 Safari/537.36 - Virtuoso - spotqa.com/virtuoso - If this request is unexpected or unwelcome, please contact abuse@spotqa.com"
54.75.39.220 - - [25/Jun/2021:05:39:44 +0000] "GET /theme/Vanilla/css/forced-rpa.css HTTP/1.1" 200 216 "https://crpt.crucibleapp.com/crpts/assessments/rpa/rparuTZRQ/6NFs4dFncatpH/jrxvvKa8zB" "Mozilla/5.0 (Windows NT 10.0; Win64; x64) AppleWebKit/537.36 (KHTML, like Gecko) Chrome/89.0.4389.82 Safari/537.36 - Virtuoso - spotqa.com/virtuoso - If this request is unexpected or unwelcome, please contact abuse@spotqa.com"
3.250.6.52 - - [25/Jun/2021:05:39:44 +0000] "GET /theme/Vanilla/css/forced-rpa.css HTTP/1.1" 200 216 "https://crpt.crucibleapp.com/crpts/assessments/rpa/rparuTZRQ/HMnUtFdajV5k7/jrxvvKa8zB" "Mozilla/5.0 (Windows NT 10.0; Win64; x64) AppleWebKit/537.36 (KHTML, like Gecko) Chrome/89.0.4389.82 Safari/537.36 - Virtuoso - spotqa.com/virtuoso - If this request is unexpected or unwelcome, please contact abuse@spotqa.com"
34.254.248.223 - - [25/Jun/2021:05:39:46 +0000] "GET /theme/Vanilla/css/forced-rpa.css HTTP/1.1" 200 216 "https://crpt.crucibleapp.com/crpts/assessments/rpa/rparuTZRQ/bEeiibbtiRqvc/jrxvvKa8zB" "Mozilla/5.0 (Windows NT 10.0; Win64; x64) AppleWebKit/537.36 (KHTML, like Gecko) Chrome/89.0.4389.82 Safari/537.36 - Virtuoso - spotqa.com/virtuoso - If this request is unexpected or unwelcome, please contact abuse@spotqa.com"
10.10.0.25 - - [25/Jun/2021:05:39:46 +0000] "GET / HTTP/1.1" 302 5 "-" "ELB-HealthChecker/2.0"
34.244.195.233 - - [25/Jun/2021:05:39:47 +0000] "GET /crpts/assessments/rpa/rparuTZRQ/3nGTWfD5sv5Gg/jrxvvKa8zB HTTP/1.1" 200 8006 "https://crpt.crucibleapp.com/crpts/assessments/rpa_instruction/rparuTZRQ/3nGTWfD5sv5Gg/jrxvvKa8zB" "Mozilla/5.0 (Windows NT 10.0; Win64; x64) AppleWebKit/537.36 (KHTML, like Gecko) Chrome/89.0.4389.82 Safari/537.36 - Virtuoso - spotqa.com/virtuoso - If this request is unexpected or unwelcome, please contact abuse@spotqa.com"
176.251.165.45 - - [25/Jun/2021:05:39:49 +0000] "POST /crpts/assessments/cfa/cfaS4yyT6/tkactQKDt7xq3/jryQnbWEsS HTTP/1.1" 302 5 "https://crpt.crucibleapp.com/crpts/assessments/cfa/cfaS4yyT6/tkactQKDt7xq3/jryQnbWEsS" "Mozilla/5.0 (Linux; Android 11; SAMSUNG SM-G996B) AppleWebKit/537.36 (KHTML, like Gecko) SamsungBrowser/14.0 Chrome/87.0.4280.141 Mobile Safari/537.36"
10.10.0.238 - - [25/Jun/2021:05:39:49 +0000] "GET / HTTP/1.1" 302 5 "-" "ELB-HealthChecker/2.0"
3.248.197.187 - - [25/Jun/2021:05:39:51 +0000] "GET /theme/Vanilla/css/forced-rpa.css HTTP/1.1" 200 216 "https://crpt.crucibleapp.com/crpts/assessments/rpa/rparuTZRQ/4CKkysLNcTDfT/jrxvvKa8zB" "Mozilla/5.0 (Windows NT 10.0; Win64; x64) AppleWebKit/537.36 (KHTML, like Gecko) Chrome/89.0.4389.82 Safari/537.36 - Virtuoso - spotqa.com/virtuoso - If this request is unexpected or unwelcome, please contact abuse@spotqa.com"
45.146.165.123 - - [25/Jun/2021:05:39:52 +0000] "GET /vendor/phpunit/phpunit/src/Util/PHP/eval-stdin.php HTTP/1.1" 404 1384 "http://34.252.231.252:80/vendor/phpunit/phpunit/src/Util/PHP/eval-stdin.php" "Mozilla/5.0 (Windows NT 10.0; Win64; x64) AppleWebKit/537.36 (KHTML, like Gecko) Chrome/78.0.3904.108 Safari/537.36"
10.10.10.65 - - [25/Jun/2021:05:39:53 +0000] "GET / HTTP/1.1" 302 5 "-" "ELB-HealthChecker/2.0"
2.31.143.53 - - [25/Jun/2021:05:39:53 +0000] "GET /crpts/assessments/cfa/cfaS4yyT6/ctvYJ7SzKzhD5/jryQnbWEsS HTTP/1.1" 200 3723 "https://crpt.crucibleapp.com/crpts/assessments/cfa/cfaS4yyT6/ctvYJ7SzKzhD5/jryQnbWEsS" "Mozilla/5.0 (iPhone; CPU iPhone OS 14_6 like Mac OS X) AppleWebKit/605.1.15 (KHTML, like Gecko) Version/14.1.1 Mobile/15E148 Safari/604.1"
10.10.40.22 - - [25/Jun/2021:05:39:54 +0000] "GET / HTTP/1.1" 302 5 "-" "ELB-HealthChecker/2.0"
2.31.143.53 - - [25/Jun/2021:05:39:56 +0000] "POST /crpts/assessments/cfa/cfaS4yyT6/ctvYJ7SzKzhD5/jryQnbWEsS HTTP/1.1" 302 5 "https://crpt.crucibleapp.com/crpts/assessments/cfa/cfaS4yyT6/ctvYJ7SzKzhD5/jryQnbWEsS" "Mozilla/5.0 (iPhone; CPU iPhone OS 14_6 like Mac OS X) AppleWebKit/605.1.15 (KHTML, like Gecko) Version/14.1.1 Mobile/15E148 Safari/604.1"
54.194.137.243 - - [25/Jun/2021:05:39:56 +0000] "POST /crpts/assessments/rpa/rparuTZRQ/MVD4PDmehtUrC/jrxvvKa8zB HTTP/1.1" 302 5 "https://crpt.crucibleapp.com/crpts/assessments/rpa/rparuTZRQ/MVD4PDmehtUrC/jrxvvKa8zB" "Mozilla/5.0 (Windows NT 10.0; Win64; x64) AppleWebKit/537.36 (KHTML, like Gecko) Chrome/89.0.4389.82 Safari/537.36 - Virtuoso - spotqa.com/virtuoso - If this request is unexpected or unwelcome, please contact abuse@spotqa.com"
18.203.252.200 - - [25/Jun/2021:05:39:56 +0000] "GET /crpts/assessments/rpa/rparuTZRQ/uXLzvjvizmJXh/jrxvvKa8zB HTTP/1.1" 200 8018 "https://crpt.crucibleapp.com/crpts/assessments/rpa/rparuTZRQ/uXLzvjvizmJXh/jrxvvKa8zB" "Mozilla/5.0 (Windows NT 10.0; Win64; x64) AppleWebKit/537.36 (KHTML, like Gecko) Chrome/89.0.4389.82 Safari/537.36 - Virtuoso - spotqa.com/virtuoso - If this request is unexpected or unwelcome, please contact abuse@spotqa.com"
45.146.165.123 - - [25/Jun/2021:05:39:57 +0000] "GET /Autodiscover/Autodiscover.xml HTTP/1.1" 404 1367 "http://34.252.231.252:80/Autodiscover/Autodiscover.xml" "Mozilla/5.0 (Windows NT 10.0; Win64; x64) AppleWebKit/537.36 (KHTML, like Gecko) Chrome/78.0.3904.108 Safari/537.36"
34.244.86.3 - - [25/Jun/2021:05:39:57 +0000] "POST /crpts/assessments/rpa/rparuTZRQ/vdSPxhRVAHznS/jrxvvKa8zB HTTP/1.1" 302 5 "https://crpt.crucibleapp.com/crpts/assessments/rpa/rparuTZRQ/vdSPxhRVAHznS/jrxvvKa8zB" "Mozilla/5.0 (Windows NT 10.0; Win64; x64) AppleWebKit/537.36 (KHTML, like Gecko) Chrome/89.0.4389.82 Safari/537.36 - Virtuoso - spotqa.com/virtuoso - If this request is unexpected or unwelcome, please contact abuse@spotqa.com"
34.254.222.39 - - [25/Jun/2021:05:39:59 +0000] "GET /crpts/assessments/rpa/rparuTZRQ/bgYFT3U5Sm6dh/jrxvvKa8zB HTTP/1.1" 200 7999 "https://crpt.crucibleapp.com/crpts/assessments/rpa/rparuTZRQ/bgYFT3U5Sm6dh/jrxvvKa8zB" "Mozilla/5.0 (Windows NT 10.0; Win64; x64) AppleWebKit/537.36 (KHTML, like Gecko) Chrome/89.0.4389.82 Safari/537.36 - Virtuoso - spotqa.com/virtuoso - If this request is unexpected or unwelcome, please contact abuse@spotqa.com"
10.10.0.25 - - [25/Jun/2021:05:40:01 +0000] "GET / HTTP/1.1" 302 5 "-" "ELB-HealthChecker/2.0"
52.50.189.105 - - [25/Jun/2021:05:40:01 +0000] "POST /crpts/assessments/rpa/rparuTZRQ/hpXLwcPPLGkas/jrxvvKa8zB HTTP/1.1" 302 5 "https://crpt.crucibleapp.com/crpts/assessments/rpa/rparuTZRQ/hpXLwcPPLGkas/jrxvvKa8zB" "Mozilla/5.0 (Windows NT 10.0; Win64; x64) AppleWebKit/537.36 (KHTML, like Gecko) Chrome/89.0.4389.82 Safari/537.36 - Virtuoso - spotqa.com/virtuoso - If this request is unexpected or unwelcome, please contact abuse@spotqa.com"
176.251.165.45 - - [25/Jun/2021:05:40:03 +0000] "GET /crpts/assessments/cfa/cfaS4yyT6/tkactQKDt7xq3/jryQnbWEsS HTTP/1.1" 200 3721 "https://crpt.crucibleapp.com/crpts/assessments/cfa/cfaS4yyT6/tkactQKDt7xq3/jryQnbWEsS" "Mozilla/5.0 (Linux; Android 11; SAMSUNG SM-G996B) AppleWebKit/537.36 (KHTML, like Gecko) SamsungBrowser/14.0 Chrome/87.0.4280.141 Mobile Safari/537.36"
54.75.39.220 - - [25/Jun/2021:05:40:03 +0000] "POST /crpts/assessments/rpa/rparuTZRQ/6NFs4dFncatpH/jrxvvKa8zB HTTP/1.1" 302 5 "https://crpt.crucibleapp.com/crpts/assessments/rpa/rparuTZRQ/6NFs4dFncatpH/jrxvvKa8zB" "Mozilla/5.0 (Windows NT 10.0; Win64; x64) AppleWebKit/537.36 (KHTML, like Gecko) Chrome/89.0.4389.82 Safari/537.36 - Virtuoso - spotqa.com/virtuoso - If this request is unexpected or unwelcome, please contact abuse@spotqa.com"
10.10.0.238 - - [25/Jun/2021:05:40:04 +0000] "GET / HTTP/1.1" 302 5 "-" "ELB-HealthChecker/2.0"
68.227.124.104 - - [25/Jun/2021:05:40:05 +0000] "POST /crpts/assessments/cfa/cfalA3rL7/GJuuQSh7hEXe5/jr7pVpOqlH HTTP/1.1" 302 5 "https://crpt.crucibleapp.com/crpts/assessments/cfa/cfalA3rL7/GJuuQSh7hEXe5/jr7pVpOqlH" "Mozilla/5.0 (Macintosh; Intel Mac OS X 10_13_6) AppleWebKit/605.1.15 (KHTML, like Gecko) Version/12.0.3 Safari/605.1.15"
34.254.248.223 - - [25/Jun/2021:05:40:06 +0000] "POST /crpts/assessments/rpa/rparuTZRQ/bEeiibbtiRqvc/jrxvvKa8zB HTTP/1.1" 302 5 "https://crpt.crucibleapp.com/crpts/assessments/rpa/rparuTZRQ/bEeiibbtiRqvc/jrxvvKa8zB" "Mozilla/5.0 (Windows NT 10.0; Win64; x64) AppleWebKit/537.36 (KHTML, like Gecko) Chrome/89.0.4389.82 Safari/537.36 - Virtuoso - spotqa.com/virtuoso - If this request is unexpected or unwelcome, please contact abuse@spotqa.com"
3.250.6.52 - - [25/Jun/2021:05:40:07 +0000] "POST /crpts/assessments/rpa/rparuTZRQ/HMnUtFdajV5k7/jrxvvKa8zB HTTP/1.1" 302 5 "https://crpt.crucibleapp.com/crpts/assessments/rpa/rparuTZRQ/HMnUtFdajV5k7/jrxvvKa8zB" "Mozilla/5.0 (Windows NT 10.0; Win64; x64) AppleWebKit/537.36 (KHTML, like Gecko) Chrome/89.0.4389.82 Safari/537.36 - Virtuoso - spotqa.com/virtuoso - If this request is unexpected or unwelcome, please contact abuse@spotqa.com"
10.10.10.65 - - [25/Jun/2021:05:40:08 +0000] "GET / HTTP/1.1" 302 5 "-" "ELB-HealthChecker/2.0"
10.10.40.22 - - [25/Jun/2021:05:40:09 +0000] "GET / HTTP/1.1" 302 5 "-" "ELB-HealthChecker/2.0"
